04-25 23:33:23.206  1018  4332 I InputDispatcher: setInputWindows displayId=0 Window{696f6f2 mode=1 rootTaskId=1 u0 RoundCorner} Window{31c7cb7 mode=1 rootTaskId=1 u0 RoundCorner} Window{2be8613 mode=1 rootTaskId=1 u0 NavigationBar0} Window{71864b6 mode=1 rootTaskId=1 u0 control_center} Window{4d87a44 mode=1 rootTaskId=1 u0 StatusBar} Window{2ccba25 mode=1 rootTaskId=794 u0 com.digitalindeed.converter/com.digitalindeed.converter.NewMainActivity} Window{6bf4cd3 mode=1 rootTaskId=1 u0 com.miui.miwallpaper.wallpaperservice.MiuiKeyguardPictorialWallpaper} Window{3bf6bc9 mode=1 rootTaskId=1 u0 com.miui.miwallpaper.wallpaperservice.ImageWallpaper}
04-25 23:33:23.209  1063  1471 V installd: DexInv: --- END '/data/user/0/com.digitalindeed.converter/app_pccache/5/F74702BF34192D1A3F4EA4AD3CF80A7123FA1C44/pcam.jar' (success) ---
04-25 23:33:23.211  1018  4344 D com.android.server.pm.PackageManagerServiceInjector: Run dexopt on: /data/user/0/com.digitalindeed.converter/app_pccache/5/F74702BF34192D1A3F4EA4AD3CF80A7123FA1C44/pcam.jar, because top-app{com.digitalindeed.converter} loading it. Dexopt result: DEX_OPT_PERFORMED
04-25 23:33:24.053   683  2160 I BufferQueueProducer: [com.digitalindeed.converter/com.digitalindeed.converter.NewMainActivity#0](this:0xb40000700637bc58,id:295,api:1,p:11229,c:683) queueBuffer: fps=7.39 dur=1082.78 max=894.45 min=11.24
04-25 23:33:25.026   683  2160 I SurfaceFlinger: [SF client] NEW(0xb400007015693000) for (11229:com.digitalindeed.converter)
04-25 23:33:25.031  1018  1747 W WindowManager: Changing focus fromWindow{2ccba25 mode=1 rootTaskId=794 u0 com.digitalindeed.converter/com.digitalindeed.converter.NewMainActivity} to Window{5e5220f mode=1 rootTaskId=794 u0 PopupWindow:bf1d5bb} displayId=0 Callers=com.android.server.wm.RootWindowContainer.updateFocusedWindowLocked:470 com.android.server.wm.WindowManagerService.updateFocusedWindowLocked:6045 com.android.server.wm.WindowManagerService.addWindow:1923 com.android.server.wm.Session.addToDisplayAsUser:176
04-25 23:33:25.043  1018  1876 I InputDispatcher: setInputWindows displayId=0 Window{696f6f2 mode=1 rootTaskId=1 u0 RoundCorner} Window{31c7cb7 mode=1 rootTaskId=1 u0 RoundCorner} Window{2be8613 mode=1 rootTaskId=1 u0 NavigationBar0} Window{71864b6 mode=1 rootTaskId=1 u0 control_center} Window{4d87a44 mode=1 rootTaskId=1 u0 StatusBar} Window{2ccba25 mode=1 rootTaskId=794 u0 com.digitalindeed.converter/com.digitalindeed.converter.NewMainActivity} Window{6bf4cd3 mode=1 rootTaskId=1 u0 com.miui.miwallpaper.wallpaperservice.MiuiKeyguardPictorialWallpaper} Window{3bf6bc9 mode=1 rootTaskId=1 u0 com.miui.miwallpaper.wallpaperservice.ImageWallpaper}
04-25 23:33:25.060  1018  1747 I InputDispatcher: setInputWindows displayId=0 Window{696f6f2 mode=1 rootTaskId=1 u0 RoundCorner} Window{31c7cb7 mode=1 rootTaskId=1 u0 RoundCorner} Window{2be8613 mode=1 rootTaskId=1 u0 NavigationBar0} Window{71864b6 mode=1 rootTaskId=1 u0 control_center} Window{4d87a44 mode=1 rootTaskId=1 u0 StatusBar} PopupWindow:bf1d5bb#0 Window{2ccba25 mode=1 rootTaskId=794 u0 com.digitalindeed.converter/com.digitalindeed.converter.NewMainActivity} Window{6bf4cd3 mode=1 rootTaskId=1 u0 com.miui.miwallpaper.wallpaperservice.MiuiKeyguardPictorialWallpaper} Window{3bf6bc9 mode=1 rootTaskId=1 u0 com.miui.miwallpaper.wallpaperservice.ImageWallpaper}
04-25 23:33:25.060  1018  1747 I InputDispatcher: Focus left window: Window{2ccba25 mode=1 rootTaskId=794 u0 com.digitalindeed.converter/com.digitalindeed.converter.NewMainActivity} in display 0
04-25 23:33:25.068   683  2160 I BufferQueueProducer: [com.digitalindeed.converter/com.digitalindeed.converter.NewMainActivity#0](this:0xb40000700637bc58,id:295,api:1,p:11229,c:683) queueBuffer: fps=18.71 dur=1015.50 max=709.08 min=14.56
04-25 23:33:25.078  1018  1747 I InputDispatcher: setInputWindows displayId=0 Window{696f6f2 mode=1 rootTaskId=1 u0 RoundCorner} Window{31c7cb7 mode=1 rootTaskId=1 u0 RoundCorner} Window{2be8613 mode=1 rootTaskId=1 u0 NavigationBar0} Window{71864b6 mode=1 rootTaskId=1 u0 control_center} Window{4d87a44 mode=1 rootTaskId=1 u0 StatusBar} Window{5e5220f mode=1 rootTaskId=794 u0 PopupWindow:bf1d5bb} Window{2ccba25 mode=1 rootTaskId=794 u0 com.digitalindeed.converter/com.digitalindeed.converter.NewMainActivity} Window{6bf4cd3 mode=1 rootTaskId=1 u0 com.miui.miwallpaper.wallpaperservice.MiuiKeyguardPictorialWallpaper} Window{3bf6bc9 mode=1 rootTaskId=1 u0 com.miui.miwallpaper.wallpaperservice.ImageWallpaper}
04-25 23:33:25.127  1018  4336 I InputDispatcher: setInputWindows displayId=0 Window{696f6f2 mode=1 rootTaskId=1 u0 RoundCorner} Window{31c7cb7 mode=1 rootTaskId=1 u0 RoundCorner} Window{2be8613 mode=1 rootTaskId=1 u0 NavigationBar0} Window{71864b6 mode=1 rootTaskId=1 u0 control_center} Window{4d87a44 mode=1 rootTaskId=1 u0 StatusBar} Window{5e5220f mode=1 rootTaskId=794 u0 PopupWindow:bf1d5bb} Window{2ccba25 mode=1 rootTaskId=794 u0 com.digitalindeed.converter/com.digitalindeed.converter.NewMainActivity} Window{6bf4cd3 mode=1 rootTaskId=1 u0 com.miui.miwallpaper.wallpaperservice.MiuiKeyguardPictorialWallpaper} Window{3bf6bc9 mode=1 rootTaskId=1 u0 com.miui.miwallpaper.wallpaperservice.ImageWallpaper}
04-25 23:33:25.144  1018  1876 I InputDispatcher: setInputWindows displayId=0 Window{696f6f2 mode=1 rootTaskId=1 u0 RoundCorner} Window{31c7cb7 mode=1 rootTaskId=1 u0 RoundCorner} Window{2be8613 mode=1 rootTaskId=1 u0 NavigationBar0} Window{71864b6 mode=1 rootTaskId=1 u0 control_center} Window{4d87a44 mode=1 rootTaskId=1 u0 StatusBar} Window{5e5220f mode=1 rootTaskId=794 u0 PopupWindow:bf1d5bb} Window{2ccba25 mode=1 rootTaskId=794 u0 com.digitalindeed.converter/com.digitalindeed.converter.NewMainActivity} Window{6bf4cd3 mode=1 rootTaskId=1 u0 com.miui.miwallpaper.wallpaperservice.MiuiKeyguardPictorialWallpaper} Window{3bf6bc9 mode=1 rootTaskId=1 u0 com.miui.miwallpaper.wallpaperservice.ImageWallpaper}
04-25 23:33:25.161  1018  1876 I InputDispatcher: setInputWindows displayId=0 Window{696f6f2 mode=1 rootTaskId=1 u0 RoundCorner} Window{31c7cb7 mode=1 rootTaskId=1 u0 RoundCorner} Window{2be8613 mode=1 rootTaskId=1 u0 NavigationBar0} Window{71864b6 mode=1 rootTaskId=1 u0 control_center} Window{4d87a44 mode=1 rootTaskId=1 u0 StatusBar} Window{5e5220f mode=1 rootTaskId=794 u0 PopupWindow:bf1d5bb} Window{2ccba25 mode=1 rootTaskId=794 u0 com.digitalindeed.converter/com.digitalindeed.converter.NewMainActivity} Window{6bf4cd3 mode=1 rootTaskId=1 u0 com.miui.miwallpaper.wallpaperservice.MiuiKeyguardPictorialWallpaper} Window{3bf6bc9 mode=1 rootTaskId=1 u0 com.miui.miwallpaper.wallpaperservice.ImageWallpaper}
04-25 23:33:26.525  1018  1876 I ActivityTaskManager: START u0 {cmp=com.digitalindeed.converter/.PreferencesActivity} from uid 10280
04-25 23:33:26.546  1018  1747 I InputDispatcher: setInputWindows displayId=0 Window{696f6f2 mode=1 rootTaskId=1 u0 RoundCorner} Window{31c7cb7 mode=1 rootTaskId=1 u0 RoundCorner} Window{2be8613 mode=1 rootTaskId=1 u0 NavigationBar0} Window{71864b6 mode=1 rootTaskId=1 u0 control_center} Window{4d87a44 mode=1 rootTaskId=1 u0 StatusBar} Window{5e5220f mode=1 rootTaskId=794 u0 PopupWindow:bf1d5bb} Window{2ccba25 mode=1 rootTaskId=794 u0 com.digitalindeed.converter/com.digitalindeed.converter.NewMainActivity} Window{6bf4cd3 mode=1 rootTaskId=1 u0 com.miui.miwallpaper.wallpaperservice.MiuiKeyguardPictorialWallpaper} Window{3bf6bc9 mode=1 rootTaskId=1 u0 com.miui.miwallpaper.wallpaperservice.ImageWallpaper}
04-25 23:33:26.576  1018  4336 I InputDispatcher: setInputWindows displayId=0 Window{696f6f2 mode=1 rootTaskId=1 u0 RoundCorner} Window{31c7cb7 mode=1 rootTaskId=1 u0 RoundCorner} Window{2be8613 mode=1 rootTaskId=1 u0 NavigationBar0} Window{71864b6 mode=1 rootTaskId=1 u0 control_center} Window{4d87a44 mode=1 rootTaskId=1 u0 StatusBar} Window{5e5220f mode=1 rootTaskId=794 u0 PopupWindow:bf1d5bb} Window{2ccba25 mode=1 rootTaskId=794 u0 com.digitalindeed.converter/com.digitalindeed.converter.NewMainActivity} Window{6bf4cd3 mode=1 rootTaskId=1 u0 com.miui.miwallpaper.wallpaperservice.MiuiKeyguardPictorialWallpaper} Window{3bf6bc9 mode=1 rootTaskId=1 u0 com.miui.miwallpaper.wallpaperservice.ImageWallpaper}
04-25 23:33:26.576  1018  1747 W WindowManager: Changing focus fromWindow{5e5220f mode=1 rootTaskId=794 u0 PopupWindow:bf1d5bb} to Window{2ccba25 mode=1 rootTaskId=794 u0 com.digitalindeed.converter/com.digitalindeed.converter.NewMainActivity} displayId=0 Callers=com.android.server.wm.RootWindowContainer.updateFocusedWindowLocked:470 com.android.server.wm.WindowManagerService.updateFocusedWindowLocked:6045 com.android.server.wm.WindowManagerService.relayoutWindow:2635 com.android.server.wm.Session.relayout:213
04-25 23:33:26.580  1018  1747 D WindowManager: Input focus has changed to Window{2ccba25 mode=1 rootTaskId=794 u0 com.digitalindeed.converter/com.digitalindeed.converter.NewMainActivity}
04-25 23:33:26.592  1018  4336 I InputDispatcher: setInputWindows displayId=0 Window{696f6f2 mode=1 rootTaskId=1 u0 RoundCorner} Window{31c7cb7 mode=1 rootTaskId=1 u0 RoundCorner} Window{2be8613 mode=1 rootTaskId=1 u0 NavigationBar0} Window{71864b6 mode=1 rootTaskId=1 u0 control_center} Window{4d87a44 mode=1 rootTaskId=1 u0 StatusBar} Window{5e5220f mode=1 rootTaskId=794 u0 PopupWindow:bf1d5bb} Window{2ccba25 mode=1 rootTaskId=794 u0 com.digitalindeed.converter/com.digitalindeed.converter.NewMainActivity} Window{6bf4cd3 mode=1 rootTaskId=1 u0 com.miui.miwallpaper.wallpaperservice.MiuiKeyguardPictorialWallpaper} Window{3bf6bc9 mode=1 rootTaskId=1 u0 com.miui.miwallpaper.wallpaperservice.ImageWallpaper}
04-25 23:33:26.605  1018  1747 W WindowManager: Changing focus fromWindow{2ccba25 mode=1 rootTaskId=794 u0 com.digitalindeed.converter/com.digitalindeed.converter.NewMainActivity} to null displayId=0 Callers=com.android.server.wm.RootWindowContainer.updateFocusedWindowLocked:470 com.android.server.wm.WindowManagerService.updateFocusedWindowLocked:6045 com.android.server.wm.DisplayContent.setFocusedApp:5769 com.android.server.wm.ActivityTaskManagerService.setResumedActivityUncheckLocked:5743
04-25 23:33:26.626  1018  1747 I InputDispatcher: setInputWindows displayId=0 Window{696f6f2 mode=1 rootTaskId=1 u0 RoundCorner} Window{31c7cb7 mode=1 rootTaskId=1 u0 RoundCorner} Window{2be8613 mode=1 rootTaskId=1 u0 NavigationBar0} Window{71864b6 mode=1 rootTaskId=1 u0 control_center} Window{4d87a44 mode=1 rootTaskId=1 u0 StatusBar} Window{5e5220f mode=1 rootTaskId=794 u0 PopupWindow:bf1d5bb} Window{2ccba25 mode=1 rootTaskId=794 u0 com.digitalindeed.converter/com.digitalindeed.converter.NewMainActivity} Window{6bf4cd3 mode=1 rootTaskId=1 u0 com.miui.miwallpaper.wallpaperservice.MiuiKeyguardPictorialWallpaper} Window{3bf6bc9 mode=1 rootTaskId=1 u0 com.miui.miwallpaper.wallpaperservice.ImageWallpaper}
04-25 23:33:26.627  1018  1747 I InputDispatcher: Focus entered window: Window{2ccba25 mode=1 rootTaskId=794 u0 com.digitalindeed.converter/com.digitalindeed.converter.NewMainActivity} in display 0
04-25 23:33:26.643  1018  4336 I InputDispatcher: setInputWindows displayId=0 Window{696f6f2 mode=1 rootTaskId=1 u0 RoundCorner} Window{31c7cb7 mode=1 rootTaskId=1 u0 RoundCorner} Window{2be8613 mode=1 rootTaskId=1 u0 NavigationBar0} Window{71864b6 mode=1 rootTaskId=1 u0 control_center} Window{4d87a44 mode=1 rootTaskId=1 u0 StatusBar} PopupWindow:bf1d5bb#0 com.digitalindeed.converter/com.digitalindeed.converter.NewMainActivity#0 Window{6bf4cd3 mode=1 rootTaskId=1 u0 com.miui.miwallpaper.wallpaperservice.MiuiKeyguardPictorialWallpaper} Window{3bf6bc9 mode=1 rootTaskId=1 u0 com.miui.miwallpaper.wallpaperservice.ImageWallpaper}
04-25 23:33:26.643  1018  4336 I InputDispatcher: Focus left window: Window{2ccba25 mode=1 rootTaskId=794 u0 com.digitalindeed.converter/com.digitalindeed.converter.NewMainActivity} in display 0
04-25 23:33:26.643  1018  4336 I InputDispatcher: Window went away: Window{2ccba25 mode=1 rootTaskId=794 u0 com.digitalindeed.converter/com.digitalindeed.converter.NewMainActivity}
04-25 23:33:26.669 11229 11229 I chatty  : uid=10280(com.digitalindeed.converter) identical 5 lines
04-25 23:33:26.683   683   764 I SurfaceFlinger: [SF client] NEW(0xb4000070b7865f80) for (11229:com.digitalindeed.converter)
04-25 23:33:26.696  1018  1747 I InputDispatcher: setInputWindows displayId=0 Window{696f6f2 mode=1 rootTaskId=1 u0 RoundCorner} Window{31c7cb7 mode=1 rootTaskId=1 u0 RoundCorner} Window{2be8613 mode=1 rootTaskId=1 u0 NavigationBar0} Window{71864b6 mode=1 rootTaskId=1 u0 control_center} Window{4d87a44 mode=1 rootTaskId=1 u0 StatusBar} PopupWindow:bf1d5bb#0 com.digitalindeed.converter/com.digitalindeed.converter.NewMainActivity#0 Window{6bf4cd3 mode=1 rootTaskId=1 u0 com.miui.miwallpaper.wallpaperservice.MiuiKeyguardPictorialWallpaper} Window{3bf6bc9 mode=1 rootTaskId=1 u0 com.miui.miwallpaper.wallpaperservice.ImageWallpaper}
04-25 23:33:26.701  2066  2066 D RecentsImpl: mActivityStateObserver com.digitalindeed.converter.PreferencesActivity
04-25 23:33:26.701  2066  2066 W RecentsImpl: onResumed className=com.digitalindeed.converter.PreferencesActivity   mIsInAnotherPro=false
04-25 23:33:26.712  1018  1747 I WindowManager: Relayout Window{788fc1e mode=1 rootTaskId=794 u0 com.digitalindeed.converter/com.digitalindeed.converter.PreferencesActivity}: oldVis=4 newVis=0 focusMayChange = true
04-25 23:33:26.715  1018  1876 I InputDispatcher: setInputWindows displayId=0 Window{696f6f2 mode=1 rootTaskId=1 u0 RoundCorner} Window{31c7cb7 mode=1 rootTaskId=1 u0 RoundCorner} Window{2be8613 mode=1 rootTaskId=1 u0 NavigationBar0} Window{71864b6 mode=1 rootTaskId=1 u0 control_center} Window{4d87a44 mode=1 rootTaskId=1 u0 StatusBar} PopupWindow:bf1d5bb#0 com.digitalindeed.converter/com.digitalindeed.converter.NewMainActivity#0 Window{6bf4cd3 mode=1 rootTaskId=1 u0 com.miui.miwallpaper.wallpaperservice.MiuiKeyguardPictorialWallpaper} Window{3bf6bc9 mode=1 rootTaskId=1 u0 com.miui.miwallpaper.wallpaperservice.ImageWallpaper}
04-25 23:33:26.719  1018  1747 V WindowManager: Orientation start waiting for draw, mDrawState=DRAW_PENDING in Window{788fc1e mode=1 rootTaskId=794 u0 com.digitalindeed.converter/com.digitalindeed.converter.PreferencesActivity}, surfaceController Surface(name=com.digitalindeed.converter/com.digitalindeed.converter.PreferencesActivity)/@0x9b18acc
04-25 23:33:26.725  1018  1747 W WindowManager: Changing focus fromnull to Window{788fc1e mode=1 rootTaskId=794 u0 com.digitalindeed.converter/com.digitalindeed.converter.PreferencesActivity} displayId=0 Callers=com.android.server.wm.RootWindowContainer.updateFocusedWindowLocked:470 com.android.server.wm.WindowManagerService.updateFocusedWindowLocked:6045 com.android.server.wm.WindowManagerService.relayoutWindow:2635 com.android.server.wm.Session.relayout:213
04-25 23:33:26.728  1018  1747 D WindowManager: Input focus has changed to Window{788fc1e mode=1 rootTaskId=794 u0 com.digitalindeed.converter/com.digitalindeed.converter.PreferencesActivity}
04-25 23:33:26.728  1018  4336 I InputDispatcher: setInputWindows displayId=0 Window{696f6f2 mode=1 rootTaskId=1 u0 RoundCorner} Window{31c7cb7 mode=1 rootTaskId=1 u0 RoundCorner} Window{2be8613 mode=1 rootTaskId=1 u0 NavigationBar0} Window{71864b6 mode=1 rootTaskId=1 u0 control_center} Window{4d87a44 mode=1 rootTaskId=1 u0 StatusBar} com.digitalindeed.converter/com.digitalindeed.converter.PreferencesActivity#0 PopupWindow:bf1d5bb#0 com.digitalindeed.converter/com.digitalindeed.converter.NewMainActivity#0 Window{6bf4cd3 mode=1 rootTaskId=1 u0 com.miui.miwallpaper.wallpaperservice.MiuiKeyguardPictorialWallpaper} Window{3bf6bc9 mode=1 rootTaskId=1 u0 com.miui.miwallpaper.wallpaperservice.ImageWallpaper}
04-25 23:33:26.738   683  2407 I BufferQueueProducer: [com.digitalindeed.converter/com.digitalindeed.converter.PreferencesActivity#0](id:2ab00000129,api:1,p:11229,c:683) connect(): api=1 producerControlledByApp=false
04-25 23:33:26.762  1018  1876 I InputDispatcher: setInputWindows displayId=0 Window{696f6f2 mode=1 rootTaskId=1 u0 RoundCorner} Window{31c7cb7 mode=1 rootTaskId=1 u0 RoundCorner} Window{2be8613 mode=1 rootTaskId=1 u0 NavigationBar0} Window{71864b6 mode=1 rootTaskId=1 u0 control_center} Window{4d87a44 mode=1 rootTaskId=1 u0 StatusBar} Window{788fc1e mode=1 rootTaskId=794 u0 com.digitalindeed.converter/com.digitalindeed.converter.PreferencesActivity} PopupWindow:bf1d5bb#0 com.digitalindeed.converter/com.digitalindeed.converter.NewMainActivity#0 Window{6bf4cd3 mode=1 rootTaskId=1 u0 com.miui.miwallpaper.wallpaperservice.MiuiKeyguardPictorialWallpaper} Window{3bf6bc9 mode=1 rootTaskId=1 u0 com.miui.miwallpaper.wallpaperservice.ImageWallpaper}
04-25 23:33:26.763  1018  1876 I InputDispatcher: Window went away: com.digitalindeed.converter/com.digitalindeed.converter.PreferencesActivity#0
04-25 23:33:26.770 11229 11229 I chatty  : uid=10280(com.digitalindeed.converter) identical 3 lines
04-25 23:33:26.847  1018  1876 I InputDispatcher: setInputWindows displayId=0 Window{696f6f2 mode=1 rootTaskId=1 u0 RoundCorner} Window{31c7cb7 mode=1 rootTaskId=1 u0 RoundCorner} Window{2be8613 mode=1 rootTaskId=1 u0 NavigationBar0} Window{71864b6 mode=1 rootTaskId=1 u0 control_center} Window{4d87a44 mode=1 rootTaskId=1 u0 StatusBar} Window{788fc1e mode=1 rootTaskId=794 u0 com.digitalindeed.converter/com.digitalindeed.converter.PreferencesActivity} PopupWindow:bf1d5bb#0 com.digitalindeed.converter/com.digitalindeed.converter.NewMainActivity#0 Window{6bf4cd3 mode=1 rootTaskId=1 u0 com.miui.miwallpaper.wallpaperservice.MiuiKeyguardPictorialWallpaper} Window{3bf6bc9 mode=1 rootTaskId=1 u0 com.miui.miwallpaper.wallpaperservice.ImageWallpaper}
04-25 23:33:26.861  1018  1304 I ActivityTaskManager: Displayed com.digitalindeed.converter/.PreferencesActivity: +335ms
04-25 23:33:26.864  1018  1747 I InputDispatcher: setInputWindows displayId=0 Window{696f6f2 mode=1 rootTaskId=1 u0 RoundCorner} Window{31c7cb7 mode=1 rootTaskId=1 u0 RoundCorner} Window{2be8613 mode=1 rootTaskId=1 u0 NavigationBar0} Window{71864b6 mode=1 rootTaskId=1 u0 control_center} Window{4d87a44 mode=1 rootTaskId=1 u0 StatusBar} Window{788fc1e mode=1 rootTaskId=794 u0 com.digitalindeed.converter/com.digitalindeed.converter.PreferencesActivity} PopupWindow:bf1d5bb#0 com.digitalindeed.converter/com.digitalindeed.converter.NewMainActivity#0 Window{6bf4cd3 mode=1 rootTaskId=1 u0 com.miui.miwallpaper.wallpaperservice.MiuiKeyguardPictorialWallpaper} Window{3bf6bc9 mode=1 rootTaskId=1 u0 com.miui.miwallpaper.wallpaperservice.ImageWallpaper}
04-25 23:33:26.876  1018  1747 I InputDispatcher: setInputWindows displayId=0 Window{696f6f2 mode=1 rootTaskId=1 u0 RoundCorner} Window{31c7cb7 mode=1 rootTaskId=1 u0 RoundCorner} Window{2be8613 mode=1 rootTaskId=1 u0 NavigationBar0} Window{71864b6 mode=1 rootTaskId=1 u0 control_center} Window{4d87a44 mode=1 rootTaskId=1 u0 StatusBar} Window{788fc1e mode=1 rootTaskId=794 u0 com.digitalindeed.converter/com.digitalindeed.converter.PreferencesActivity} PopupWindow:bf1d5bb#0 com.digitalindeed.converter/com.digitalindeed.converter.NewMainActivity#0 Window{6bf4cd3 mode=1 rootTaskId=1 u0 com.miui.miwallpaper.wallpaperservice.MiuiKeyguardPictorialWallpaper} Window{3bf6bc9 mode=1 rootTaskId=1 u0 com.miui.miwallpaper.wallpaperservice.ImageWallpaper}
04-25 23:33:26.876  1018  1747 I InputDispatcher: Focus entered window: Window{788fc1e mode=1 rootTaskId=794 u0 com.digitalindeed.converter/com.digitalindeed.converter.PreferencesActivity} in display 0
04-25 23:33:26.880   683  2160 I BufferQueueProducer: [com.digitalindeed.converter/com.digitalindeed.converter.PreferencesActivity#0](id:2ab00000129,api:1,p:11229,c:683) disconnect(): api=1
04-25 23:33:26.881   683  2160 I BufferQueueProducer: [com.digitalindeed.converter/com.digitalindeed.converter.PreferencesActivity#0](id:2ab00000129,api:1,p:11229,c:683) connect(): api=1 producerControlledByApp=false
04-25 23:33:26.893  1018  1876 I InputDispatcher: setInputWindows displayId=0 Window{696f6f2 mode=1 rootTaskId=1 u0 RoundCorner} Window{31c7cb7 mode=1 rootTaskId=1 u0 RoundCorner} Window{2be8613 mode=1 rootTaskId=1 u0 NavigationBar0} Window{71864b6 mode=1 rootTaskId=1 u0 control_center} Window{4d87a44 mode=1 rootTaskId=1 u0 StatusBar} Window{788fc1e mode=1 rootTaskId=794 u0 com.digitalindeed.converter/com.digitalindeed.converter.PreferencesActivity} PopupWindow:bf1d5bb#0 com.digitalindeed.converter/com.digitalindeed.converter.NewMainActivity#0 Window{6bf4cd3 mode=1 rootTaskId=1 u0 com.miui.miwallpaper.wallpaperservice.MiuiKeyguardPictorialWallpaper} Window{3bf6bc9 mode=1 rootTaskId=1 u0 com.miui.miwallpaper.wallpaperservice.ImageWallpaper}
04-25 23:33:26.909  1018  1876 I InputDispatcher: setInputWindows displayId=0 Window{696f6f2 mode=1 rootTaskId=1 u0 RoundCorner} Window{31c7cb7 mode=1 rootTaskId=1 u0 RoundCorner} Window{2be8613 mode=1 rootTaskId=1 u0 NavigationBar0} Window{71864b6 mode=1 rootTaskId=1 u0 control_center} Window{4d87a44 mode=1 rootTaskId=1 u0 StatusBar} Window{788fc1e mode=1 rootTaskId=794 u0 com.digitalindeed.converter/com.digitalindeed.converter.PreferencesActivity} PopupWindow:bf1d5bb#0 com.digitalindeed.converter/com.digitalindeed.converter.NewMainActivity#0 Window{6bf4cd3 mode=1 rootTaskId=1 u0 com.miui.miwallpaper.wallpaperservice.MiuiKeyguardPictorialWallpaper} Window{3bf6bc9 mode=1 rootTaskId=1 u0 com.miui.miwallpaper.wallpaperservice.ImageWallpaper}
04-25 23:33:26.915  8383  8383 I GoogleInputMethodService: GoogleInputMethodService.onStartInput():1898 onStartInput(EditorInfo{inputType=0x0(NULL) imeOptions=0x0 privateImeOptions=null actionName=UNSPECIFIED actionLabel=null actionId=0 initialSelStart=-1 initialSelEnd=-1 initialCapsMode=0x0 hintText=null label=null packageName=com.digitalindeed.converter fieldId=-1 fieldName=null extras=null hintLocales=[]}, false)
04-25 23:33:26.926  1018  1747 I InputDispatcher: setInputWindows displayId=0 Window{696f6f2 mode=1 rootTaskId=1 u0 RoundCorner} Window{31c7cb7 mode=1 rootTaskId=1 u0 RoundCorner} Window{2be8613 mode=1 rootTaskId=1 u0 NavigationBar0} Window{71864b6 mode=1 rootTaskId=1 u0 control_center} Window{4d87a44 mode=1 rootTaskId=1 u0 StatusBar} Window{788fc1e mode=1 rootTaskId=794 u0 com.digitalindeed.converter/com.digitalindeed.converter.PreferencesActivity} PopupWindow:bf1d5bb#0 com.digitalindeed.converter/com.digitalindeed.converter.NewMainActivity#0 Window{6bf4cd3 mode=1 rootTaskId=1 u0 com.miui.miwallpaper.wallpaperservice.MiuiKeyguardPictorialWallpaper} Window{3bf6bc9 mode=1 rootTaskId=1 u0 com.miui.miwallpaper.wallpaperservice.ImageWallpaper}
04-25 23:33:26.943  1018  1876 I InputDispatcher: setInputWindows displayId=0 Window{696f6f2 mode=1 rootTaskId=1 u0 RoundCorner} Window{31c7cb7 mode=1 rootTaskId=1 u0 RoundCorner} Window{2be8613 mode=1 rootTaskId=1 u0 NavigationBar0} Window{71864b6 mode=1 rootTaskId=1 u0 control_center} Window{4d87a44 mode=1 rootTaskId=1 u0 StatusBar} Window{788fc1e mode=1 rootTaskId=794 u0 com.digitalindeed.converter/com.digitalindeed.converter.PreferencesActivity} PopupWindow:bf1d5bb#0 com.digitalindeed.converter/com.digitalindeed.converter.NewMainActivity#0 Window{6bf4cd3 mode=1 rootTaskId=1 u0 com.miui.miwallpaper.wallpaperservice.MiuiKeyguardPictorialWallpaper} Window{3bf6bc9 mode=1 rootTaskId=1 u0 com.miui.miwallpaper.wallpaperservice.ImageWallpaper}
04-25 23:33:26.960  1018  1876 I InputDispatcher: setInputWindows displayId=0 Window{696f6f2 mode=1 rootTaskId=1 u0 RoundCorner} Window{31c7cb7 mode=1 rootTaskId=1 u0 RoundCorner} Window{2be8613 mode=1 rootTaskId=1 u0 NavigationBar0} Window{71864b6 mode=1 rootTaskId=1 u0 control_center} Window{4d87a44 mode=1 rootTaskId=1 u0 StatusBar} Window{788fc1e mode=1 rootTaskId=794 u0 com.digitalindeed.converter/com.digitalindeed.converter.PreferencesActivity} PopupWindow:bf1d5bb#0 com.digitalindeed.converter/com.digitalindeed.converter.NewMainActivity#0 Window{6bf4cd3 mode=1 rootTaskId=1 u0 com.miui.miwallpaper.wallpaperservice.MiuiKeyguardPictorialWallpaper} Window{3bf6bc9 mode=1 rootTaskId=1 u0 com.miui.miwallpaper.wallpaperservice.ImageWallpaper}
04-25 23:33:27.077  1018  1876 I InputDispatcher: setInputWindows displayId=0 Window{696f6f2 mode=1 rootTaskId=1 u0 RoundCorner} Window{31c7cb7 mode=1 rootTaskId=1 u0 RoundCorner} Window{2be8613 mode=1 rootTaskId=1 u0 NavigationBar0} Window{71864b6 mode=1 rootTaskId=1 u0 control_center} Window{4d87a44 mode=1 rootTaskId=1 u0 StatusBar} Window{788fc1e mode=1 rootTaskId=794 u0 com.digitalindeed.converter/com.digitalindeed.converter.PreferencesActivity} PopupWindow:bf1d5bb#0 com.digitalindeed.converter/com.digitalindeed.converter.NewMainActivity#0 Window{6bf4cd3 mode=1 rootTaskId=1 u0 com.miui.miwallpaper.wallpaperservice.MiuiKeyguardPictorialWallpaper} Window{3bf6bc9 mode=1 rootTaskId=1 u0 com.miui.miwallpaper.wallpaperservice.ImageWallpaper}
04-25 23:33:27.093  1018  1747 I InputDispatcher: setInputWindows displayId=0 Window{696f6f2 mode=1 rootTaskId=1 u0 RoundCorner} Window{31c7cb7 mode=1 rootTaskId=1 u0 RoundCorner} Window{2be8613 mode=1 rootTaskId=1 u0 NavigationBar0} Window{71864b6 mode=1 rootTaskId=1 u0 control_center} Window{4d87a44 mode=1 rootTaskId=1 u0 StatusBar} Window{788fc1e mode=1 rootTaskId=794 u0 com.digitalindeed.converter/com.digitalindeed.converter.PreferencesActivity} PopupWindow:bf1d5bb#0 com.digitalindeed.converter/com.digitalindeed.converter.NewMainActivity#0 Window{6bf4cd3 mode=1 rootTaskId=1 u0 com.miui.miwallpaper.wallpaperservice.MiuiKeyguardPictorialWallpaper} Window{3bf6bc9 mode=1 rootTaskId=1 u0 com.miui.miwallpaper.wallpaperservice.ImageWallpaper}
04-25 23:33:27.144  1018  1747 I InputDispatcher: setInputWindows displayId=0 Window{696f6f2 mode=1 rootTaskId=1 u0 RoundCorner} Window{31c7cb7 mode=1 rootTaskId=1 u0 RoundCorner} Window{2be8613 mode=1 rootTaskId=1 u0 NavigationBar0} Window{71864b6 mode=1 rootTaskId=1 u0 control_center} Window{4d87a44 mode=1 rootTaskId=1 u0 StatusBar} Window{788fc1e mode=1 rootTaskId=794 u0 com.digitalindeed.converter/com.digitalindeed.converter.PreferencesActivity} PopupWindow:bf1d5bb#0 com.digitalindeed.converter/com.digitalindeed.converter.NewMainActivity#0 Window{6bf4cd3 mode=1 rootTaskId=1 u0 com.miui.miwallpaper.wallpaperservice.MiuiKeyguardPictorialWallpaper} Window{3bf6bc9 mode=1 rootTaskId=1 u0 com.miui.miwallpaper.wallpaperservice.ImageWallpaper}
04-25 23:33:27.160  1018  4336 I InputDispatcher: setInputWindows displayId=0 Window{696f6f2 mode=1 rootTaskId=1 u0 RoundCorner} Window{31c7cb7 mode=1 rootTaskId=1 u0 RoundCorner} Window{2be8613 mode=1 rootTaskId=1 u0 NavigationBar0} Window{71864b6 mode=1 rootTaskId=1 u0 control_center} Window{4d87a44 mode=1 rootTaskId=1 u0 StatusBar} Window{788fc1e mode=1 rootTaskId=794 u0 com.digitalindeed.converter/com.digitalindeed.converter.PreferencesActivity} PopupWindow:bf1d5bb#0 com.digitalindeed.converter/com.digitalindeed.converter.NewMainActivity#0 Window{6bf4cd3 mode=1 rootTaskId=1 u0 com.miui.miwallpaper.wallpaperservice.MiuiKeyguardPictorialWallpaper} Window{3bf6bc9 mode=1 rootTaskId=1 u0 com.miui.miwallpaper.wallpaperservice.ImageWallpaper}
04-25 23:33:27.260  1018  4336 I InputDispatcher: setInputWindows displayId=0 Window{696f6f2 mode=1 rootTaskId=1 u0 RoundCorner} Window{31c7cb7 mode=1 rootTaskId=1 u0 RoundCorner} Window{2be8613 mode=1 rootTaskId=1 u0 NavigationBar0} Window{71864b6 mode=1 rootTaskId=1 u0 control_center} Window{4d87a44 mode=1 rootTaskId=1 u0 StatusBar} Window{788fc1e mode=1 rootTaskId=794 u0 com.digitalindeed.converter/com.digitalindeed.converter.PreferencesActivity} PopupWindow:bf1d5bb#0 com.digitalindeed.converter/com.digitalindeed.converter.NewMainActivity#0 Window{6bf4cd3 mode=1 rootTaskId=1 u0 com.miui.miwallpaper.wallpaperservice.MiuiKeyguardPictorialWallpaper} Window{3bf6bc9 mode=1 rootTaskId=1 u0 com.miui.miwallpaper.wallpaperservice.ImageWallpaper}
04-25 23:33:27.277  1018  4336 I InputDispatcher: setInputWindows displayId=0 Window{696f6f2 mode=1 rootTaskId=1 u0 RoundCorner} Window{31c7cb7 mode=1 rootTaskId=1 u0 RoundCorner} Window{2be8613 mode=1 rootTaskId=1 u0 NavigationBar0} Window{71864b6 mode=1 rootTaskId=1 u0 control_center} Window{4d87a44 mode=1 rootTaskId=1 u0 StatusBar} Window{788fc1e mode=1 rootTaskId=794 u0 com.digitalindeed.converter/com.digitalindeed.converter.PreferencesActivity} PopupWindow:bf1d5bb#0 com.digitalindeed.converter/com.digitalindeed.converter.NewMainActivity#0 Window{6bf4cd3 mode=1 rootTaskId=1 u0 com.miui.miwallpaper.wallpaperservice.MiuiKeyguardPictorialWallpaper} Window{3bf6bc9 mode=1 rootTaskId=1 u0 com.miui.miwallpaper.wallpaperservice.ImageWallpaper}
04-25 23:33:27.327  1018  4336 I InputDispatcher: setInputWindows displayId=0 Window{696f6f2 mode=1 rootTaskId=1 u0 RoundCorner} Window{31c7cb7 mode=1 rootTaskId=1 u0 RoundCorner} Window{2be8613 mode=1 rootTaskId=1 u0 NavigationBar0} Window{71864b6 mode=1 rootTaskId=1 u0 control_center} Window{4d87a44 mode=1 rootTaskId=1 u0 StatusBar} Window{788fc1e mode=1 rootTaskId=794 u0 com.digitalindeed.converter/com.digitalindeed.converter.PreferencesActivity} PopupWindow:bf1d5bb#0 com.digitalindeed.converter/com.digitalindeed.converter.NewMainActivity#0 Window{6bf4cd3 mode=1 rootTaskId=1 u0 com.miui.miwallpaper.wallpaperservice.MiuiKeyguardPictorialWallpaper} Window{3bf6bc9 mode=1 rootTaskId=1 u0 com.miui.miwallpaper.wallpaperservice.ImageWallpaper}
04-25 23:33:27.344  1018  1747 I InputDispatcher: setInputWindows displayId=0 Window{696f6f2 mode=1 rootTaskId=1 u0 RoundCorner} Window{31c7cb7 mode=1 rootTaskId=1 u0 RoundCorner} Window{2be8613 mode=1 rootTaskId=1 u0 NavigationBar0} Window{71864b6 mode=1 rootTaskId=1 u0 control_center} Window{4d87a44 mode=1 rootTaskId=1 u0 StatusBar} Window{788fc1e mode=1 rootTaskId=794 u0 com.digitalindeed.converter/com.digitalindeed.converter.PreferencesActivity} PopupWindow:bf1d5bb#0 com.digitalindeed.converter/com.digitalindeed.converter.NewMainActivity#0 Window{6bf4cd3 mode=1 rootTaskId=1 u0 com.miui.miwallpaper.wallpaperservice.MiuiKeyguardPictorialWallpaper} Window{3bf6bc9 mode=1 rootTaskId=1 u0 com.miui.miwallpaper.wallpaperservice.ImageWallpaper}
04-25 23:33:27.367  1018  1230 I Timeline: Timeline: Activity_windows_visible id: ActivityRecord{454407 u0 com.digitalindeed.converter/.PreferencesActivity t794} time:4825609
04-25 23:33:27.360  1018  1747 I InputDispatcher: setInputWindows displayId=0 Window{696f6f2 mode=1 rootTaskId=1 u0 RoundCorner} Window{31c7cb7 mode=1 rootTaskId=1 u0 RoundCorner} Window{2be8613 mode=1 rootTaskId=1 u0 NavigationBar0} Window{71864b6 mode=1 rootTaskId=1 u0 control_center} Window{4d87a44 mode=1 rootTaskId=1 u0 StatusBar} Window{788fc1e mode=1 rootTaskId=794 u0 com.digitalindeed.converter/com.digitalindeed.converter.PreferencesActivity} PopupWindow:bf1d5bb#0 com.digitalindeed.converter/com.digitalindeed.converter.NewMainActivity#0 Window{6bf4cd3 mode=1 rootTaskId=1 u0 com.miui.miwallpaper.wallpaperservice.MiuiKeyguardPictorialWallpaper} Window{3bf6bc9 mode=1 rootTaskId=1 u0 com.miui.miwallpaper.wallpaperservice.ImageWallpaper}
04-25 23:33:27.377  1018  1876 I InputDispatcher: setInputWindows displayId=0 Window{696f6f2 mode=1 rootTaskId=1 u0 RoundCorner} Window{31c7cb7 mode=1 rootTaskId=1 u0 RoundCorner} Window{2be8613 mode=1 rootTaskId=1 u0 NavigationBar0} Window{71864b6 mode=1 rootTaskId=1 u0 control_center} Window{4d87a44 mode=1 rootTaskId=1 u0 StatusBar} Window{788fc1e mode=1 rootTaskId=794 u0 com.digitalindeed.converter/com.digitalindeed.converter.PreferencesActivity} com.digitalindeed.converter/com.digitalindeed.converter.NewMainActivity#0 Window{6bf4cd3 mode=1 rootTaskId=1 u0 com.miui.miwallpaper.wallpaperservice.MiuiKeyguardPictorialWallpaper} Window{3bf6bc9 mode=1 rootTaskId=1 u0 com.miui.miwallpaper.wallpaperservice.ImageWallpaper}
04-25 23:33:27.394  1018  4336 I InputDispatcher: setInputWindows displayId=0 Window{696f6f2 mode=1 rootTaskId=1 u0 RoundCorner} Window{31c7cb7 mode=1 rootTaskId=1 u0 RoundCorner} Window{2be8613 mode=1 rootTaskId=1 u0 NavigationBar0} Window{71864b6 mode=1 rootTaskId=1 u0 control_center} Window{4d87a44 mode=1 rootTaskId=1 u0 StatusBar} Window{788fc1e mode=1 rootTaskId=794 u0 com.digitalindeed.converter/com.digitalindeed.converter.PreferencesActivity} com.digitalindeed.converter/com.digitalindeed.converter.NewMainActivity#0 Window{6bf4cd3 mode=1 rootTaskId=1 u0 com.miui.miwallpaper.wallpaperservice.MiuiKeyguardPictorialWallpaper} Window{3bf6bc9 mode=1 rootTaskId=1 u0 com.miui.miwallpaper.wallpaperservice.ImageWallpaper}
04-25 23:33:27.395   683  2160 I BufferQueueProducer: [com.digitalindeed.converter/com.digitalindeed.converter.NewMainActivity#0](id:2ab00000127,api:1,p:11229,c:683) disconnect(): api=1
04-25 23:33:27.410  1018  1747 I InputDispatcher: setInputWindows displayId=0 Window{696f6f2 mode=1 rootTaskId=1 u0 RoundCorner} Window{31c7cb7 mode=1 rootTaskId=1 u0 RoundCorner} Window{2be8613 mode=1 rootTaskId=1 u0 NavigationBar0} Window{71864b6 mode=1 rootTaskId=1 u0 control_center} Window{4d87a44 mode=1 rootTaskId=1 u0 StatusBar} Window{788fc1e mode=1 rootTaskId=794 u0 com.digitalindeed.converter/com.digitalindeed.converter.PreferencesActivity} Window{6bf4cd3 mode=1 rootTaskId=1 u0 com.miui.miwallpaper.wallpaperservice.MiuiKeyguardPictorialWallpaper} Window{3bf6bc9 mode=1 rootTaskId=1 u0 com.miui.miwallpaper.wallpaperservice.ImageWallpaper}
04-25 23:33:27.410  1018  1747 I InputDispatcher: Window went away: com.digitalindeed.converter/com.digitalindeed.converter.NewMainActivity#0
04-25 23:33:27.426   683   683 I BufferQueueConsumer: [com.digitalindeed.converter/com.digitalindeed.converter.NewMainActivity#0](id:2ab00000127,api:0,p:-1,c:683) disconnect()
04-25 23:33:27.426   683   683 I BufferQueue: [com.digitalindeed.converter/com.digitalindeed.converter.NewMainActivity#0](this:0xb40000700637bc58,id:295,api:1,p:-1,c:-1) onDestructor()
04-25 23:33:27.428  1018  1747 I InputDispatcher: setInputWindows displayId=0 Window{696f6f2 mode=1 rootTaskId=1 u0 RoundCorner} Window{31c7cb7 mode=1 rootTaskId=1 u0 RoundCorner} Window{2be8613 mode=1 rootTaskId=1 u0 NavigationBar0} Window{71864b6 mode=1 rootTaskId=1 u0 control_center} Window{4d87a44 mode=1 rootTaskId=1 u0 StatusBar} Window{788fc1e mode=1 rootTaskId=794 u0 com.digitalindeed.converter/com.digitalindeed.converter.PreferencesActivity} Window{6bf4cd3 mode=1 rootTaskId=1 u0 com.miui.miwallpaper.wallpaperservice.MiuiKeyguardPictorialWallpaper} Window{3bf6bc9 mode=1 rootTaskId=1 u0 com.miui.miwallpaper.wallpaperservice.ImageWallpaper}
04-25 23:33:28.298   683  2160 I BufferQueueProducer: [com.digitalindeed.converter/com.digitalindeed.converter.PreferencesActivity#0](this:0xb40000701538dc58,id:297,api:1,p:11229,c:683) queueBuffer: fps=2.75 dur=1454.44 max=1342.09 min=23.49
04-25 23:33:29.482   683  1284 I SurfaceFlinger: [SF client] NEW(0xb4000070156939c0) for (11229:com.digitalindeed.converter)
04-25 23:33:29.494  1018  1747 W WindowManager: Changing focus fromWindow{788fc1e mode=1 rootTaskId=794 u0 com.digitalindeed.converter/com.digitalindeed.converter.PreferencesActivity} to Window{8737901 mode=1 rootTaskId=794 u0 com.digitalindeed.converter/com.digitalindeed.converter.PreferencesActivity} displayId=0 Callers=com.android.server.wm.RootWindowContainer.updateFocusedWindowLocked:470 com.android.server.wm.WindowManagerService.updateFocusedWindowLocked:6045 com.android.server.wm.WindowManagerService.addWindow:1923 com.android.server.wm.Session.addToDisplayAsUser:176
04-25 23:33:29.495  1018  1876 I InputDispatcher: setInputWindows displayId=0 Window{696f6f2 mode=1 rootTaskId=1 u0 RoundCorner} Window{31c7cb7 mode=1 rootTaskId=1 u0 RoundCorner} Window{2be8613 mode=1 rootTaskId=1 u0 NavigationBar0} Window{71864b6 mode=1 rootTaskId=1 u0 control_center} Window{4d87a44 mode=1 rootTaskId=1 u0 StatusBar} Window{788fc1e mode=1 rootTaskId=794 u0 com.digitalindeed.converter/com.digitalindeed.converter.PreferencesActivity} Window{6bf4cd3 mode=1 rootTaskId=1 u0 com.miui.miwallpaper.wallpaperservice.MiuiKeyguardPictorialWallpaper} Window{3bf6bc9 mode=1 rootTaskId=1 u0 com.miui.miwallpaper.wallpaperservice.ImageWallpaper}
04-25 23:33:29.499  1018  1747 D WindowManager: Input focus has changed to Window{8737901 mode=1 rootTaskId=794 u0 com.digitalindeed.converter/com.digitalindeed.converter.PreferencesActivity}
04-25 23:33:29.512  1018  1747 I InputDispatcher: setInputWindows displayId=0 Window{696f6f2 mode=1 rootTaskId=1 u0 RoundCorner} Window{31c7cb7 mode=1 rootTaskId=1 u0 RoundCorner} Window{2be8613 mode=1 rootTaskId=1 u0 NavigationBar0} Window{71864b6 mode=1 rootTaskId=1 u0 control_center} Window{4d87a44 mode=1 rootTaskId=1 u0 StatusBar} Window{788fc1e mode=1 rootTaskId=794 u0 com.digitalindeed.converter/com.digitalindeed.converter.PreferencesActivity} Window{6bf4cd3 mode=1 rootTaskId=1 u0 com.miui.miwallpaper.wallpaperservice.MiuiKeyguardPictorialWallpaper} Window{3bf6bc9 mode=1 rootTaskId=1 u0 com.miui.miwallpaper.wallpaperservice.ImageWallpaper}
04-25 23:33:29.518   683  2160 I BufferQueueProducer: [com.digitalindeed.converter/com.digitalindeed.converter.PreferencesActivity#0](this:0xb40000701538dc58,id:297,api:1,p:11229,c:683) queueBuffer: fps=13.94 dur=1219.86 max=952.26 min=10.58
04-25 23:33:29.525 11229 11229 I chatty  : uid=10280(com.digitalindeed.converter) identical 2 lines
04-25 23:33:29.528  1018  1747 I InputDispatcher: setInputWindows displayId=0 Window{696f6f2 mode=1 rootTaskId=1 u0 RoundCorner} Window{31c7cb7 mode=1 rootTaskId=1 u0 RoundCorner} Window{2be8613 mode=1 rootTaskId=1 u0 NavigationBar0} Window{71864b6 mode=1 rootTaskId=1 u0 control_center} Window{4d87a44 mode=1 rootTaskId=1 u0 StatusBar} Window{788fc1e mode=1 rootTaskId=794 u0 com.digitalindeed.converter/com.digitalindeed.converter.PreferencesActivity} Window{6bf4cd3 mode=1 rootTaskId=1 u0 com.miui.miwallpaper.wallpaperservice.MiuiKeyguardPictorialWallpaper} Window{3bf6bc9 mode=1 rootTaskId=1 u0 com.miui.miwallpaper.wallpaperservice.ImageWallpaper}
04-25 23:33:29.528  1018  1747 I InputDispatcher: Focus left window: Window{788fc1e mode=1 rootTaskId=794 u0 com.digitalindeed.converter/com.digitalindeed.converter.PreferencesActivity} in display 0
04-25 23:33:29.542  1018  1747 V WindowManager: Orientation start waiting for draw, mDrawState=DRAW_PENDING in Window{8737901 mode=1 rootTaskId=794 u0 com.digitalindeed.converter/com.digitalindeed.converter.PreferencesActivity}, surfaceController Surface(name=com.digitalindeed.converter/com.digitalindeed.converter.PreferencesActivity)/@0x86b2583
04-25 23:33:29.544  1018  1876 I InputDispatcher: setInputWindows displayId=0 Window{696f6f2 mode=1 rootTaskId=1 u0 RoundCorner} Window{31c7cb7 mode=1 rootTaskId=1 u0 RoundCorner} Window{2be8613 mode=1 rootTaskId=1 u0 NavigationBar0} Window{71864b6 mode=1 rootTaskId=1 u0 control_center} Window{4d87a44 mode=1 rootTaskId=1 u0 StatusBar} com.digitalindeed.converter/com.digitalindeed.converter.PreferencesActivity#1 Window{788fc1e mode=1 rootTaskId=794 u0 com.digitalindeed.converter/com.digitalindeed.converter.PreferencesActivity} Window{6bf4cd3 mode=1 rootTaskId=1 u0 com.miui.miwallpaper.wallpaperservice.MiuiKeyguardPictorialWallpaper} Window{3bf6bc9 mode=1 rootTaskId=1 u0 com.miui.miwallpaper.wallpaperservice.ImageWallpaper}
04-25 23:33:29.555   683  2160 I BufferQueueProducer: [com.digitalindeed.converter/com.digitalindeed.converter.PreferencesActivity#1](id:2ab0000012a,api:1,p:11229,c:683) connect(): api=1 producerControlledByApp=false
04-25 23:33:29.562  1018  1747 I InputDispatcher: setInputWindows displayId=0 Window{696f6f2 mode=1 rootTaskId=1 u0 RoundCorner} Window{31c7cb7 mode=1 rootTaskId=1 u0 RoundCorner} Window{2be8613 mode=1 rootTaskId=1 u0 NavigationBar0} Window{71864b6 mode=1 rootTaskId=1 u0 control_center} Window{4d87a44 mode=1 rootTaskId=1 u0 StatusBar} com.digitalindeed.converter/com.digitalindeed.converter.PreferencesActivity#1 Window{788fc1e mode=1 rootTaskId=794 u0 com.digitalindeed.converter/com.digitalindeed.converter.PreferencesActivity} Window{6bf4cd3 mode=1 rootTaskId=1 u0 com.miui.miwallpaper.wallpaperservice.MiuiKeyguardPictorialWallpaper} Window{3bf6bc9 mode=1 rootTaskId=1 u0 com.miui.miwallpaper.wallpaperservice.ImageWallpaper}
04-25 23:33:29.580  1018  1876 I InputDispatcher: setInputWindows displayId=0 Window{696f6f2 mode=1 rootTaskId=1 u0 RoundCorner} Window{31c7cb7 mode=1 rootTaskId=1 u0 RoundCorner} Window{2be8613 mode=1 rootTaskId=1 u0 NavigationBar0} Window{71864b6 mode=1 rootTaskId=1 u0 control_center} Window{4d87a44 mode=1 rootTaskId=1 u0 StatusBar} Window{8737901 mode=1 rootTaskId=794 u0 com.digitalindeed.converter/com.digitalindeed.converter.PreferencesActivity} Window{788fc1e mode=1 rootTaskId=794 u0 com.digitalindeed.converter/com.digitalindeed.converter.PreferencesActivity} Window{6bf4cd3 mode=1 rootTaskId=1 u0 com.miui.miwallpaper.wallpaperservice.MiuiKeyguardPictorialWallpaper} Window{3bf6bc9 mode=1 rootTaskId=1 u0 com.miui.miwallpaper.wallpaperservice.ImageWallpaper}
04-25 23:33:29.580  1018  1876 I InputDispatcher: Window went away: com.digitalindeed.converter/com.digitalindeed.converter.PreferencesActivity#1
04-25 23:33:29.645  1018  1876 I InputDispatcher: setInputWindows displayId=0 Window{696f6f2 mode=1 rootTaskId=1 u0 RoundCorner} Window{31c7cb7 mode=1 rootTaskId=1 u0 RoundCorner} Window{2be8613 mode=1 rootTaskId=1 u0 NavigationBar0} Window{71864b6 mode=1 rootTaskId=1 u0 control_center} Window{4d87a44 mode=1 rootTaskId=1 u0 StatusBar} Window{8737901 mode=1 rootTaskId=794 u0 com.digitalindeed.converter/com.digitalindeed.converter.PreferencesActivity} Window{788fc1e mode=1 rootTaskId=794 u0 com.digitalindeed.converter/com.digitalindeed.converter.PreferencesActivity} Window{6bf4cd3 mode=1 rootTaskId=1 u0 com.miui.miwallpaper.wallpaperservice.MiuiKeyguardPictorialWallpaper} Window{3bf6bc9 mode=1 rootTaskId=1 u0 com.miui.miwallpaper.wallpaperservice.ImageWallpaper}
04-25 23:33:29.646  1018  1876 I InputDispatcher: Focus entered window: Window{8737901 mode=1 rootTaskId=794 u0 com.digitalindeed.converter/com.digitalindeed.converter.PreferencesActivity} in display 0
04-25 23:33:29.661   683  2160 I BufferQueueProducer: [com.digitalindeed.converter/com.digitalindeed.converter.PreferencesActivity#1](id:2ab0000012a,api:1,p:11229,c:683) disconnect(): api=1
04-25 23:33:29.661  1018  1876 I InputDispatcher: setInputWindows displayId=0 Window{696f6f2 mode=1 rootTaskId=1 u0 RoundCorner} Window{31c7cb7 mode=1 rootTaskId=1 u0 RoundCorner} Window{2be8613 mode=1 rootTaskId=1 u0 NavigationBar0} Window{71864b6 mode=1 rootTaskId=1 u0 control_center} Window{4d87a44 mode=1 rootTaskId=1 u0 StatusBar} Window{8737901 mode=1 rootTaskId=794 u0 com.digitalindeed.converter/com.digitalindeed.converter.PreferencesActivity} Window{788fc1e mode=1 rootTaskId=794 u0 com.digitalindeed.converter/com.digitalindeed.converter.PreferencesActivity} Window{6bf4cd3 mode=1 rootTaskId=1 u0 com.miui.miwallpaper.wallpaperservice.MiuiKeyguardPictorialWallpaper} Window{3bf6bc9 mode=1 rootTaskId=1 u0 com.miui.miwallpaper.wallpaperservice.ImageWallpaper}
04-25 23:33:29.662   683  2160 I BufferQueueProducer: [com.digitalindeed.converter/com.digitalindeed.converter.PreferencesActivity#1](id:2ab0000012a,api:1,p:11229,c:683) connect(): api=1 producerControlledByApp=false
04-25 23:33:29.678  1018  1876 I InputDispatcher: setInputWindows displayId=0 Window{696f6f2 mode=1 rootTaskId=1 u0 RoundCorner} Window{31c7cb7 mode=1 rootTaskId=1 u0 RoundCorner} Window{2be8613 mode=1 rootTaskId=1 u0 NavigationBar0} Window{71864b6 mode=1 rootTaskId=1 u0 control_center} Window{4d87a44 mode=1 rootTaskId=1 u0 StatusBar} Window{8737901 mode=1 rootTaskId=794 u0 com.digitalindeed.converter/com.digitalindeed.converter.PreferencesActivity} Window{788fc1e mode=1 rootTaskId=794 u0 com.digitalindeed.converter/com.digitalindeed.converter.PreferencesActivity} Window{6bf4cd3 mode=1 rootTaskId=1 u0 com.miui.miwallpaper.wallpaperservice.MiuiKeyguardPictorialWallpaper} Window{3bf6bc9 mode=1 rootTaskId=1 u0 com.miui.miwallpaper.wallpaperservice.ImageWallpaper}
04-25 23:33:29.721  1018  1876 I InputDispatcher: setInputWindows displayId=0 Window{696f6f2 mode=1 rootTaskId=1 u0 RoundCorner} Window{31c7cb7 mode=1 rootTaskId=1 u0 RoundCorner} Window{2be8613 mode=1 rootTaskId=1 u0 NavigationBar0} Window{71864b6 mode=1 rootTaskId=1 u0 control_center} Window{4d87a44 mode=1 rootTaskId=1 u0 StatusBar} Window{8737901 mode=1 rootTaskId=794 u0 com.digitalindeed.converter/com.digitalindeed.converter.PreferencesActivity} Window{788fc1e mode=1 rootTaskId=794 u0 com.digitalindeed.converter/com.digitalindeed.converter.PreferencesActivity} Window{6bf4cd3 mode=1 rootTaskId=1 u0 com.miui.miwallpaper.wallpaperservice.MiuiKeyguardPictorialWallpaper} Window{3bf6bc9 mode=1 rootTaskId=1 u0 com.miui.miwallpaper.wallpaperservice.ImageWallpaper}
04-25 23:33:29.732  1018  1747 I InputDispatcher: setInputWindows displayId=0 Window{696f6f2 mode=1 rootTaskId=1 u0 RoundCorner} Window{31c7cb7 mode=1 rootTaskId=1 u0 RoundCorner} Window{2be8613 mode=1 rootTaskId=1 u0 NavigationBar0} Window{71864b6 mode=1 rootTaskId=1 u0 control_center} Window{4d87a44 mode=1 rootTaskId=1 u0 StatusBar} Window{8737901 mode=1 rootTaskId=794 u0 com.digitalindeed.converter/com.digitalindeed.converter.PreferencesActivity} Window{788fc1e mode=1 rootTaskId=794 u0 com.digitalindeed.converter/com.digitalindeed.converter.PreferencesActivity} Window{6bf4cd3 mode=1 rootTaskId=1 u0 com.miui.miwallpaper.wallpaperservice.MiuiKeyguardPictorialWallpaper} Window{3bf6bc9 mode=1 rootTaskId=1 u0 com.miui.miwallpaper.wallpaperservice.ImageWallpaper}
04-25 23:33:29.762  1018  1747 I InputDispatcher: setInputWindows displayId=0 Window{696f6f2 mode=1 rootTaskId=1 u0 RoundCorner} Window{31c7cb7 mode=1 rootTaskId=1 u0 RoundCorner} Window{2be8613 mode=1 rootTaskId=1 u0 NavigationBar0} Window{71864b6 mode=1 rootTaskId=1 u0 control_center} Window{4d87a44 mode=1 rootTaskId=1 u0 StatusBar} Window{8737901 mode=1 rootTaskId=794 u0 com.digitalindeed.converter/com.digitalindeed.converter.PreferencesActivity} Window{788fc1e mode=1 rootTaskId=794 u0 com.digitalindeed.converter/com.digitalindeed.converter.PreferencesActivity} Window{6bf4cd3 mode=1 rootTaskId=1 u0 com.miui.miwallpaper.wallpaperservice.MiuiKeyguardPictorialWallpaper} Window{3bf6bc9 mode=1 rootTaskId=1 u0 com.miui.miwallpaper.wallpaperservice.ImageWallpaper}
04-25 23:33:29.779  1018  1876 I InputDispatcher: setInputWindows displayId=0 Window{696f6f2 mode=1 rootTaskId=1 u0 RoundCorner} Window{31c7cb7 mode=1 rootTaskId=1 u0 RoundCorner} Window{2be8613 mode=1 rootTaskId=1 u0 NavigationBar0} Window{71864b6 mode=1 rootTaskId=1 u0 control_center} Window{4d87a44 mode=1 rootTaskId=1 u0 StatusBar} Window{8737901 mode=1 rootTaskId=794 u0 com.digitalindeed.converter/com.digitalindeed.converter.PreferencesActivity} Window{788fc1e mode=1 rootTaskId=794 u0 com.digitalindeed.converter/com.digitalindeed.converter.PreferencesActivity} Window{6bf4cd3 mode=1 rootTaskId=1 u0 com.miui.miwallpaper.wallpaperservice.MiuiKeyguardPictorialWallpaper} Window{3bf6bc9 mode=1 rootTaskId=1 u0 com.miui.miwallpaper.wallpaperservice.ImageWallpaper}
04-25 23:33:29.846  1018  1876 I InputDispatcher: setInputWindows displayId=0 Window{696f6f2 mode=1 rootTaskId=1 u0 RoundCorner} Window{31c7cb7 mode=1 rootTaskId=1 u0 RoundCorner} Window{2be8613 mode=1 rootTaskId=1 u0 NavigationBar0} Window{71864b6 mode=1 rootTaskId=1 u0 control_center} Window{4d87a44 mode=1 rootTaskId=1 u0 StatusBar} Window{8737901 mode=1 rootTaskId=794 u0 com.digitalindeed.converter/com.digitalindeed.converter.PreferencesActivity} Window{788fc1e mode=1 rootTaskId=794 u0 com.digitalindeed.converter/com.digitalindeed.converter.PreferencesActivity} Window{6bf4cd3 mode=1 rootTaskId=1 u0 com.miui.miwallpaper.wallpaperservice.MiuiKeyguardPictorialWallpaper} Window{3bf6bc9 mode=1 rootTaskId=1 u0 com.miui.miwallpaper.wallpaperservice.ImageWallpaper}
04-25 23:33:31.042   683  1284 I BufferQueueProducer: [com.digitalindeed.converter/com.digitalindeed.converter.PreferencesActivity#0](this:0xb40000701538dc58,id:297,api:1,p:11229,c:683) queueBuffer: fps=9.19 dur=1523.82 max=1237.73 min=11.66
04-25 23:33:31.147   683  1284 I BufferQueueProducer: [com.digitalindeed.converter/com.digitalindeed.converter.PreferencesActivity#1](this:0xb400007035d82058,id:298,api:1,p:11229,c:683) queueBuffer: fps=3.29 dur=1520.46 max=1441.17 min=10.61
04-25 23:33:34.099   683  1284 I BufferQueueProducer: [com.digitalindeed.converter/com.digitalindeed.converter.PreferencesActivity#1](this:0xb400007035d82058,id:298,api:1,p:11229,c:683) queueBuffer: fps=8.47 dur=2952.28 max=2558.95 min=12.07
04-25 23:33:34.151   683  1284 I BufferQueueProducer: [com.digitalindeed.converter/com.digitalindeed.converter.PreferencesActivity#1](id:2ab0000012a,api:1,p:11229,c:683) disconnect(): api=1
04-25 23:33:34.156  1018  4332 W WindowManager: Changing focus fromWindow{8737901 mode=1 rootTaskId=794 u0 com.digitalindeed.converter/com.digitalindeed.converter.PreferencesActivity EXITING} to Window{788fc1e mode=1 rootTaskId=794 u0 com.digitalindeed.converter/com.digitalindeed.converter.PreferencesActivity} displayId=0 Callers=com.android.server.wm.RootWindowContainer.updateFocusedWindowLocked:470 com.android.server.wm.WindowManagerService.updateFocusedWindowLocked:6045 com.android.server.wm.WindowState.setupWindowForRemoveOnExit:2438 com.android.server.wm.WindowState.removeIfPossible:2407
04-25 23:33:34.159  1018  4332 D WindowManager: Input focus has changed to Window{788fc1e mode=1 rootTaskId=794 u0 com.digitalindeed.converter/com.digitalindeed.converter.PreferencesActivity}
