04-25 23:39:17.484  2066  2066 D Launcher.CellLayout: touch item:ShortcutInfo, id=121, itemType=0, user=UserHandle{0}, mIconType=0, pkgName=com.digitalindeed.converter, className=com.digitalindeed.converter.NewMainActivity, screenId=4, container=-100, cellX=3, cellY=1, spanX=1, spanY=1, isLandscapePos=false
04-25 23:39:17.580  1018  3098 I ActivityTaskManager: START u0 {act=android.intent.action.MAIN cat=[android.intent.category.LAUNCHER] flg=0x10200000 cmp=com.digitalindeed.converter/.NewMainActivity bnds=[841,480][1009,648] (has extras)} from uid 10108
04-25 23:39:17.589  1018  3098 V ActivityTaskManager: Starting new activity ActivityRecord{ea20bb2 u0 com.digitalindeed.converter/.NewMainActivity t801} in new task Task{83b6703 #801 visible=true type=standard mode=fullscreen translucent=true A=10280:com.digitalindeed.converter U=0 StackId=801 sz=1}
04-25 23:39:17.617  1018  1290 D DexOptExtImpl: com.digitalindeed.converter reason is bg-dexopt
04-25 23:39:17.645  1018  1230 V WindowManager: Orientation start waiting for draw, mDrawState=DRAW_PENDING in Window{d62f344 mode=1 rootTaskId=801 u0 Splash Screen com.digitalindeed.converter}, surfaceController Surface(name=Splash Screen com.digitalindeed.converter)/@0x67b66dc
04-25 23:39:17.650  1018  2299 I InputDispatcher: setInputWindows displayId=0 Window{696f6f2 mode=1 rootTaskId=1 u0 RoundCorner} Window{31c7cb7 mode=1 rootTaskId=1 u0 RoundCorner} Window{2be8613 mode=1 rootTaskId=1 u0 NavigationBar0} Window{71864b6 mode=1 rootTaskId=1 u0 control_center} Window{4d87a44 mode=1 rootTaskId=1 u0 StatusBar} Splash Screen com.digitalindeed.converter#0 Window{3f71eb mode=1 rootTaskId=1 u0 LauncherMinusOneScreen} Window{7cbeb5c mode=1 rootTaskId=1 u0 com.miui.home/com.miui.home.launcher.Launcher} Window{6bf4cd3 mode=1 rootTaskId=1 u0 com.miui.miwallpaper.wallpaperservice.MiuiKeyguardPictorialWallpaper} Window{3bf6bc9 mode=1 rootTaskId=1 u0 com.miui.miwallpaper.wallpaperservice.ImageWallpaper}
04-25 23:39:17.655   683  2160 I BufferQueueProducer: [Splash Screen com.digitalindeed.converter#0](id:2ab00000164,api:2,p:1018,c:683) connect(): api=2 producerControlledByApp=false
04-25 23:39:17.657  1018  1307 D Boost   : hostingType=pre-top-activity, hostingName={com.digitalindeed.converter/com.digitalindeed.converter.NewMainActivity}, callerPackage=com.miui.home, isSystem=true, isBoostNeeded=false.
04-25 23:39:17.658  1018  1307 I ActivityManager: Start proc 12898:com.digitalindeed.converter/u0a280 for pre-top-activity {com.digitalindeed.converter/com.digitalindeed.converter.NewMainActivity} caller=com.miui.home
04-25 23:39:17.667  1018  2299 I InputDispatcher: setInputWindows displayId=0 Window{696f6f2 mode=1 rootTaskId=1 u0 RoundCorner} Window{31c7cb7 mode=1 rootTaskId=1 u0 RoundCorner} Window{2be8613 mode=1 rootTaskId=1 u0 NavigationBar0} Window{71864b6 mode=1 rootTaskId=1 u0 control_center} Window{4d87a44 mode=1 rootTaskId=1 u0 StatusBar} Splash Screen com.digitalindeed.converter#0 Window{3f71eb mode=1 rootTaskId=1 u0 LauncherMinusOneScreen} Window{7cbeb5c mode=1 rootTaskId=1 u0 com.miui.home/com.miui.home.launcher.Launcher} Window{6bf4cd3 mode=1 rootTaskId=1 u0 com.miui.miwallpaper.wallpaperservice.MiuiKeyguardPictorialWallpaper} Window{3bf6bc9 mode=1 rootTaskId=1 u0 com.miui.miwallpaper.wallpaperservice.ImageWallpaper}
04-25 23:39:17.684  1018  3098 I InputDispatcher: setInputWindows displayId=0 Window{696f6f2 mode=1 rootTaskId=1 u0 RoundCorner} Window{31c7cb7 mode=1 rootTaskId=1 u0 RoundCorner} Window{2be8613 mode=1 rootTaskId=1 u0 NavigationBar0} Window{71864b6 mode=1 rootTaskId=1 u0 control_center} Window{4d87a44 mode=1 rootTaskId=1 u0 StatusBar} Window{d62f344 mode=1 rootTaskId=801 u0 Splash Screen com.digitalindeed.converter} LauncherMinusOneScreen#0 com.miui.home/com.miui.home.launcher.Launcher#0 Window{6bf4cd3 mode=1 rootTaskId=1 u0 com.miui.miwallpaper.wallpaperservice.MiuiKeyguardPictorialWallpaper} Window{3bf6bc9 mode=1 rootTaskId=1 u0 com.miui.miwallpaper.wallpaperservice.ImageWallpaper}
04-25 23:39:17.684  1018  3098 I InputDispatcher: Window went away: Splash Screen com.digitalindeed.converter#0
04-25 23:39:17.691  8568  8589 D AutoInstallService: onForegroundInfoChanged: com.digitalindeed.converter
04-25 23:39:17.690  6171  6189 D PerfEngineController: ForegroundInfo{mForegroundPackageName='com.digitalindeed.converter', mForegroundUid=10280, mForegroundPid=12898, mLastForegroundPackageName='com.miui.home', mLastForegroundUid=10108, mLastForegroundPid=2066, mMultiWindowForegroundPackageName='null', mMultiWindowForegroundUid=-1, mFlags=1}
04-25 23:39:17.691  3535 22468 I ProcessMonitor: onForegroundInfoChanged: ForegroundInfo{mForegroundPackageName='com.digitalindeed.converter', mForegroundUid=10280, mForegroundPid=12898, mLastForegroundPackageName='com.miui.home', mLastForegroundUid=10108, mLastForegroundPid=2066, mMultiWindowForegroundPackageName='null', mMultiWindowForegroundUid=-1, mFlags=1}
04-25 23:39:17.692   656   738 I libPowerHal: [perfNotifyAppState] foreground:com.digitalindeed.converter, pid:12898, uid:10280
04-25 23:39:17.693   656   688 I mtkpower@impl: [notifyAppState] pc:1, com.miui.home => com.digitalindeed.converter
04-25 23:39:17.701  1018  3098 I InputDispatcher: setInputWindows displayId=0 Window{696f6f2 mode=1 rootTaskId=1 u0 RoundCorner} Window{31c7cb7 mode=1 rootTaskId=1 u0 RoundCorner} Window{2be8613 mode=1 rootTaskId=1 u0 NavigationBar0} Window{71864b6 mode=1 rootTaskId=1 u0 control_center} Window{4d87a44 mode=1 rootTaskId=1 u0 StatusBar} Window{d62f344 mode=1 rootTaskId=801 u0 Splash Screen com.digitalindeed.converter} LauncherMinusOneScreen#0 com.miui.home/com.miui.home.launcher.Launcher#0 Window{6bf4cd3 mode=1 rootTaskId=1 u0 com.miui.miwallpaper.wallpaperservice.MiuiKeyguardPictorialWallpaper} Window{3bf6bc9 mode=1 rootTaskId=1 u0 com.miui.miwallpaper.wallpaperservice.ImageWallpaper}
04-25 23:39:17.719  1018  2299 I InputDispatcher: setInputWindows displayId=0 Window{696f6f2 mode=1 rootTaskId=1 u0 RoundCorner} Window{31c7cb7 mode=1 rootTaskId=1 u0 RoundCorner} Window{2be8613 mode=1 rootTaskId=1 u0 NavigationBar0} Window{71864b6 mode=1 rootTaskId=1 u0 control_center} Window{4d87a44 mode=1 rootTaskId=1 u0 StatusBar} Window{d62f344 mode=1 rootTaskId=801 u0 Splash Screen com.digitalindeed.converter} LauncherMinusOneScreen#0 com.miui.home/com.miui.home.launcher.Launcher#0 Window{6bf4cd3 mode=1 rootTaskId=1 u0 com.miui.miwallpaper.wallpaperservice.MiuiKeyguardPictorialWallpaper} Window{3bf6bc9 mode=1 rootTaskId=1 u0 com.miui.miwallpaper.wallpaperservice.ImageWallpaper}
04-25 23:39:17.735  1018  2299 I InputDispatcher: setInputWindows displayId=0 Window{696f6f2 mode=1 rootTaskId=1 u0 RoundCorner} Window{31c7cb7 mode=1 rootTaskId=1 u0 RoundCorner} Window{2be8613 mode=1 rootTaskId=1 u0 NavigationBar0} Window{71864b6 mode=1 rootTaskId=1 u0 control_center} Window{4d87a44 mode=1 rootTaskId=1 u0 StatusBar} Window{d62f344 mode=1 rootTaskId=801 u0 Splash Screen com.digitalindeed.converter} LauncherMinusOneScreen#0 com.miui.home/com.miui.home.launcher.Launcher#0 Window{6bf4cd3 mode=1 rootTaskId=1 u0 com.miui.miwallpaper.wallpaperservice.MiuiKeyguardPictorialWallpaper} Window{3bf6bc9 mode=1 rootTaskId=1 u0 com.miui.miwallpaper.wallpaperservice.ImageWallpaper}
04-25 23:39:17.739  1018  2298 I UiModeManager: systemserver package:com.digitalindeed.converter null
04-25 23:39:17.739 12898 12898 I ForceDarkHelper: packageName:com.digitalindeed.converter getForceDarkConfigInfo null  forceDarkAppConfigJsonString:null
04-25 23:39:17.752  1018  2298 I InputDispatcher: setInputWindows displayId=0 Window{696f6f2 mode=1 rootTaskId=1 u0 RoundCorner} Window{31c7cb7 mode=1 rootTaskId=1 u0 RoundCorner} Window{2be8613 mode=1 rootTaskId=1 u0 NavigationBar0} Window{71864b6 mode=1 rootTaskId=1 u0 control_center} Window{4d87a44 mode=1 rootTaskId=1 u0 StatusBar} Window{d62f344 mode=1 rootTaskId=801 u0 Splash Screen com.digitalindeed.converter} LauncherMinusOneScreen#0 com.miui.home/com.miui.home.launcher.Launcher#0 Window{6bf4cd3 mode=1 rootTaskId=1 u0 com.miui.miwallpaper.wallpaperservice.MiuiKeyguardPictorialWallpaper} Window{3bf6bc9 mode=1 rootTaskId=1 u0 com.miui.miwallpaper.wallpaperservice.ImageWallpaper}
04-25 23:39:17.755 12898 12898 I FirebaseCrashlytics: Initializing Firebase Crashlytics 18.2.7 for com.digitalindeed.converter
04-25 23:39:17.768  1018  3098 I InputDispatcher: setInputWindows displayId=0 Window{696f6f2 mode=1 rootTaskId=1 u0 RoundCorner} Window{31c7cb7 mode=1 rootTaskId=1 u0 RoundCorner} Window{2be8613 mode=1 rootTaskId=1 u0 NavigationBar0} Window{71864b6 mode=1 rootTaskId=1 u0 control_center} Window{4d87a44 mode=1 rootTaskId=1 u0 StatusBar} Window{d62f344 mode=1 rootTaskId=801 u0 Splash Screen com.digitalindeed.converter} LauncherMinusOneScreen#0 com.miui.home/com.miui.home.launcher.Launcher#0 Window{6bf4cd3 mode=1 rootTaskId=1 u0 com.miui.miwallpaper.wallpaperservice.MiuiKeyguardPictorialWallpaper} Window{3bf6bc9 mode=1 rootTaskId=1 u0 com.miui.miwallpaper.wallpaperservice.ImageWallpaper}
04-25 23:39:17.785  1018  2299 I InputDispatcher: setInputWindows displayId=0 Window{696f6f2 mode=1 rootTaskId=1 u0 RoundCorner} Window{31c7cb7 mode=1 rootTaskId=1 u0 RoundCorner} Window{2be8613 mode=1 rootTaskId=1 u0 NavigationBar0} Window{71864b6 mode=1 rootTaskId=1 u0 control_center} Window{4d87a44 mode=1 rootTaskId=1 u0 StatusBar} Window{d62f344 mode=1 rootTaskId=801 u0 Splash Screen com.digitalindeed.converter} LauncherMinusOneScreen#0 com.miui.home/com.miui.home.launcher.Launcher#0 Window{6bf4cd3 mode=1 rootTaskId=1 u0 com.miui.miwallpaper.wallpaperservice.MiuiKeyguardPictorialWallpaper} Window{3bf6bc9 mode=1 rootTaskId=1 u0 com.miui.miwallpaper.wallpaperservice.ImageWallpaper}
04-25 23:39:17.800 12898 12898 W System.err:    at com.digitalindeed.converter.util.Conversions.updateCurrencyConversions(Conversions.java:335)
04-25 23:39:17.800 12898 12898 W System.err:    at com.digitalindeed.converter.UnitConverterApplication.onCreate(UnitConverterApplication.java:22)
04-25 23:39:17.802  1018  2299 I InputDispatcher: setInputWindows displayId=0 Window{696f6f2 mode=1 rootTaskId=1 u0 RoundCorner} Window{31c7cb7 mode=1 rootTaskId=1 u0 RoundCorner} Window{2be8613 mode=1 rootTaskId=1 u0 NavigationBar0} Window{71864b6 mode=1 rootTaskId=1 u0 control_center} Window{4d87a44 mode=1 rootTaskId=1 u0 StatusBar} Window{d62f344 mode=1 rootTaskId=801 u0 Splash Screen com.digitalindeed.converter} LauncherMinusOneScreen#0 com.miui.home/com.miui.home.launcher.Launcher#0 Window{6bf4cd3 mode=1 rootTaskId=1 u0 com.miui.miwallpaper.wallpaperservice.MiuiKeyguardPictorialWallpaper} Window{3bf6bc9 mode=1 rootTaskId=1 u0 com.miui.miwallpaper.wallpaperservice.ImageWallpaper}
04-25 23:39:17.818  1018  2298 I InputDispatcher: setInputWindows displayId=0 Window{696f6f2 mode=1 rootTaskId=1 u0 RoundCorner} Window{31c7cb7 mode=1 rootTaskId=1 u0 RoundCorner} Window{2be8613 mode=1 rootTaskId=1 u0 NavigationBar0} Window{71864b6 mode=1 rootTaskId=1 u0 control_center} Window{4d87a44 mode=1 rootTaskId=1 u0 StatusBar} Window{d62f344 mode=1 rootTaskId=801 u0 Splash Screen com.digitalindeed.converter} LauncherMinusOneScreen#0 com.miui.home/com.miui.home.launcher.Launcher#0 Window{6bf4cd3 mode=1 rootTaskId=1 u0 com.miui.miwallpaper.wallpaperservice.MiuiKeyguardPictorialWallpaper} Window{3bf6bc9 mode=1 rootTaskId=1 u0 com.miui.miwallpaper.wallpaperservice.ImageWallpaper}
04-25 23:39:17.835  1018  3098 I InputDispatcher: setInputWindows displayId=0 Window{696f6f2 mode=1 rootTaskId=1 u0 RoundCorner} Window{31c7cb7 mode=1 rootTaskId=1 u0 RoundCorner} Window{2be8613 mode=1 rootTaskId=1 u0 NavigationBar0} Window{71864b6 mode=1 rootTaskId=1 u0 control_center} Window{4d87a44 mode=1 rootTaskId=1 u0 StatusBar} Window{d62f344 mode=1 rootTaskId=801 u0 Splash Screen com.digitalindeed.converter} LauncherMinusOneScreen#0 com.miui.home/com.miui.home.launcher.Launcher#0 Window{6bf4cd3 mode=1 rootTaskId=1 u0 com.miui.miwallpaper.wallpaperservice.MiuiKeyguardPictorialWallpaper} Window{3bf6bc9 mode=1 rootTaskId=1 u0 com.miui.miwallpaper.wallpaperservice.ImageWallpaper}
04-25 23:39:17.852  1018  2298 I InputDispatcher: setInputWindows displayId=0 Window{696f6f2 mode=1 rootTaskId=1 u0 RoundCorner} Window{31c7cb7 mode=1 rootTaskId=1 u0 RoundCorner} Window{2be8613 mode=1 rootTaskId=1 u0 NavigationBar0} Window{71864b6 mode=1 rootTaskId=1 u0 control_center} Window{4d87a44 mode=1 rootTaskId=1 u0 StatusBar} Window{d62f344 mode=1 rootTaskId=801 u0 Splash Screen com.digitalindeed.converter} LauncherMinusOneScreen#0 com.miui.home/com.miui.home.launcher.Launcher#0 Window{6bf4cd3 mode=1 rootTaskId=1 u0 com.miui.miwallpaper.wallpaperservice.MiuiKeyguardPictorialWallpaper} Window{3bf6bc9 mode=1 rootTaskId=1 u0 com.miui.miwallpaper.wallpaperservice.ImageWallpaper}
04-25 23:39:17.869  1018  2298 I InputDispatcher: setInputWindows displayId=0 Window{696f6f2 mode=1 rootTaskId=1 u0 RoundCorner} Window{31c7cb7 mode=1 rootTaskId=1 u0 RoundCorner} Window{2be8613 mode=1 rootTaskId=1 u0 NavigationBar0} Window{71864b6 mode=1 rootTaskId=1 u0 control_center} Window{4d87a44 mode=1 rootTaskId=1 u0 StatusBar} Window{d62f344 mode=1 rootTaskId=801 u0 Splash Screen com.digitalindeed.converter} LauncherMinusOneScreen#0 com.miui.home/com.miui.home.launcher.Launcher#0 Window{6bf4cd3 mode=1 rootTaskId=1 u0 com.miui.miwallpaper.wallpaperservice.MiuiKeyguardPictorialWallpaper} Window{3bf6bc9 mode=1 rootTaskId=1 u0 com.miui.miwallpaper.wallpaperservice.ImageWallpaper}
04-25 23:39:17.886  1018  3098 I InputDispatcher: setInputWindows displayId=0 Window{696f6f2 mode=1 rootTaskId=1 u0 RoundCorner} Window{31c7cb7 mode=1 rootTaskId=1 u0 RoundCorner} Window{2be8613 mode=1 rootTaskId=1 u0 NavigationBar0} Window{71864b6 mode=1 rootTaskId=1 u0 control_center} Window{4d87a44 mode=1 rootTaskId=1 u0 StatusBar} Window{d62f344 mode=1 rootTaskId=801 u0 Splash Screen com.digitalindeed.converter} LauncherMinusOneScreen#0 com.miui.home/com.miui.home.launcher.Launcher#0 Window{6bf4cd3 mode=1 rootTaskId=1 u0 com.miui.miwallpaper.wallpaperservice.MiuiKeyguardPictorialWallpaper} Window{3bf6bc9 mode=1 rootTaskId=1 u0 com.miui.miwallpaper.wallpaperservice.ImageWallpaper}
04-25 23:39:17.898 12898 12898 I TetheringManager: registerTetheringEventCallback:com.digitalindeed.converter
04-25 23:39:17.903  1018  2299 I InputDispatcher: setInputWindows displayId=0 Window{696f6f2 mode=1 rootTaskId=1 u0 RoundCorner} Window{31c7cb7 mode=1 rootTaskId=1 u0 RoundCorner} Window{2be8613 mode=1 rootTaskId=1 u0 NavigationBar0} Window{71864b6 mode=1 rootTaskId=1 u0 control_center} Window{4d87a44 mode=1 rootTaskId=1 u0 StatusBar} Window{d62f344 mode=1 rootTaskId=801 u0 Splash Screen com.digitalindeed.converter} LauncherMinusOneScreen#0 com.miui.home/com.miui.home.launcher.Launcher#0 Window{6bf4cd3 mode=1 rootTaskId=1 u0 com.miui.miwallpaper.wallpaperservice.MiuiKeyguardPictorialWallpaper} Window{3bf6bc9 mode=1 rootTaskId=1 u0 com.miui.miwallpaper.wallpaperservice.ImageWallpaper}
04-25 23:39:17.903  1018  1789 D Ethernet: got request NetworkRequest [ TRACK_DEFAULT id=382, [ Capabilities: INTERNET&NOT_RESTRICTED&TRUSTED Uid: 10280 AdministratorUids: [] RequestorUid: 10280 RequestorPackageName: com.digitalindeed.converter] ] with score 60 and providerId 5
04-25 23:39:17.903  2198  2198 D PhoneSwitcherNetworkRequstListener: got request NetworkRequest [ TRACK_DEFAULT id=382, [ Capabilities: INTERNET&NOT_RESTRICTED&TRUSTED Uid: 10280 AdministratorUids: [] RequestorUid: 10280 RequestorPackageName: com.digitalindeed.converter] ] with score 60 and providerId 5
04-25 23:39:17.904  1018  1718 D UntrustedWifiNetworkFactory: got request NetworkRequest [ TRACK_DEFAULT id=382, [ Capabilities: INTERNET&NOT_RESTRICTED&TRUSTED Uid: 10280 AdministratorUids: [] RequestorUid: 10280 RequestorPackageName: com.digitalindeed.converter] ] with score 60 and providerId 5
04-25 23:39:17.904  1018  1718 D WifiNetworkFactory: got request NetworkRequest [ TRACK_DEFAULT id=382, [ Capabilities: INTERNET&NOT_RESTRICTED&TRUSTED Uid: 10280 AdministratorUids: [] RequestorUid: 10280 RequestorPackageName: com.digitalindeed.converter] ] with score 60 and providerId 5
04-25 23:39:17.904  1018  1718 D UntrustedWifiNetworkFactory: got request NetworkRequest [ TRACK_DEFAULT id=382, [ Capabilities: INTERNET&NOT_RESTRICTED&TRUSTED Uid: 10280 AdministratorUids: [] RequestorUid: 10280 RequestorPackageName: com.digitalindeed.converter] ] with score 60 and providerId 5
04-25 23:39:17.904  1018  1718 D WifiSlaveNetworkFactory: got request NetworkRequest [ TRACK_DEFAULT id=382, [ Capabilities: INTERNET&NOT_RESTRICTED&TRUSTED Uid: 10280 AdministratorUids: [] RequestorUid: 10280 RequestorPackageName: com.digitalindeed.converter] ] with score 60 and providerId 5
04-25 23:39:17.906  1887  2173 D CommandQueue: setStatus: setStatus: what = 0, action = upate_specail_mode, ext = Bundle[mParcelledData.dataSize=120][pkg = com.digitalindeed.converter[enable_config = false
04-25 23:39:17.920  1018  2299 I InputDispatcher: setInputWindows displayId=0 Window{696f6f2 mode=1 rootTaskId=1 u0 RoundCorner} Window{31c7cb7 mode=1 rootTaskId=1 u0 RoundCorner} Window{2be8613 mode=1 rootTaskId=1 u0 NavigationBar0} Window{71864b6 mode=1 rootTaskId=1 u0 control_center} Window{4d87a44 mode=1 rootTaskId=1 u0 StatusBar} Window{d62f344 mode=1 rootTaskId=801 u0 Splash Screen com.digitalindeed.converter} LauncherMinusOneScreen#0 com.miui.home/com.miui.home.launcher.Launcher#0 Window{6bf4cd3 mode=1 rootTaskId=1 u0 com.miui.miwallpaper.wallpaperservice.MiuiKeyguardPictorialWallpaper} Window{3bf6bc9 mode=1 rootTaskId=1 u0 com.miui.miwallpaper.wallpaperservice.ImageWallpaper}
04-25 23:39:17.936 12898 12935 I FA      :   adb shell setprop debug.firebase.analytics.app com.digitalindeed.converter
04-25 23:39:17.937  1018  2299 I InputDispatcher: setInputWindows displayId=0 Window{696f6f2 mode=1 rootTaskId=1 u0 RoundCorner} Window{31c7cb7 mode=1 rootTaskId=1 u0 RoundCorner} Window{2be8613 mode=1 rootTaskId=1 u0 NavigationBar0} Window{71864b6 mode=1 rootTaskId=1 u0 control_center} Window{4d87a44 mode=1 rootTaskId=1 u0 StatusBar} Window{d62f344 mode=1 rootTaskId=801 u0 Splash Screen com.digitalindeed.converter} LauncherMinusOneScreen#0 com.miui.home/com.miui.home.launcher.Launcher#0 Window{6bf4cd3 mode=1 rootTaskId=1 u0 com.miui.miwallpaper.wallpaperservice.MiuiKeyguardPictorialWallpaper} Window{3bf6bc9 mode=1 rootTaskId=1 u0 com.miui.miwallpaper.wallpaperservice.ImageWallpaper}
04-25 23:39:17.954  1018  2299 I InputDispatcher: setInputWindows displayId=0 Window{696f6f2 mode=1 rootTaskId=1 u0 RoundCorner} Window{31c7cb7 mode=1 rootTaskId=1 u0 RoundCorner} Window{2be8613 mode=1 rootTaskId=1 u0 NavigationBar0} Window{71864b6 mode=1 rootTaskId=1 u0 control_center} Window{4d87a44 mode=1 rootTaskId=1 u0 StatusBar} Window{d62f344 mode=1 rootTaskId=801 u0 Splash Screen com.digitalindeed.converter} LauncherMinusOneScreen#0 com.miui.home/com.miui.home.launcher.Launcher#0 Window{6bf4cd3 mode=1 rootTaskId=1 u0 com.miui.miwallpaper.wallpaperservice.MiuiKeyguardPictorialWallpaper} Window{3bf6bc9 mode=1 rootTaskId=1 u0 com.miui.miwallpaper.wallpaperservice.ImageWallpaper}
04-25 23:39:17.967 12898 12898 D View    : com.digitalindeed.converter initForcedUseForceDark: 1
04-25 23:39:17.971  1018  2299 I InputDispatcher: setInputWindows displayId=0 Window{696f6f2 mode=1 rootTaskId=1 u0 RoundCorner} Window{31c7cb7 mode=1 rootTaskId=1 u0 RoundCorner} Window{2be8613 mode=1 rootTaskId=1 u0 NavigationBar0} Window{71864b6 mode=1 rootTaskId=1 u0 control_center} Window{4d87a44 mode=1 rootTaskId=1 u0 StatusBar} Window{d62f344 mode=1 rootTaskId=801 u0 Splash Screen com.digitalindeed.converter} LauncherMinusOneScreen#0 com.miui.home/com.miui.home.launcher.Launcher#0 Window{6bf4cd3 mode=1 rootTaskId=1 u0 com.miui.miwallpaper.wallpaperservice.MiuiKeyguardPictorialWallpaper} Window{3bf6bc9 mode=1 rootTaskId=1 u0 com.miui.miwallpaper.wallpaperservice.ImageWallpaper}
04-25 23:39:18.113  1018  1307 D Boost   : hostingType=, hostingName={com.digitalindeed.converter/org.chromium.content.app.SandboxedProcessService0:0}, callerPackage=com.digitalindeed.converter, isSystem=false, isBoostNeeded=false.
04-25 23:39:18.114  1018  1307 I ActivityManager: Start proc 12981:com.google.android.webview:sandboxed_process0:org.chromium.content.app.SandboxedProcessService0:0/u0i25 for  {com.digitalindeed.converter/org.chromium.content.app.SandboxedProcessService0:0} caller=com.digitalindeed.converter
04-25 23:39:18.177  1018  1307 D Boost   : hostingType=service, hostingName={com.google.android.webview/org.chromium.android_webview.services.ComponentsProviderService}, callerPackage=com.digitalindeed.converter, isSystem=false, isBoostNeeded=false.
04-25 23:39:18.177  1018  1307 I ActivityManager: Start proc 13031:com.google.android.webview:webview_service/u0a205 for service {com.google.android.webview/org.chromium.android_webview.services.ComponentsProviderService} caller=com.digitalindeed.converter
04-25 23:39:18.178  1018  1718 D UntrustedWifiNetworkFactory: got request NetworkRequest [ TRACK_DEFAULT id=383, [ Capabilities: INTERNET&NOT_RESTRICTED&TRUSTED Uid: 10280 AdministratorUids: [] RequestorUid: 10280 RequestorPackageName: com.digitalindeed.converter] ] with score 60 and providerId 5
04-25 23:39:18.178  1018  1789 D Ethernet: got request NetworkRequest [ TRACK_DEFAULT id=383, [ Capabilities: INTERNET&NOT_RESTRICTED&TRUSTED Uid: 10280 AdministratorUids: [] RequestorUid: 10280 RequestorPackageName: com.digitalindeed.converter] ] with score 60 and providerId 5
04-25 23:39:18.178  1018  1718 D WifiNetworkFactory: got request NetworkRequest [ TRACK_DEFAULT id=383, [ Capabilities: INTERNET&NOT_RESTRICTED&TRUSTED Uid: 10280 AdministratorUids: [] RequestorUid: 10280 RequestorPackageName: com.digitalindeed.converter] ] with score 60 and providerId 5
04-25 23:39:18.179  1018  1718 D UntrustedWifiNetworkFactory: got request NetworkRequest [ TRACK_DEFAULT id=383, [ Capabilities: INTERNET&NOT_RESTRICTED&TRUSTED Uid: 10280 AdministratorUids: [] RequestorUid: 10280 RequestorPackageName: com.digitalindeed.converter] ] with score 60 and providerId 5
04-25 23:39:18.179  2198  2198 D PhoneSwitcherNetworkRequstListener: got request NetworkRequest [ TRACK_DEFAULT id=383, [ Capabilities: INTERNET&NOT_RESTRICTED&TRUSTED Uid: 10280 AdministratorUids: [] RequestorUid: 10280 RequestorPackageName: com.digitalindeed.converter] ] with score 60 and providerId 5
04-25 23:39:18.179  1018  1718 D WifiSlaveNetworkFactory: got request NetworkRequest [ TRACK_DEFAULT id=383, [ Capabilities: INTERNET&NOT_RESTRICTED&TRUSTED Uid: 10280 AdministratorUids: [] RequestorUid: 10280 RequestorPackageName: com.digitalindeed.converter] ] with score 60 and providerId 5
04-25 23:39:18.338   683   764 I SurfaceFlinger: [SF client] NEW(0xb400007035c56bc0) for (12898:com.digitalindeed.converter)
04-25 23:39:18.352  2066  2066 D RecentsImpl: mActivityStateObserver com.digitalindeed.converter.NewMainActivity
04-25 23:39:18.352  2066  2066 W RecentsImpl: onResumed className=com.digitalindeed.converter.NewMainActivity   mIsInAnotherPro=false
04-25 23:39:18.352 12898 12898 W Looper  : PerfMonitor looperActivity : package=com.digitalindeed.converter/.NewMainActivity time=101ms latency=558ms running=79ms  procState=2 ClientTransaction{ callbacks=[android.app.servertransaction.LaunchActivityItem] lifecycleRequest=android.app.servertransaction.ResumeActivityItem } historyMsgCount=2 (msgIndex=2 wall=546ms seq=2 running=389ms runnable=17ms io=1ms late=9ms h=android.app.ActivityThread$H w=110)
04-25 23:39:18.356  1018  2298 I InputDispatcher: setInputWindows displayId=0 Window{696f6f2 mode=1 rootTaskId=1 u0 RoundCorner} Window{31c7cb7 mode=1 rootTaskId=1 u0 RoundCorner} Window{2be8613 mode=1 rootTaskId=1 u0 NavigationBar0} Window{71864b6 mode=1 rootTaskId=1 u0 control_center} Window{4d87a44 mode=1 rootTaskId=1 u0 StatusBar} Window{d62f344 mode=1 rootTaskId=801 u0 Splash Screen com.digitalindeed.converter} LauncherMinusOneScreen#0 com.miui.home/com.miui.home.launcher.Launcher#0 Window{6bf4cd3 mode=1 rootTaskId=1 u0 com.miui.miwallpaper.wallpaperservice.MiuiKeyguardPictorialWallpaper} Window{3bf6bc9 mode=1 rootTaskId=1 u0 com.miui.miwallpaper.wallpaperservice.ImageWallpaper}
04-25 23:39:18.372  1018  3130 I InputDispatcher: setInputWindows displayId=0 Window{696f6f2 mode=1 rootTaskId=1 u0 RoundCorner} Window{31c7cb7 mode=1 rootTaskId=1 u0 RoundCorner} Window{2be8613 mode=1 rootTaskId=1 u0 NavigationBar0} Window{71864b6 mode=1 rootTaskId=1 u0 control_center} Window{4d87a44 mode=1 rootTaskId=1 u0 StatusBar} Window{d62f344 mode=1 rootTaskId=801 u0 Splash Screen com.digitalindeed.converter} LauncherMinusOneScreen#0 com.miui.home/com.miui.home.launcher.Launcher#0 Window{6bf4cd3 mode=1 rootTaskId=1 u0 com.miui.miwallpaper.wallpaperservice.MiuiKeyguardPictorialWallpaper} Window{3bf6bc9 mode=1 rootTaskId=1 u0 com.miui.miwallpaper.wallpaperservice.ImageWallpaper}
04-25 23:39:18.378 12898 12898 W Looper  : PerfMonitor looperActivity : package=com.digitalindeed.converter/.NewMainActivity time=1ms latency=684ms running=1ms  procState=2 ClientTransaction{ callbacks=[android.app.servertransaction.TopResumedActivityChangeItem] } historyMsgCount=3 (msgIndex=2 wall=546ms seq=2 running=389ms runnable=17ms io=1ms late=9ms h=android.app.ActivityThread$H w=110) (msgIndex=3 wall=101ms seq=3 running=79ms runnable=4ms late=558ms h=android.app.ActivityThread$H w=159)
04-25 23:39:18.397 12898 12898 I chatty  : uid=10280(com.digitalindeed.converter) identical 1 line
04-25 23:39:18.434 12898 12898 I chatty  : uid=10280(com.digitalindeed.converter) identical 3 lines
04-25 23:39:18.447 12898 12898 I chatty  : uid=10280(com.digitalindeed.converter) identical 2 lines
04-25 23:39:18.483 12898 12898 I chatty  : uid=10280(com.digitalindeed.converter) identical 1 line
04-25 23:39:18.570  1018  1718 D UntrustedWifiNetworkFactory: got request NetworkRequest [ TRACK_DEFAULT id=387, [ Capabilities: INTERNET&NOT_RESTRICTED&TRUSTED Uid: 10280 AdministratorUids: [] RequestorUid: 10280 RequestorPackageName: com.digitalindeed.converter] ] with score 60 and providerId 5
04-25 23:39:18.571  1018  1789 D Ethernet: got request NetworkRequest [ TRACK_DEFAULT id=387, [ Capabilities: INTERNET&NOT_RESTRICTED&TRUSTED Uid: 10280 AdministratorUids: [] RequestorUid: 10280 RequestorPackageName: com.digitalindeed.converter] ] with score 60 and providerId 5
04-25 23:39:18.571  1018  1718 D WifiNetworkFactory: got request NetworkRequest [ TRACK_DEFAULT id=387, [ Capabilities: INTERNET&NOT_RESTRICTED&TRUSTED Uid: 10280 AdministratorUids: [] RequestorUid: 10280 RequestorPackageName: com.digitalindeed.converter] ] with score 60 and providerId 5
04-25 23:39:18.571  1018  1718 D UntrustedWifiNetworkFactory: got request NetworkRequest [ TRACK_DEFAULT id=387, [ Capabilities: INTERNET&NOT_RESTRICTED&TRUSTED Uid: 10280 AdministratorUids: [] RequestorUid: 10280 RequestorPackageName: com.digitalindeed.converter] ] with score 60 and providerId 5
04-25 23:39:18.571  1018  1718 D WifiSlaveNetworkFactory: got request NetworkRequest [ TRACK_DEFAULT id=387, [ Capabilities: INTERNET&NOT_RESTRICTED&TRUSTED Uid: 10280 AdministratorUids: [] RequestorUid: 10280 RequestorPackageName: com.digitalindeed.converter] ] with score 60 and providerId 5
04-25 23:39:18.572  2198  2198 D PhoneSwitcherNetworkRequstListener: got request NetworkRequest [ TRACK_DEFAULT id=387, [ Capabilities: INTERNET&NOT_RESTRICTED&TRUSTED Uid: 10280 AdministratorUids: [] RequestorUid: 10280 RequestorPackageName: com.digitalindeed.converter] ] with score 60 and providerId 5
04-25 23:39:18.602  1018  4344 D PackageDexOptimizer: Running dexopt on: /data/user/0/com.digitalindeed.converter/app_pccache/5/F74702BF34192D1A3F4EA4AD3CF80A7123FA1C44/pcam.jar pkg=com.digitalindeed.converter isa=[arm64] reason=bg-dexopt dexoptFlags=boot_complete,public,secondary,storage_ce,enable_hidden_api_checks target-filter=verify class-loader-context=PCL[];PCL[/data/app/~~z3TZREnj9StUtm0625iilQ==/com.digitalindeed.converter-cyFLEUUuzXG1Knr8fLu7wA==/base.apk]{PCL[/system/framework/org.apache.http.legacy.jar]}
04-25 23:39:18.603  1063  1471 D installd: Getting dex paths for context PCL[];PCL[/data/app/~~z3TZREnj9StUtm0625iilQ==/com.digitalindeed.converter-cyFLEUUuzXG1Knr8fLu7wA==/base.apk]{PCL[/system/framework/org.apache.http.legacy.jar]}
04-25 23:39:18.619  1063  1471 D installd: Processing secondary dex path /data/user/0/com.digitalindeed.converter/app_pccache/5/F74702BF34192D1A3F4EA4AD3CF80A7123FA1C44/pcam.jar
04-25 23:39:18.620 12898 12898 W AdWorker(Defaul: type=1400 audit(0.0:56194): avc: granted { execute } for path="/data/data/com.digitalindeed.converter/app_pccache/5/F74702BF34192D1A3F4EA4AD3CF80A7123FA1C44/pcam.jar" dev="dm-6" ino=926165 scontext=u:r:untrusted_app:s0:c24,c257,c512,c768 tcontext=u:object_r:app_data_file:s0:c24,c257,c512,c768 tclass=file app=com.digitalindeed.converter
04-25 23:39:18.636 13210 13210 W dexoptanalyzer: type=1400 audit(0.0:56195): avc: denied { read } for path="/data/app/~~z3TZREnj9StUtm0625iilQ==/com.digitalindeed.converter-cyFLEUUuzXG1Knr8fLu7wA==/base.apk" dev="dm-6" ino=1442119 scontext=u:r:dexoptanalyzer:s0 tcontext=u:object_r:apk_data_file:s0 tclass=file permissive=0 app=com.digitalindeed.converter
04-25 23:39:18.667 12898 12898 I chatty  : uid=10280(com.digitalindeed.converter) identical 2 lines
04-25 23:39:18.678 12898 12898 I chatty  : uid=10280(com.digitalindeed.converter) identical 1 line
04-25 23:39:18.692 12898 12898 I chatty  : uid=10280(com.digitalindeed.converter) identical 2 lines
04-25 23:39:18.730  1018  3098 I WindowManager: Relayout Window{8186f9a mode=1 rootTaskId=801 u0 com.digitalindeed.converter/com.digitalindeed.converter.NewMainActivity}: oldVis=4 newVis=0 focusMayChange = true
04-25 23:39:18.735  1018  3098 V WindowManager: Orientation start waiting for draw, mDrawState=DRAW_PENDING in Window{8186f9a mode=1 rootTaskId=801 u0 com.digitalindeed.converter/com.digitalindeed.converter.NewMainActivity}, surfaceController Surface(name=com.digitalindeed.converter/com.digitalindeed.converter.NewMainActivity)/@0x2e82cf7
04-25 23:39:18.738  1018  3787 I InputDispatcher: setInputWindows displayId=0 Window{696f6f2 mode=1 rootTaskId=1 u0 RoundCorner} Window{31c7cb7 mode=1 rootTaskId=1 u0 RoundCorner} Window{2be8613 mode=1 rootTaskId=1 u0 NavigationBar0} Window{71864b6 mode=1 rootTaskId=1 u0 control_center} Window{4d87a44 mode=1 rootTaskId=1 u0 StatusBar} Window{d62f344 mode=1 rootTaskId=801 u0 Splash Screen com.digitalindeed.converter} com.digitalindeed.converter/com.digitalindeed.converter.NewMainActivity#0 LauncherMinusOneScreen#0 com.miui.home/com.miui.home.launcher.Launcher#0 Window{6bf4cd3 mode=1 rootTaskId=1 u0 com.miui.miwallpaper.wallpaperservice.MiuiKeyguardPictorialWallpaper} Window{3bf6bc9 mode=1 rootTaskId=1 u0 com.miui.miwallpaper.wallpaperservice.ImageWallpaper}
04-25 23:39:18.739 13210 13210 W dexoptanalyzer: Could not get dex checksums for location /data/app/~~z3TZREnj9StUtm0625iilQ==/com.digitalindeed.converter-cyFLEUUuzXG1Knr8fLu7wA==/base.apk, fd=8
04-25 23:39:18.740  1018  3098 W WindowManager: Changing focus fromnull to Window{8186f9a mode=1 rootTaskId=801 u0 com.digitalindeed.converter/com.digitalindeed.converter.NewMainActivity} displayId=0 Callers=com.android.server.wm.RootWindowContainer.updateFocusedWindowLocked:470 com.android.server.wm.WindowManagerService.updateFocusedWindowLocked:6045 com.android.server.wm.WindowManagerService.relayoutWindow:2635 com.android.server.wm.Session.relayout:213
04-25 23:39:18.743  1018  3098 D WindowManager: Input focus has changed to Window{8186f9a mode=1 rootTaskId=801 u0 com.digitalindeed.converter/com.digitalindeed.converter.NewMainActivity}
04-25 23:39:18.747  1063  1471 D installd: Processed secondary dex file /data/user/0/com.digitalindeed.converter/app_pccache/5/F74702BF34192D1A3F4EA4AD3CF80A7123FA1C44/pcam.jar result=1
04-25 23:39:18.754  1018  3098 I InputDispatcher: setInputWindows displayId=0 Window{696f6f2 mode=1 rootTaskId=1 u0 RoundCorner} Window{31c7cb7 mode=1 rootTaskId=1 u0 RoundCorner} Window{2be8613 mode=1 rootTaskId=1 u0 NavigationBar0} Window{71864b6 mode=1 rootTaskId=1 u0 control_center} Window{4d87a44 mode=1 rootTaskId=1 u0 StatusBar} Window{d62f344 mode=1 rootTaskId=801 u0 Splash Screen com.digitalindeed.converter} com.digitalindeed.converter/com.digitalindeed.converter.NewMainActivity#0 LauncherMinusOneScreen#0 com.miui.home/com.miui.home.launcher.Launcher#0 Window{6bf4cd3 mode=1 rootTaskId=1 u0 com.miui.miwallpaper.wallpaperservice.MiuiKeyguardPictorialWallpaper} Window{3bf6bc9 mode=1 rootTaskId=1 u0 com.miui.miwallpaper.wallpaperservice.ImageWallpaper}
04-25 23:39:18.758  1063  1471 V installd: DexInv: --- BEGIN '/data/user/0/com.digitalindeed.converter/app_pccache/5/F74702BF34192D1A3F4EA4AD3CF80A7123FA1C44/pcam.jar' ---
04-25 23:39:18.759   683   764 I BufferQueueProducer: [com.digitalindeed.converter/com.digitalindeed.converter.NewMainActivity#0](id:2ab00000165,api:1,p:12898,c:683) connect(): api=1 producerControlledByApp=false
04-25 23:39:18.772  1018  3787 I InputDispatcher: setInputWindows displayId=0 Window{696f6f2 mode=1 rootTaskId=1 u0 RoundCorner} Window{31c7cb7 mode=1 rootTaskId=1 u0 RoundCorner} Window{2be8613 mode=1 rootTaskId=1 u0 NavigationBar0} Window{71864b6 mode=1 rootTaskId=1 u0 control_center} Window{4d87a44 mode=1 rootTaskId=1 u0 StatusBar} Window{d62f344 mode=1 rootTaskId=801 u0 Splash Screen com.digitalindeed.converter} Window{8186f9a mode=1 rootTaskId=801 u0 com.digitalindeed.converter/com.digitalindeed.converter.NewMainActivity} LauncherMinusOneScreen#0 com.miui.home/com.miui.home.launcher.Launcher#0 Window{6bf4cd3 mode=1 rootTaskId=1 u0 com.miui.miwallpaper.wallpaperservice.MiuiKeyguardPictorialWallpaper} Window{3bf6bc9 mode=1 rootTaskId=1 u0 com.miui.miwallpaper.wallpaperservice.ImageWallpaper}
04-25 23:39:18.772  1018  3787 I InputDispatcher: Window went away: com.digitalindeed.converter/com.digitalindeed.converter.NewMainActivity#0
04-25 23:39:18.779 13230 13230 W dex2oat64: /apex/com.android.art/bin/dex2oat64 --zip-fd=7 --zip-location=pcam.jar --input-vdex-fd=-1 --output-vdex-fd=11 --oat-fd=10 --oat-location=/data/user/0/com.digitalindeed.converter/app_pccache/5/F74702BF34192D1A3F4EA4AD3CF80A7123FA1C44/oat/arm64/pcam.odex --instruction-set=arm64 --instruction-set-variant=cortex-a53 --instruction-set-features=default --runtime-arg -Xbootclasspath:/apex/com.android.art/javalib/core-oj.jar:/apex/com.android.art/javalib/core-libart.jar:/apex/com.android.art/javalib/core-icu4j.jar:/apex/com.android.art/javalib/okhttp.jar:/apex/com.android.art/javalib/bouncycastle.jar:/apex/com.android.art/javalib/apache-xml.jar:/system/framework/framework.jar:/system/framework/miuisdk@boot.jar:/system/framework/miuisystemsdk@boot.jar:/system/framework/ext.jar:/system/framework/telephony-common.jar:/system/framework/voip-common.jar:/system/framework/ims-common.jar:/system/framework/framework-atb-backward-compatibility.jar:/system/framework/mediatek-telephony-base.jar:/system/framework/mediatek-telephony-common.jar:/system/framework/mediatek-common.jar:/system/framework/mediatek-framework.jar:/system/framework/OPCommonTelephony.jar:/system/framework/mediatek-ims-common.jar:/system/framework/mediatek-ims-base.jar:/system/framework/mediatek-telecom-common.jar --runtime-arg -Xms64m --runtime-arg -Xmx512m --updatable-bcp-packages-file=/system/etc/updatable-bcp-packages.txt --resolve-startup-const-strings=true --max-image-block-size=524288 --compiler-filter=verify -j6 --swap-fd=12 --classpath-dir=/data/user/0/com.digitalindeed.converter/app_pccache/5/F74702BF34192D1A3F4EA4AD3CF80A7123FA1C44 --class-loader-context=PCL[];PCL[/data/app/~~z3TZREnj9StUtm0625iilQ==/com.digitalindeed.converter-cyFLEUUuzXG1Knr8fLu7wA==/base.apk]{PCL[/system/framework/org.apache.http.legacy.jar]} --class-loader-context-fds=8:9 --generate-mini-debug-info --runtime-arg -Xtarget-sdk-version:30 --runtime-arg -Xhidden-api-policy:enabled --compilation-reason=bg-dexopt
04-25 23:39:18.780 13230 13230 I dex2oat64: /apex/com.android.art/bin/dex2oat64 --input-vdex-fd=-1 --output-vdex-fd=11 --updatable-bcp-packages-file=/system/etc/updatable-bcp-packages.txt --resolve-startup-const-strings=true --max-image-block-size=524288 --compiler-filter=verify -j6 --classpath-dir=/data/user/0/com.digitalindeed.converter/app_pccache/5/F74702BF34192D1A3F4EA4AD3CF80A7123FA1C44 --class-loader-context=PCL[];PCL[/data/app/~~z3TZREnj9StUtm0625iilQ==/com.digitalindeed.converter-cyFLEUUuzXG1Knr8fLu7wA==/base.apk]{PCL[/system/framework/org.apache.http.legacy.jar]} --class-loader-context-fds=8:9 --generate-mini-debug-info --compilation-reason=bg-dexopt
04-25 23:39:18.853  1018  1230 I Timeline: Timeline: Activity_windows_visible id: ActivityRecord{ea20bb2 u0 com.digitalindeed.converter/.NewMainActivity t801} time:5177095
04-25 23:39:18.856  1018  1304 D ArtManagerInternalImpl: /data/misc/iorapd/com.digitalindeed.converter/18/com.digitalindeed.converter.NewMainActivity/compiled_traces/compiled_trace.pb doesn't exist
04-25 23:39:18.856  1018  4337 I InputDispatcher: setInputWindows displayId=0 Window{696f6f2 mode=1 rootTaskId=1 u0 RoundCorner} Window{31c7cb7 mode=1 rootTaskId=1 u0 RoundCorner} Window{2be8613 mode=1 rootTaskId=1 u0 NavigationBar0} Window{71864b6 mode=1 rootTaskId=1 u0 control_center} Window{4d87a44 mode=1 rootTaskId=1 u0 StatusBar} Window{d62f344 mode=1 rootTaskId=801 u0 Splash Screen com.digitalindeed.converter} Window{8186f9a mode=1 rootTaskId=801 u0 com.digitalindeed.converter/com.digitalindeed.converter.NewMainActivity} LauncherMinusOneScreen#0 com.miui.home/com.miui.home.launcher.Launcher#0 Window{6bf4cd3 mode=1 rootTaskId=1 u0 com.miui.miwallpaper.wallpaperservice.MiuiKeyguardPictorialWallpaper} Window{3bf6bc9 mode=1 rootTaskId=1 u0 com.miui.miwallpaper.wallpaperservice.ImageWallpaper}
04-25 23:39:18.857  1018  1304 I ActivityTaskManager: Displayed com.digitalindeed.converter/.NewMainActivity: +1s274ms
04-25 23:39:18.861   683   764 I BufferQueueProducer: [Splash Screen com.digitalindeed.converter#0](id:2ab00000164,api:2,p:1018,c:683) disconnect(): api=2
04-25 23:39:18.873  1018  3787 I InputDispatcher: setInputWindows displayId=0 Window{696f6f2 mode=1 rootTaskId=1 u0 RoundCorner} Window{31c7cb7 mode=1 rootTaskId=1 u0 RoundCorner} Window{2be8613 mode=1 rootTaskId=1 u0 NavigationBar0} Window{71864b6 mode=1 rootTaskId=1 u0 control_center} Window{4d87a44 mode=1 rootTaskId=1 u0 StatusBar} Window{d62f344 mode=1 rootTaskId=801 u0 Splash Screen com.digitalindeed.converter} Window{8186f9a mode=1 rootTaskId=801 u0 com.digitalindeed.converter/com.digitalindeed.converter.NewMainActivity} LauncherMinusOneScreen#0 com.miui.home/com.miui.home.launcher.Launcher#0 Window{6bf4cd3 mode=1 rootTaskId=1 u0 com.miui.miwallpaper.wallpaperservice.MiuiKeyguardPictorialWallpaper} Window{3bf6bc9 mode=1 rootTaskId=1 u0 com.miui.miwallpaper.wallpaperservice.ImageWallpaper}
04-25 23:39:18.873  1018  3787 I InputDispatcher: Focus entered window: Window{8186f9a mode=1 rootTaskId=801 u0 com.digitalindeed.converter/com.digitalindeed.converter.NewMainActivity} in display 0
04-25 23:39:18.887  1018  4337 I InputDispatcher: setInputWindows displayId=0 Window{696f6f2 mode=1 rootTaskId=1 u0 RoundCorner} Window{31c7cb7 mode=1 rootTaskId=1 u0 RoundCorner} Window{2be8613 mode=1 rootTaskId=1 u0 NavigationBar0} Window{71864b6 mode=1 rootTaskId=1 u0 control_center} Window{4d87a44 mode=1 rootTaskId=1 u0 StatusBar} Splash Screen com.digitalindeed.converter#0 Window{8186f9a mode=1 rootTaskId=801 u0 com.digitalindeed.converter/com.digitalindeed.converter.NewMainActivity} LauncherMinusOneScreen#0 com.miui.home/com.miui.home.launcher.Launcher#0 Window{6bf4cd3 mode=1 rootTaskId=1 u0 com.miui.miwallpaper.wallpaperservice.MiuiKeyguardPictorialWallpaper} Window{3bf6bc9 mode=1 rootTaskId=1 u0 com.miui.miwallpaper.wallpaperservice.ImageWallpaper}
04-25 23:39:18.887  1018  4337 I InputDispatcher: Window went away: Window{d62f344 mode=1 rootTaskId=801 u0 Splash Screen com.digitalindeed.converter}
04-25 23:39:18.905  1018  3504 I InputDispatcher: setInputWindows displayId=0 Window{696f6f2 mode=1 rootTaskId=1 u0 RoundCorner} Window{31c7cb7 mode=1 rootTaskId=1 u0 RoundCorner} Window{2be8613 mode=1 rootTaskId=1 u0 NavigationBar0} Window{71864b6 mode=1 rootTaskId=1 u0 control_center} Window{4d87a44 mode=1 rootTaskId=1 u0 StatusBar} Splash Screen com.digitalindeed.converter#0 Window{8186f9a mode=1 rootTaskId=801 u0 com.digitalindeed.converter/com.digitalindeed.converter.NewMainActivity} LauncherMinusOneScreen#0 com.miui.home/com.miui.home.launcher.Launcher#0 Window{6bf4cd3 mode=1 rootTaskId=1 u0 com.miui.miwallpaper.wallpaperservice.MiuiKeyguardPictorialWallpaper} Window{3bf6bc9 mode=1 rootTaskId=1 u0 com.miui.miwallpaper.wallpaperservice.ImageWallpaper}
04-25 23:39:18.914   683   764 I BufferQueueProducer: [com.digitalindeed.converter/com.digitalindeed.converter.NewMainActivity#0](id:2ab00000165,api:1,p:12898,c:683) disconnect(): api=1
04-25 23:39:18.915   683   764 I BufferQueueProducer: [com.digitalindeed.converter/com.digitalindeed.converter.NewMainActivity#0](id:2ab00000165,api:1,p:12898,c:683) connect(): api=1 producerControlledByApp=false
04-25 23:39:18.920  1018  3504 I InputDispatcher: setInputWindows displayId=0 Window{696f6f2 mode=1 rootTaskId=1 u0 RoundCorner} Window{31c7cb7 mode=1 rootTaskId=1 u0 RoundCorner} Window{2be8613 mode=1 rootTaskId=1 u0 NavigationBar0} Window{71864b6 mode=1 rootTaskId=1 u0 control_center} Window{4d87a44 mode=1 rootTaskId=1 u0 StatusBar} Splash Screen com.digitalindeed.converter#0 Window{8186f9a mode=1 rootTaskId=801 u0 com.digitalindeed.converter/com.digitalindeed.converter.NewMainActivity} LauncherMinusOneScreen#0 com.miui.home/com.miui.home.launcher.Launcher#0 Window{6bf4cd3 mode=1 rootTaskId=1 u0 com.miui.miwallpaper.wallpaperservice.MiuiKeyguardPictorialWallpaper} Window{3bf6bc9 mode=1 rootTaskId=1 u0 com.miui.miwallpaper.wallpaperservice.ImageWallpaper}
04-25 23:39:18.924  1018  3098 I InputDispatcher: setInputWindows displayId=0 Window{696f6f2 mode=1 rootTaskId=1 u0 RoundCorner} Window{31c7cb7 mode=1 rootTaskId=1 u0 RoundCorner} Window{2be8613 mode=1 rootTaskId=1 u0 NavigationBar0} Window{71864b6 mode=1 rootTaskId=1 u0 control_center} Window{4d87a44 mode=1 rootTaskId=1 u0 StatusBar} Splash Screen com.digitalindeed.converter#0 Window{8186f9a mode=1 rootTaskId=801 u0 com.digitalindeed.converter/com.digitalindeed.converter.NewMainActivity} LauncherMinusOneScreen#0 com.miui.home/com.miui.home.launcher.Launcher#0 Window{6bf4cd3 mode=1 rootTaskId=1 u0 com.miui.miwallpaper.wallpaperservice.MiuiKeyguardPictorialWallpaper} Window{3bf6bc9 mode=1 rootTaskId=1 u0 com.miui.miwallpaper.wallpaperservice.ImageWallpaper}
04-25 23:39:18.940  1018  3504 I InputDispatcher: setInputWindows displayId=0 Window{696f6f2 mode=1 rootTaskId=1 u0 RoundCorner} Window{31c7cb7 mode=1 rootTaskId=1 u0 RoundCorner} Window{2be8613 mode=1 rootTaskId=1 u0 NavigationBar0} Window{71864b6 mode=1 rootTaskId=1 u0 control_center} Window{4d87a44 mode=1 rootTaskId=1 u0 StatusBar} Splash Screen com.digitalindeed.converter#0 Window{8186f9a mode=1 rootTaskId=801 u0 com.digitalindeed.converter/com.digitalindeed.converter.NewMainActivity} LauncherMinusOneScreen#0 com.miui.home/com.miui.home.launcher.Launcher#0 Window{6bf4cd3 mode=1 rootTaskId=1 u0 com.miui.miwallpaper.wallpaperservice.MiuiKeyguardPictorialWallpaper} Window{3bf6bc9 mode=1 rootTaskId=1 u0 com.miui.miwallpaper.wallpaperservice.ImageWallpaper}
04-25 23:39:18.950  8383  8383 I GoogleInputMethodService: GoogleInputMethodService.onStartInput():1898 onStartInput(EditorInfo{inputType=0x0(NULL) imeOptions=0x0 privateImeOptions=null actionName=UNSPECIFIED actionLabel=null actionId=0 initialSelStart=-1 initialSelEnd=-1 initialCapsMode=0x0 hintText=null label=null packageName=com.digitalindeed.converter fieldId=-1 fieldName=null extras=null hintLocales=[]}, false)
04-25 23:39:18.950  1018  3130 I InputDispatcher: setInputWindows displayId=0 Window{696f6f2 mode=1 rootTaskId=1 u0 RoundCorner} Window{31c7cb7 mode=1 rootTaskId=1 u0 RoundCorner} Window{2be8613 mode=1 rootTaskId=1 u0 NavigationBar0} Window{71864b6 mode=1 rootTaskId=1 u0 control_center} Window{4d87a44 mode=1 rootTaskId=1 u0 StatusBar} Splash Screen com.digitalindeed.converter#0 Window{8186f9a mode=1 rootTaskId=801 u0 com.digitalindeed.converter/com.digitalindeed.converter.NewMainActivity} LauncherMinusOneScreen#0 com.miui.home/com.miui.home.launcher.Launcher#0 Window{6bf4cd3 mode=1 rootTaskId=1 u0 com.miui.miwallpaper.wallpaperservice.MiuiKeyguardPictorialWallpaper} Window{3bf6bc9 mode=1 rootTaskId=1 u0 com.miui.miwallpaper.wallpaperservice.ImageWallpaper}
04-25 23:39:18.967  1018  3787 I InputDispatcher: setInputWindows displayId=0 Window{696f6f2 mode=1 rootTaskId=1 u0 RoundCorner} Window{31c7cb7 mode=1 rootTaskId=1 u0 RoundCorner} Window{2be8613 mode=1 rootTaskId=1 u0 NavigationBar0} Window{71864b6 mode=1 rootTaskId=1 u0 control_center} Window{4d87a44 mode=1 rootTaskId=1 u0 StatusBar} Splash Screen com.digitalindeed.converter#0 Window{8186f9a mode=1 rootTaskId=801 u0 com.digitalindeed.converter/com.digitalindeed.converter.NewMainActivity} LauncherMinusOneScreen#0 com.miui.home/com.miui.home.launcher.Launcher#0 Window{6bf4cd3 mode=1 rootTaskId=1 u0 com.miui.miwallpaper.wallpaperservice.MiuiKeyguardPictorialWallpaper} Window{3bf6bc9 mode=1 rootTaskId=1 u0 com.miui.miwallpaper.wallpaperservice.ImageWallpaper}
04-25 23:39:18.987  1018  4337 I InputDispatcher: setInputWindows displayId=0 Window{696f6f2 mode=1 rootTaskId=1 u0 RoundCorner} Window{31c7cb7 mode=1 rootTaskId=1 u0 RoundCorner} Window{2be8613 mode=1 rootTaskId=1 u0 NavigationBar0} Window{71864b6 mode=1 rootTaskId=1 u0 control_center} Window{4d87a44 mode=1 rootTaskId=1 u0 StatusBar} Splash Screen com.digitalindeed.converter#0 Window{8186f9a mode=1 rootTaskId=801 u0 com.digitalindeed.converter/com.digitalindeed.converter.NewMainActivity} Window{6bf4cd3 mode=1 rootTaskId=1 u0 com.miui.miwallpaper.wallpaperservice.MiuiKeyguardPictorialWallpaper} Window{3bf6bc9 mode=1 rootTaskId=1 u0 com.miui.miwallpaper.wallpaperservice.ImageWallpaper}
04-25 23:39:19.000  1018  3787 I InputDispatcher: setInputWindows displayId=0 Window{696f6f2 mode=1 rootTaskId=1 u0 RoundCorner} Window{31c7cb7 mode=1 rootTaskId=1 u0 RoundCorner} Window{2be8613 mode=1 rootTaskId=1 u0 NavigationBar0} Window{71864b6 mode=1 rootTaskId=1 u0 control_center} Window{4d87a44 mode=1 rootTaskId=1 u0 StatusBar} Splash Screen com.digitalindeed.converter#0 Window{8186f9a mode=1 rootTaskId=801 u0 com.digitalindeed.converter/com.digitalindeed.converter.NewMainActivity} Window{6bf4cd3 mode=1 rootTaskId=1 u0 com.miui.miwallpaper.wallpaperservice.MiuiKeyguardPictorialWallpaper} Window{3bf6bc9 mode=1 rootTaskId=1 u0 com.miui.miwallpaper.wallpaperservice.ImageWallpaper}
04-25 23:39:19.017  1018  4337 I InputDispatcher: setInputWindows displayId=0 Window{696f6f2 mode=1 rootTaskId=1 u0 RoundCorner} Window{31c7cb7 mode=1 rootTaskId=1 u0 RoundCorner} Window{2be8613 mode=1 rootTaskId=1 u0 NavigationBar0} Window{71864b6 mode=1 rootTaskId=1 u0 control_center} Window{4d87a44 mode=1 rootTaskId=1 u0 StatusBar} Splash Screen com.digitalindeed.converter#0 Window{8186f9a mode=1 rootTaskId=801 u0 com.digitalindeed.converter/com.digitalindeed.converter.NewMainActivity} Window{6bf4cd3 mode=1 rootTaskId=1 u0 com.miui.miwallpaper.wallpaperservice.MiuiKeyguardPictorialWallpaper} Window{3bf6bc9 mode=1 rootTaskId=1 u0 com.miui.miwallpaper.wallpaperservice.ImageWallpaper}
04-25 23:39:19.034  1018  1032 I InputDispatcher: setInputWindows displayId=0 Window{696f6f2 mode=1 rootTaskId=1 u0 RoundCorner} Window{31c7cb7 mode=1 rootTaskId=1 u0 RoundCorner} Window{2be8613 mode=1 rootTaskId=1 u0 NavigationBar0} Window{71864b6 mode=1 rootTaskId=1 u0 control_center} Window{4d87a44 mode=1 rootTaskId=1 u0 StatusBar} Splash Screen com.digitalindeed.converter#0 Window{8186f9a mode=1 rootTaskId=801 u0 com.digitalindeed.converter/com.digitalindeed.converter.NewMainActivity} Window{6bf4cd3 mode=1 rootTaskId=1 u0 com.miui.miwallpaper.wallpaperservice.MiuiKeyguardPictorialWallpaper} Window{3bf6bc9 mode=1 rootTaskId=1 u0 com.miui.miwallpaper.wallpaperservice.ImageWallpaper}
04-25 23:39:19.039  1063  1471 V installd: DexInv: --- END '/data/user/0/com.digitalindeed.converter/app_pccache/5/F74702BF34192D1A3F4EA4AD3CF80A7123FA1C44/pcam.jar' (success) ---
04-25 23:39:19.040  1018  4344 D com.android.server.pm.PackageManagerServiceInjector: Run dexopt on: /data/user/0/com.digitalindeed.converter/app_pccache/5/F74702BF34192D1A3F4EA4AD3CF80A7123FA1C44/pcam.jar, because top-app{com.digitalindeed.converter} loading it. Dexopt result: DEX_OPT_PERFORMED
04-25 23:39:19.050  1018  3130 I InputDispatcher: setInputWindows displayId=0 Window{696f6f2 mode=1 rootTaskId=1 u0 RoundCorner} Window{31c7cb7 mode=1 rootTaskId=1 u0 RoundCorner} Window{2be8613 mode=1 rootTaskId=1 u0 NavigationBar0} Window{71864b6 mode=1 rootTaskId=1 u0 control_center} Window{4d87a44 mode=1 rootTaskId=1 u0 StatusBar} Window{8186f9a mode=1 rootTaskId=801 u0 com.digitalindeed.converter/com.digitalindeed.converter.NewMainActivity} Window{6bf4cd3 mode=1 rootTaskId=1 u0 com.miui.miwallpaper.wallpaperservice.MiuiKeyguardPictorialWallpaper} Window{3bf6bc9 mode=1 rootTaskId=1 u0 com.miui.miwallpaper.wallpaperservice.ImageWallpaper}
04-25 23:39:19.050  1018  3130 I InputDispatcher: Window went away: Splash Screen com.digitalindeed.converter#0
04-25 23:39:19.051   683   683 I BufferQueueConsumer: [Splash Screen com.digitalindeed.converter#0](id:2ab00000164,api:0,p:-1,c:683) disconnect()
04-25 23:39:19.051   683   683 I BufferQueue: [Splash Screen com.digitalindeed.converter#0](this:0xb400007035d86658,id:356,api:2,p:-1,c:-1) onDestructor()
