04-25 23:33:21.457  2066  2066 D Launcher.CellLayout: touch item:ShortcutInfo, id=121, itemType=0, user=UserHandle{0}, mIconType=0, pkgName=com.digitalindeed.converter, className=com.digitalindeed.converter.NewMainActivity, screenId=4, container=-100, cellX=3, cellY=1, spanX=1, spanY=1, isLandscapePos=false
04-25 23:33:21.607  1018  3130 I ActivityTaskManager: START u0 {act=android.intent.action.MAIN cat=[android.intent.category.LAUNCHER] flg=0x10200000 cmp=com.digitalindeed.converter/.NewMainActivity bnds=[844,484][1012,652] (has extras)} from uid 10108
04-25 23:33:21.614  1018  3130 V ActivityTaskManager: Starting new activity ActivityRecord{58a0e6f u0 com.digitalindeed.converter/.NewMainActivity t794} in new task Task{508277c #794 visible=true type=standard mode=fullscreen translucent=true A=10280:com.digitalindeed.converter U=0 StackId=794 sz=1}
04-25 23:33:21.642  1018  1290 D DexOptExtImpl: com.digitalindeed.converter reason is bg-dexopt
04-25 23:33:21.651  1018  1307 D Boost   : hostingType=pre-top-activity, hostingName={com.digitalindeed.converter/com.digitalindeed.converter.NewMainActivity}, callerPackage=com.miui.home, isSystem=true, isBoostNeeded=false.
04-25 23:33:21.652  1018  1307 I ActivityManager: Start proc 11229:com.digitalindeed.converter/u0a280 for pre-top-activity {com.digitalindeed.converter/com.digitalindeed.converter.NewMainActivity} caller=com.miui.home
04-25 23:33:21.677  6171  6189 D PerfEngineController: ForegroundInfo{mForegroundPackageName='com.digitalindeed.converter', mForegroundUid=10280, mForegroundPid=11229, mLastForegroundPackageName='com.miui.home', mLastForegroundUid=10108, mLastForegroundPid=2066, mMultiWindowForegroundPackageName='null', mMultiWindowForegroundUid=-1, mFlags=1}
04-25 23:33:21.678  8568  8589 D AutoInstallService: onForegroundInfoChanged: com.digitalindeed.converter
04-25 23:33:21.678  3535  5149 I ProcessMonitor: onForegroundInfoChanged: ForegroundInfo{mForegroundPackageName='com.digitalindeed.converter', mForegroundUid=10280, mForegroundPid=11229, mLastForegroundPackageName='com.miui.home', mLastForegroundUid=10108, mLastForegroundPid=2066, mMultiWindowForegroundPackageName='null', mMultiWindowForegroundUid=-1, mFlags=1}
04-25 23:33:21.680   656   738 I libPowerHal: [perfNotifyAppState] foreground:com.digitalindeed.converter, pid:11229, uid:10280
04-25 23:33:21.681   656   688 I mtkpower@impl: [notifyAppState] pc:1, com.miui.home => com.digitalindeed.converter
04-25 23:33:21.694  1018  1230 V WindowManager: Orientation start waiting for draw, mDrawState=DRAW_PENDING in Window{600f0a4 mode=1 rootTaskId=794 u0 Splash Screen com.digitalindeed.converter}, surfaceController Surface(name=Splash Screen com.digitalindeed.converter)/@0xe6fb03c
04-25 23:33:21.703   683  2160 I BufferQueueProducer: [Splash Screen com.digitalindeed.converter#0](id:2ab00000126,api:2,p:1018,c:683) connect(): api=2 producerControlledByApp=false
04-25 23:33:21.706  1018  3130 I InputDispatcher: setInputWindows displayId=0 Window{696f6f2 mode=1 rootTaskId=1 u0 RoundCorner} Window{31c7cb7 mode=1 rootTaskId=1 u0 RoundCorner} Window{2be8613 mode=1 rootTaskId=1 u0 NavigationBar0} Window{71864b6 mode=1 rootTaskId=1 u0 control_center} Window{4d87a44 mode=1 rootTaskId=1 u0 StatusBar} Splash Screen com.digitalindeed.converter#0 LauncherMinusOneScreen#0 com.miui.home/com.miui.home.launcher.Launcher#0 Window{6bf4cd3 mode=1 rootTaskId=1 u0 com.miui.miwallpaper.wallpaperservice.MiuiKeyguardPictorialWallpaper} Window{3bf6bc9 mode=1 rootTaskId=1 u0 com.miui.miwallpaper.wallpaperservice.ImageWallpaper}
04-25 23:33:21.723  1018  3130 I InputDispatcher: setInputWindows displayId=0 Window{696f6f2 mode=1 rootTaskId=1 u0 RoundCorner} Window{31c7cb7 mode=1 rootTaskId=1 u0 RoundCorner} Window{2be8613 mode=1 rootTaskId=1 u0 NavigationBar0} Window{71864b6 mode=1 rootTaskId=1 u0 control_center} Window{4d87a44 mode=1 rootTaskId=1 u0 StatusBar} Splash Screen com.digitalindeed.converter#0 LauncherMinusOneScreen#0 com.miui.home/com.miui.home.launcher.Launcher#0 Window{6bf4cd3 mode=1 rootTaskId=1 u0 com.miui.miwallpaper.wallpaperservice.MiuiKeyguardPictorialWallpaper} Window{3bf6bc9 mode=1 rootTaskId=1 u0 com.miui.miwallpaper.wallpaperservice.ImageWallpaper}
04-25 23:33:21.728  1018  3130 I UiModeManager: systemserver package:com.digitalindeed.converter null
04-25 23:33:21.729 11229 11229 I ForceDarkHelper: packageName:com.digitalindeed.converter getForceDarkConfigInfo null  forceDarkAppConfigJsonString:null
04-25 23:33:21.737  1887  7095 D CommandQueue: setStatus: setStatus: what = 0, action = upate_specail_mode, ext = Bundle[mParcelledData.dataSize=120][pkg = com.digitalindeed.converter[enable_config = false
04-25 23:33:21.742  1018  1031 I InputDispatcher: setInputWindows displayId=0 Window{696f6f2 mode=1 rootTaskId=1 u0 RoundCorner} Window{31c7cb7 mode=1 rootTaskId=1 u0 RoundCorner} Window{2be8613 mode=1 rootTaskId=1 u0 NavigationBar0} Window{71864b6 mode=1 rootTaskId=1 u0 control_center} Window{4d87a44 mode=1 rootTaskId=1 u0 StatusBar} Window{600f0a4 mode=1 rootTaskId=794 u0 Splash Screen com.digitalindeed.converter} LauncherMinusOneScreen#0 com.miui.home/com.miui.home.launcher.Launcher#0 Window{6bf4cd3 mode=1 rootTaskId=1 u0 com.miui.miwallpaper.wallpaperservice.MiuiKeyguardPictorialWallpaper} Window{3bf6bc9 mode=1 rootTaskId=1 u0 com.miui.miwallpaper.wallpaperservice.ImageWallpaper}
04-25 23:33:21.742  1018  1031 I InputDispatcher: Window went away: Splash Screen com.digitalindeed.converter#0
04-25 23:33:21.758  1018  1031 I InputDispatcher: setInputWindows displayId=0 Window{696f6f2 mode=1 rootTaskId=1 u0 RoundCorner} Window{31c7cb7 mode=1 rootTaskId=1 u0 RoundCorner} Window{2be8613 mode=1 rootTaskId=1 u0 NavigationBar0} Window{71864b6 mode=1 rootTaskId=1 u0 control_center} Window{4d87a44 mode=1 rootTaskId=1 u0 StatusBar} Window{600f0a4 mode=1 rootTaskId=794 u0 Splash Screen com.digitalindeed.converter} LauncherMinusOneScreen#0 com.miui.home/com.miui.home.launcher.Launcher#0 Window{6bf4cd3 mode=1 rootTaskId=1 u0 com.miui.miwallpaper.wallpaperservice.MiuiKeyguardPictorialWallpaper} Window{3bf6bc9 mode=1 rootTaskId=1 u0 com.miui.miwallpaper.wallpaperservice.ImageWallpaper}
04-25 23:33:21.762 11229 11229 I FirebaseCrashlytics: Initializing Firebase Crashlytics 18.2.7 for com.digitalindeed.converter
04-25 23:33:21.765  1018  1031 I InputDispatcher: setInputWindows displayId=0 Window{696f6f2 mode=1 rootTaskId=1 u0 RoundCorner} Window{31c7cb7 mode=1 rootTaskId=1 u0 RoundCorner} Window{2be8613 mode=1 rootTaskId=1 u0 NavigationBar0} Window{71864b6 mode=1 rootTaskId=1 u0 control_center} Window{4d87a44 mode=1 rootTaskId=1 u0 StatusBar} Window{600f0a4 mode=1 rootTaskId=794 u0 Splash Screen com.digitalindeed.converter} LauncherMinusOneScreen#0 com.miui.home/com.miui.home.launcher.Launcher#0 Window{6bf4cd3 mode=1 rootTaskId=1 u0 com.miui.miwallpaper.wallpaperservice.MiuiKeyguardPictorialWallpaper} Window{3bf6bc9 mode=1 rootTaskId=1 u0 com.miui.miwallpaper.wallpaperservice.ImageWallpaper}
04-25 23:33:21.777  1018  3130 I InputDispatcher: setInputWindows displayId=0 Window{696f6f2 mode=1 rootTaskId=1 u0 RoundCorner} Window{31c7cb7 mode=1 rootTaskId=1 u0 RoundCorner} Window{2be8613 mode=1 rootTaskId=1 u0 NavigationBar0} Window{71864b6 mode=1 rootTaskId=1 u0 control_center} Window{4d87a44 mode=1 rootTaskId=1 u0 StatusBar} Window{600f0a4 mode=1 rootTaskId=794 u0 Splash Screen com.digitalindeed.converter} LauncherMinusOneScreen#0 com.miui.home/com.miui.home.launcher.Launcher#0 Window{6bf4cd3 mode=1 rootTaskId=1 u0 com.miui.miwallpaper.wallpaperservice.MiuiKeyguardPictorialWallpaper} Window{3bf6bc9 mode=1 rootTaskId=1 u0 com.miui.miwallpaper.wallpaperservice.ImageWallpaper}
04-25 23:33:21.789  1018  1031 I InputDispatcher: setInputWindows displayId=0 Window{696f6f2 mode=1 rootTaskId=1 u0 RoundCorner} Window{31c7cb7 mode=1 rootTaskId=1 u0 RoundCorner} Window{2be8613 mode=1 rootTaskId=1 u0 NavigationBar0} Window{71864b6 mode=1 rootTaskId=1 u0 control_center} Window{4d87a44 mode=1 rootTaskId=1 u0 StatusBar} Window{600f0a4 mode=1 rootTaskId=794 u0 Splash Screen com.digitalindeed.converter} LauncherMinusOneScreen#0 com.miui.home/com.miui.home.launcher.Launcher#0 Window{6bf4cd3 mode=1 rootTaskId=1 u0 com.miui.miwallpaper.wallpaperservice.MiuiKeyguardPictorialWallpaper} Window{3bf6bc9 mode=1 rootTaskId=1 u0 com.miui.miwallpaper.wallpaperservice.ImageWallpaper}
04-25 23:33:21.807  1018  4336 I InputDispatcher: setInputWindows displayId=0 Window{696f6f2 mode=1 rootTaskId=1 u0 RoundCorner} Window{31c7cb7 mode=1 rootTaskId=1 u0 RoundCorner} Window{2be8613 mode=1 rootTaskId=1 u0 NavigationBar0} Window{71864b6 mode=1 rootTaskId=1 u0 control_center} Window{4d87a44 mode=1 rootTaskId=1 u0 StatusBar} Window{600f0a4 mode=1 rootTaskId=794 u0 Splash Screen com.digitalindeed.converter} LauncherMinusOneScreen#0 com.miui.home/com.miui.home.launcher.Launcher#0 Window{6bf4cd3 mode=1 rootTaskId=1 u0 com.miui.miwallpaper.wallpaperservice.MiuiKeyguardPictorialWallpaper} Window{3bf6bc9 mode=1 rootTaskId=1 u0 com.miui.miwallpaper.wallpaperservice.ImageWallpaper}
04-25 23:33:21.823  1018  1031 I InputDispatcher: setInputWindows displayId=0 Window{696f6f2 mode=1 rootTaskId=1 u0 RoundCorner} Window{31c7cb7 mode=1 rootTaskId=1 u0 RoundCorner} Window{2be8613 mode=1 rootTaskId=1 u0 NavigationBar0} Window{71864b6 mode=1 rootTaskId=1 u0 control_center} Window{4d87a44 mode=1 rootTaskId=1 u0 StatusBar} Window{600f0a4 mode=1 rootTaskId=794 u0 Splash Screen com.digitalindeed.converter} LauncherMinusOneScreen#0 com.miui.home/com.miui.home.launcher.Launcher#0 Window{6bf4cd3 mode=1 rootTaskId=1 u0 com.miui.miwallpaper.wallpaperservice.MiuiKeyguardPictorialWallpaper} Window{3bf6bc9 mode=1 rootTaskId=1 u0 com.miui.miwallpaper.wallpaperservice.ImageWallpaper}
04-25 23:33:21.827 11229 11229 W System.err:    at com.digitalindeed.converter.util.Conversions.updateCurrencyConversions(Conversions.java:335)
04-25 23:33:21.827 11229 11229 W System.err:    at com.digitalindeed.converter.UnitConverterApplication.onCreate(UnitConverterApplication.java:22)
04-25 23:33:21.839  1018  3130 I InputDispatcher: setInputWindows displayId=0 Window{696f6f2 mode=1 rootTaskId=1 u0 RoundCorner} Window{31c7cb7 mode=1 rootTaskId=1 u0 RoundCorner} Window{2be8613 mode=1 rootTaskId=1 u0 NavigationBar0} Window{71864b6 mode=1 rootTaskId=1 u0 control_center} Window{4d87a44 mode=1 rootTaskId=1 u0 StatusBar} Window{600f0a4 mode=1 rootTaskId=794 u0 Splash Screen com.digitalindeed.converter} LauncherMinusOneScreen#0 com.miui.home/com.miui.home.launcher.Launcher#0 Window{6bf4cd3 mode=1 rootTaskId=1 u0 com.miui.miwallpaper.wallpaperservice.MiuiKeyguardPictorialWallpaper} Window{3bf6bc9 mode=1 rootTaskId=1 u0 com.miui.miwallpaper.wallpaperservice.ImageWallpaper}
04-25 23:33:21.856  1018  1031 I InputDispatcher: setInputWindows displayId=0 Window{696f6f2 mode=1 rootTaskId=1 u0 RoundCorner} Window{31c7cb7 mode=1 rootTaskId=1 u0 RoundCorner} Window{2be8613 mode=1 rootTaskId=1 u0 NavigationBar0} Window{71864b6 mode=1 rootTaskId=1 u0 control_center} Window{4d87a44 mode=1 rootTaskId=1 u0 StatusBar} Window{600f0a4 mode=1 rootTaskId=794 u0 Splash Screen com.digitalindeed.converter} LauncherMinusOneScreen#0 com.miui.home/com.miui.home.launcher.Launcher#0 Window{6bf4cd3 mode=1 rootTaskId=1 u0 com.miui.miwallpaper.wallpaperservice.MiuiKeyguardPictorialWallpaper} Window{3bf6bc9 mode=1 rootTaskId=1 u0 com.miui.miwallpaper.wallpaperservice.ImageWallpaper}
04-25 23:33:21.873  1018  1031 I InputDispatcher: setInputWindows displayId=0 Window{696f6f2 mode=1 rootTaskId=1 u0 RoundCorner} Window{31c7cb7 mode=1 rootTaskId=1 u0 RoundCorner} Window{2be8613 mode=1 rootTaskId=1 u0 NavigationBar0} Window{71864b6 mode=1 rootTaskId=1 u0 control_center} Window{4d87a44 mode=1 rootTaskId=1 u0 StatusBar} Window{600f0a4 mode=1 rootTaskId=794 u0 Splash Screen com.digitalindeed.converter} LauncherMinusOneScreen#0 com.miui.home/com.miui.home.launcher.Launcher#0 Window{6bf4cd3 mode=1 rootTaskId=1 u0 com.miui.miwallpaper.wallpaperservice.MiuiKeyguardPictorialWallpaper} Window{3bf6bc9 mode=1 rootTaskId=1 u0 com.miui.miwallpaper.wallpaperservice.ImageWallpaper}
04-25 23:33:21.889  1018  1031 I InputDispatcher: setInputWindows displayId=0 Window{696f6f2 mode=1 rootTaskId=1 u0 RoundCorner} Window{31c7cb7 mode=1 rootTaskId=1 u0 RoundCorner} Window{2be8613 mode=1 rootTaskId=1 u0 NavigationBar0} Window{71864b6 mode=1 rootTaskId=1 u0 control_center} Window{4d87a44 mode=1 rootTaskId=1 u0 StatusBar} Window{600f0a4 mode=1 rootTaskId=794 u0 Splash Screen com.digitalindeed.converter} LauncherMinusOneScreen#0 com.miui.home/com.miui.home.launcher.Launcher#0 Window{6bf4cd3 mode=1 rootTaskId=1 u0 com.miui.miwallpaper.wallpaperservice.MiuiKeyguardPictorialWallpaper} Window{3bf6bc9 mode=1 rootTaskId=1 u0 com.miui.miwallpaper.wallpaperservice.ImageWallpaper}
04-25 23:33:21.905  1018  3130 I InputDispatcher: setInputWindows displayId=0 Window{696f6f2 mode=1 rootTaskId=1 u0 RoundCorner} Window{31c7cb7 mode=1 rootTaskId=1 u0 RoundCorner} Window{2be8613 mode=1 rootTaskId=1 u0 NavigationBar0} Window{71864b6 mode=1 rootTaskId=1 u0 control_center} Window{4d87a44 mode=1 rootTaskId=1 u0 StatusBar} Window{600f0a4 mode=1 rootTaskId=794 u0 Splash Screen com.digitalindeed.converter} LauncherMinusOneScreen#0 com.miui.home/com.miui.home.launcher.Launcher#0 Window{6bf4cd3 mode=1 rootTaskId=1 u0 com.miui.miwallpaper.wallpaperservice.MiuiKeyguardPictorialWallpaper} Window{3bf6bc9 mode=1 rootTaskId=1 u0 com.miui.miwallpaper.wallpaperservice.ImageWallpaper}
04-25 23:33:21.912  1018  4336 I InputDispatcher: setInputWindows displayId=0 Window{696f6f2 mode=1 rootTaskId=1 u0 RoundCorner} Window{31c7cb7 mode=1 rootTaskId=1 u0 RoundCorner} Window{2be8613 mode=1 rootTaskId=1 u0 NavigationBar0} Window{71864b6 mode=1 rootTaskId=1 u0 control_center} Window{4d87a44 mode=1 rootTaskId=1 u0 StatusBar} Window{600f0a4 mode=1 rootTaskId=794 u0 Splash Screen com.digitalindeed.converter} LauncherMinusOneScreen#0 com.miui.home/com.miui.home.launcher.Launcher#0 Window{6bf4cd3 mode=1 rootTaskId=1 u0 com.miui.miwallpaper.wallpaperservice.MiuiKeyguardPictorialWallpaper} Window{3bf6bc9 mode=1 rootTaskId=1 u0 com.miui.miwallpaper.wallpaperservice.ImageWallpaper}
04-25 23:33:21.922  1018  1031 I InputDispatcher: setInputWindows displayId=0 Window{696f6f2 mode=1 rootTaskId=1 u0 RoundCorner} Window{31c7cb7 mode=1 rootTaskId=1 u0 RoundCorner} Window{2be8613 mode=1 rootTaskId=1 u0 NavigationBar0} Window{71864b6 mode=1 rootTaskId=1 u0 control_center} Window{4d87a44 mode=1 rootTaskId=1 u0 StatusBar} Window{600f0a4 mode=1 rootTaskId=794 u0 Splash Screen com.digitalindeed.converter} LauncherMinusOneScreen#0 com.miui.home/com.miui.home.launcher.Launcher#0 Window{6bf4cd3 mode=1 rootTaskId=1 u0 com.miui.miwallpaper.wallpaperservice.MiuiKeyguardPictorialWallpaper} Window{3bf6bc9 mode=1 rootTaskId=1 u0 com.miui.miwallpaper.wallpaperservice.ImageWallpaper}
04-25 23:33:21.929 11229 11229 I TetheringManager: registerTetheringEventCallback:com.digitalindeed.converter
04-25 23:33:21.933  1018  1718 D UntrustedWifiNetworkFactory: got request NetworkRequest [ TRACK_DEFAULT id=367, [ Capabilities: INTERNET&NOT_RESTRICTED&TRUSTED Uid: 10280 AdministratorUids: [] RequestorUid: 10280 RequestorPackageName: com.digitalindeed.converter] ] with score 60 and providerId 5
04-25 23:33:21.933  1018  1718 D WifiNetworkFactory: got request NetworkRequest [ TRACK_DEFAULT id=367, [ Capabilities: INTERNET&NOT_RESTRICTED&TRUSTED Uid: 10280 AdministratorUids: [] RequestorUid: 10280 RequestorPackageName: com.digitalindeed.converter] ] with score 60 and providerId 5
04-25 23:33:21.933  1018  1789 D Ethernet: got request NetworkRequest [ TRACK_DEFAULT id=367, [ Capabilities: INTERNET&NOT_RESTRICTED&TRUSTED Uid: 10280 AdministratorUids: [] RequestorUid: 10280 RequestorPackageName: com.digitalindeed.converter] ] with score 60 and providerId 5
04-25 23:33:21.934  1018  1718 D UntrustedWifiNetworkFactory: got request NetworkRequest [ TRACK_DEFAULT id=367, [ Capabilities: INTERNET&NOT_RESTRICTED&TRUSTED Uid: 10280 AdministratorUids: [] RequestorUid: 10280 RequestorPackageName: com.digitalindeed.converter] ] with score 60 and providerId 5
04-25 23:33:21.934  1018  1718 D WifiSlaveNetworkFactory: got request NetworkRequest [ TRACK_DEFAULT id=367, [ Capabilities: INTERNET&NOT_RESTRICTED&TRUSTED Uid: 10280 AdministratorUids: [] RequestorUid: 10280 RequestorPackageName: com.digitalindeed.converter] ] with score 60 and providerId 5
04-25 23:33:21.934  2198  2198 D PhoneSwitcherNetworkRequstListener: got request NetworkRequest [ TRACK_DEFAULT id=367, [ Capabilities: INTERNET&NOT_RESTRICTED&TRUSTED Uid: 10280 AdministratorUids: [] RequestorUid: 10280 RequestorPackageName: com.digitalindeed.converter] ] with score 60 and providerId 5
04-25 23:33:21.938  1018  3130 I InputDispatcher: setInputWindows displayId=0 Window{696f6f2 mode=1 rootTaskId=1 u0 RoundCorner} Window{31c7cb7 mode=1 rootTaskId=1 u0 RoundCorner} Window{2be8613 mode=1 rootTaskId=1 u0 NavigationBar0} Window{71864b6 mode=1 rootTaskId=1 u0 control_center} Window{4d87a44 mode=1 rootTaskId=1 u0 StatusBar} Window{600f0a4 mode=1 rootTaskId=794 u0 Splash Screen com.digitalindeed.converter} LauncherMinusOneScreen#0 com.miui.home/com.miui.home.launcher.Launcher#0 Window{6bf4cd3 mode=1 rootTaskId=1 u0 com.miui.miwallpaper.wallpaperservice.MiuiKeyguardPictorialWallpaper} Window{3bf6bc9 mode=1 rootTaskId=1 u0 com.miui.miwallpaper.wallpaperservice.ImageWallpaper}
04-25 23:33:21.955  1018  1031 I InputDispatcher: setInputWindows displayId=0 Window{696f6f2 mode=1 rootTaskId=1 u0 RoundCorner} Window{31c7cb7 mode=1 rootTaskId=1 u0 RoundCorner} Window{2be8613 mode=1 rootTaskId=1 u0 NavigationBar0} Window{71864b6 mode=1 rootTaskId=1 u0 control_center} Window{4d87a44 mode=1 rootTaskId=1 u0 StatusBar} Window{600f0a4 mode=1 rootTaskId=794 u0 Splash Screen com.digitalindeed.converter} LauncherMinusOneScreen#0 com.miui.home/com.miui.home.launcher.Launcher#0 Window{6bf4cd3 mode=1 rootTaskId=1 u0 com.miui.miwallpaper.wallpaperservice.MiuiKeyguardPictorialWallpaper} Window{3bf6bc9 mode=1 rootTaskId=1 u0 com.miui.miwallpaper.wallpaperservice.ImageWallpaper}
04-25 23:33:21.976 11229 11266 I FA      :   adb shell setprop debug.firebase.analytics.app com.digitalindeed.converter
04-25 23:33:22.000 11229 11229 D View    : com.digitalindeed.converter initForcedUseForceDark: 1
04-25 23:33:22.141  1018  1307 D Boost   : hostingType=, hostingName={com.digitalindeed.converter/org.chromium.content.app.SandboxedProcessService0:0}, callerPackage=com.digitalindeed.converter, isSystem=false, isBoostNeeded=false.
04-25 23:33:22.142  1018  1307 I ActivityManager: Start proc 11312:com.google.android.webview:sandboxed_process0:org.chromium.content.app.SandboxedProcessService0:0/u0i24 for  {com.digitalindeed.converter/org.chromium.content.app.SandboxedProcessService0:0} caller=com.digitalindeed.converter
04-25 23:33:22.180 11229 11306 E chromium: [ERROR:simple_backend_impl.cc(749)] Simple Cache Backend: cache directory inaccessible right after creation; path: /data/user/0/com.digitalindeed.converter/cache/WebView/Default/HTTP Cache/Code Cache/js
04-25 23:33:22.203  1018  1718 D UntrustedWifiNetworkFactory: got request NetworkRequest [ TRACK_DEFAULT id=368, [ Capabilities: INTERNET&NOT_RESTRICTED&TRUSTED Uid: 10280 AdministratorUids: [] RequestorUid: 10280 RequestorPackageName: com.digitalindeed.converter] ] with score 60 and providerId 5
04-25 23:33:22.204  1018  1718 D WifiNetworkFactory: got request NetworkRequest [ TRACK_DEFAULT id=368, [ Capabilities: INTERNET&NOT_RESTRICTED&TRUSTED Uid: 10280 AdministratorUids: [] RequestorUid: 10280 RequestorPackageName: com.digitalindeed.converter] ] with score 60 and providerId 5
04-25 23:33:22.204  1018  1718 D UntrustedWifiNetworkFactory: got request NetworkRequest [ TRACK_DEFAULT id=368, [ Capabilities: INTERNET&NOT_RESTRICTED&TRUSTED Uid: 10280 AdministratorUids: [] RequestorUid: 10280 RequestorPackageName: com.digitalindeed.converter] ] with score 60 and providerId 5
04-25 23:33:22.204  1018  1789 D Ethernet: got request NetworkRequest [ TRACK_DEFAULT id=368, [ Capabilities: INTERNET&NOT_RESTRICTED&TRUSTED Uid: 10280 AdministratorUids: [] RequestorUid: 10280 RequestorPackageName: com.digitalindeed.converter] ] with score 60 and providerId 5
04-25 23:33:22.204  1018  1718 D WifiSlaveNetworkFactory: got request NetworkRequest [ TRACK_DEFAULT id=368, [ Capabilities: INTERNET&NOT_RESTRICTED&TRUSTED Uid: 10280 AdministratorUids: [] RequestorUid: 10280 RequestorPackageName: com.digitalindeed.converter] ] with score 60 and providerId 5
04-25 23:33:22.204  2198  2198 D PhoneSwitcherNetworkRequstListener: got request NetworkRequest [ TRACK_DEFAULT id=368, [ Capabilities: INTERNET&NOT_RESTRICTED&TRUSTED Uid: 10280 AdministratorUids: [] RequestorUid: 10280 RequestorPackageName: com.digitalindeed.converter] ] with score 60 and providerId 5
04-25 23:33:22.221  1018  1307 D Boost   : hostingType=service, hostingName={com.google.android.webview/org.chromium.android_webview.services.ComponentsProviderService}, callerPackage=com.digitalindeed.converter, isSystem=false, isBoostNeeded=false.
04-25 23:33:22.223  1018  1307 I ActivityManager: Start proc 11368:com.google.android.webview:webview_service/u0a205 for service {com.google.android.webview/org.chromium.android_webview.services.ComponentsProviderService} caller=com.digitalindeed.converter
04-25 23:33:22.381   683  2407 I SurfaceFlinger: [SF client] NEW(0xb400007017a33a40) for (11229:com.digitalindeed.converter)
04-25 23:33:22.394 11229 11229 W Looper  : PerfMonitor looperActivity : package=com.digitalindeed.converter/.NewMainActivity time=125ms latency=587ms running=97ms  procState=2 ClientTransaction{ callbacks=[android.app.servertransaction.LaunchActivityItem] lifecycleRequest=android.app.servertransaction.ResumeActivityItem } historyMsgCount=2 (msgIndex=2 wall=578ms seq=2 running=405ms runnable=32ms io=7ms late=5ms h=android.app.ActivityThread$H w=110)
04-25 23:33:22.394  2066  2066 D RecentsImpl: mActivityStateObserver com.digitalindeed.converter.NewMainActivity
04-25 23:33:22.394  2066  2066 W RecentsImpl: onResumed className=com.digitalindeed.converter.NewMainActivity   mIsInAnotherPro=false
04-25 23:33:22.406  1018  3130 I InputDispatcher: setInputWindows displayId=0 Window{696f6f2 mode=1 rootTaskId=1 u0 RoundCorner} Window{31c7cb7 mode=1 rootTaskId=1 u0 RoundCorner} Window{2be8613 mode=1 rootTaskId=1 u0 NavigationBar0} Window{71864b6 mode=1 rootTaskId=1 u0 control_center} Window{4d87a44 mode=1 rootTaskId=1 u0 StatusBar} Window{600f0a4 mode=1 rootTaskId=794 u0 Splash Screen com.digitalindeed.converter} LauncherMinusOneScreen#0 com.miui.home/com.miui.home.launcher.Launcher#0 Window{6bf4cd3 mode=1 rootTaskId=1 u0 com.miui.miwallpaper.wallpaperservice.MiuiKeyguardPictorialWallpaper} Window{3bf6bc9 mode=1 rootTaskId=1 u0 com.miui.miwallpaper.wallpaperservice.ImageWallpaper}
04-25 23:33:22.422 11229 11229 W Looper  : PerfMonitor looperActivity : package=com.digitalindeed.converter/.NewMainActivity time=0ms latency=740ms running=0ms  procState=2 ClientTransaction{ callbacks=[android.app.servertransaction.TopResumedActivityChangeItem] } historyMsgCount=3 (msgIndex=2 wall=578ms seq=2 running=405ms runnable=32ms io=7ms late=5ms h=android.app.ActivityThread$H w=110) (msgIndex=3 wall=125ms seq=3 running=97ms runnable=8ms late=587ms h=android.app.ActivityThread$H w=159)
04-25 23:33:22.422  1018  4336 I InputDispatcher: setInputWindows displayId=0 Window{696f6f2 mode=1 rootTaskId=1 u0 RoundCorner} Window{31c7cb7 mode=1 rootTaskId=1 u0 RoundCorner} Window{2be8613 mode=1 rootTaskId=1 u0 NavigationBar0} Window{71864b6 mode=1 rootTaskId=1 u0 control_center} Window{4d87a44 mode=1 rootTaskId=1 u0 StatusBar} Window{600f0a4 mode=1 rootTaskId=794 u0 Splash Screen com.digitalindeed.converter} LauncherMinusOneScreen#0 com.miui.home/com.miui.home.launcher.Launcher#0 Window{6bf4cd3 mode=1 rootTaskId=1 u0 com.miui.miwallpaper.wallpaperservice.MiuiKeyguardPictorialWallpaper} Window{3bf6bc9 mode=1 rootTaskId=1 u0 com.miui.miwallpaper.wallpaperservice.ImageWallpaper}
04-25 23:33:22.447 11229 11229 I chatty  : uid=10280(com.digitalindeed.converter) identical 1 line
04-25 23:33:22.518 11229 11229 I chatty  : uid=10280(com.digitalindeed.converter) identical 3 lines
04-25 23:33:22.531 11229 11229 I chatty  : uid=10280(com.digitalindeed.converter) identical 1 line
04-25 23:33:22.547 11229 11229 I chatty  : uid=10280(com.digitalindeed.converter) identical 1 line
04-25 23:33:22.663  1018  1718 D UntrustedWifiNetworkFactory: got request NetworkRequest [ TRACK_DEFAULT id=372, [ Capabilities: INTERNET&NOT_RESTRICTED&TRUSTED Uid: 10280 AdministratorUids: [] RequestorUid: 10280 RequestorPackageName: com.digitalindeed.converter] ] with score 60 and providerId 5
04-25 23:33:22.664  1018  1718 D WifiNetworkFactory: got request NetworkRequest [ TRACK_DEFAULT id=372, [ Capabilities: INTERNET&NOT_RESTRICTED&TRUSTED Uid: 10280 AdministratorUids: [] RequestorUid: 10280 RequestorPackageName: com.digitalindeed.converter] ] with score 60 and providerId 5
04-25 23:33:22.664  1018  1718 D UntrustedWifiNetworkFactory: got request NetworkRequest [ TRACK_DEFAULT id=372, [ Capabilities: INTERNET&NOT_RESTRICTED&TRUSTED Uid: 10280 AdministratorUids: [] RequestorUid: 10280 RequestorPackageName: com.digitalindeed.converter] ] with score 60 and providerId 5
04-25 23:33:22.664  1018  1718 D WifiSlaveNetworkFactory: got request NetworkRequest [ TRACK_DEFAULT id=372, [ Capabilities: INTERNET&NOT_RESTRICTED&TRUSTED Uid: 10280 AdministratorUids: [] RequestorUid: 10280 RequestorPackageName: com.digitalindeed.converter] ] with score 60 and providerId 5
04-25 23:33:22.664  1018  1789 D Ethernet: got request NetworkRequest [ TRACK_DEFAULT id=372, [ Capabilities: INTERNET&NOT_RESTRICTED&TRUSTED Uid: 10280 AdministratorUids: [] RequestorUid: 10280 RequestorPackageName: com.digitalindeed.converter] ] with score 60 and providerId 5
04-25 23:33:22.665  2198  2198 D PhoneSwitcherNetworkRequstListener: got request NetworkRequest [ TRACK_DEFAULT id=372, [ Capabilities: INTERNET&NOT_RESTRICTED&TRUSTED Uid: 10280 AdministratorUids: [] RequestorUid: 10280 RequestorPackageName: com.digitalindeed.converter] ] with score 60 and providerId 5
04-25 23:33:22.714  1018  4344 D PackageDexOptimizer: Running dexopt on: /data/user/0/com.digitalindeed.converter/app_pccache/5/F74702BF34192D1A3F4EA4AD3CF80A7123FA1C44/pcam.jar pkg=com.digitalindeed.converter isa=[arm64] reason=bg-dexopt dexoptFlags=boot_complete,public,secondary,storage_ce,enable_hidden_api_checks target-filter=verify class-loader-context=PCL[];PCL[/data/app/~~z3TZREnj9StUtm0625iilQ==/com.digitalindeed.converter-cyFLEUUuzXG1Knr8fLu7wA==/base.apk]{PCL[/system/framework/org.apache.http.legacy.jar]}
04-25 23:33:22.714  1063  1471 D installd: Getting dex paths for context PCL[];PCL[/data/app/~~z3TZREnj9StUtm0625iilQ==/com.digitalindeed.converter-cyFLEUUuzXG1Knr8fLu7wA==/base.apk]{PCL[/system/framework/org.apache.http.legacy.jar]}
04-25 23:33:22.728 11229 11229 W AdWorker(Defaul: type=1400 audit(0.0:55989): avc: granted { execute } for path="/data/data/com.digitalindeed.converter/app_pccache/5/F74702BF34192D1A3F4EA4AD3CF80A7123FA1C44/pcam.jar" dev="dm-6" ino=926165 scontext=u:r:untrusted_app:s0:c24,c257,c512,c768 tcontext=u:object_r:app_data_file:s0:c24,c257,c512,c768 tclass=file app=com.digitalindeed.converter
04-25 23:33:22.736  1063  1471 D installd: Processing secondary dex path /data/user/0/com.digitalindeed.converter/app_pccache/5/F74702BF34192D1A3F4EA4AD3CF80A7123FA1C44/pcam.jar
04-25 23:33:22.744 11544 11544 W dexoptanalyzer: type=1400 audit(0.0:55990): avc: denied { read } for path="/data/app/~~z3TZREnj9StUtm0625iilQ==/com.digitalindeed.converter-cyFLEUUuzXG1Knr8fLu7wA==/base.apk" dev="dm-6" ino=1442119 scontext=u:r:dexoptanalyzer:s0 tcontext=u:object_r:apk_data_file:s0 tclass=file permissive=0 app=com.digitalindeed.converter
04-25 23:33:22.795 11229 11229 I chatty  : uid=10280(com.digitalindeed.converter) identical 3 lines
04-25 23:33:22.809 11229 11229 I chatty  : uid=10280(com.digitalindeed.converter) identical 2 lines
04-25 23:33:22.842 11544 11544 W dexoptanalyzer: Could not get dex checksums for location /data/app/~~z3TZREnj9StUtm0625iilQ==/com.digitalindeed.converter-cyFLEUUuzXG1Knr8fLu7wA==/base.apk, fd=8
04-25 23:33:22.850  1018  3130 I WindowManager: Relayout Window{2ccba25 mode=1 rootTaskId=794 u0 com.digitalindeed.converter/com.digitalindeed.converter.NewMainActivity}: oldVis=4 newVis=0 focusMayChange = true
04-25 23:33:22.850  1063  1471 D installd: Processed secondary dex file /data/user/0/com.digitalindeed.converter/app_pccache/5/F74702BF34192D1A3F4EA4AD3CF80A7123FA1C44/pcam.jar result=1
04-25 23:33:22.853  1063  1471 V installd: DexInv: --- BEGIN '/data/user/0/com.digitalindeed.converter/app_pccache/5/F74702BF34192D1A3F4EA4AD3CF80A7123FA1C44/pcam.jar' ---
04-25 23:33:22.855  1018  3130 V WindowManager: Orientation start waiting for draw, mDrawState=DRAW_PENDING in Window{2ccba25 mode=1 rootTaskId=794 u0 com.digitalindeed.converter/com.digitalindeed.converter.NewMainActivity}, surfaceController Surface(name=com.digitalindeed.converter/com.digitalindeed.converter.NewMainActivity)/@0x39f34e1
04-25 23:33:22.856  1018  1807 I InputDispatcher: setInputWindows displayId=0 Window{696f6f2 mode=1 rootTaskId=1 u0 RoundCorner} Window{31c7cb7 mode=1 rootTaskId=1 u0 RoundCorner} Window{2be8613 mode=1 rootTaskId=1 u0 NavigationBar0} Window{71864b6 mode=1 rootTaskId=1 u0 control_center} Window{4d87a44 mode=1 rootTaskId=1 u0 StatusBar} Window{600f0a4 mode=1 rootTaskId=794 u0 Splash Screen com.digitalindeed.converter} com.digitalindeed.converter/com.digitalindeed.converter.NewMainActivity#0 LauncherMinusOneScreen#0 com.miui.home/com.miui.home.launcher.Launcher#0 Window{6bf4cd3 mode=1 rootTaskId=1 u0 com.miui.miwallpaper.wallpaperservice.MiuiKeyguardPictorialWallpaper} Window{3bf6bc9 mode=1 rootTaskId=1 u0 com.miui.miwallpaper.wallpaperservice.ImageWallpaper}
04-25 23:33:22.860  1018  3130 W WindowManager: Changing focus fromnull to Window{2ccba25 mode=1 rootTaskId=794 u0 com.digitalindeed.converter/com.digitalindeed.converter.NewMainActivity} displayId=0 Callers=com.android.server.wm.RootWindowContainer.updateFocusedWindowLocked:470 com.android.server.wm.WindowManagerService.updateFocusedWindowLocked:6045 com.android.server.wm.WindowManagerService.relayoutWindow:2635 com.android.server.wm.Session.relayout:213
04-25 23:33:22.861  1018  3130 D WindowManager: Input focus has changed to Window{2ccba25 mode=1 rootTaskId=794 u0 com.digitalindeed.converter/com.digitalindeed.converter.NewMainActivity}
04-25 23:33:22.872  1018  1031 I InputDispatcher: setInputWindows displayId=0 Window{696f6f2 mode=1 rootTaskId=1 u0 RoundCorner} Window{31c7cb7 mode=1 rootTaskId=1 u0 RoundCorner} Window{2be8613 mode=1 rootTaskId=1 u0 NavigationBar0} Window{71864b6 mode=1 rootTaskId=1 u0 control_center} Window{4d87a44 mode=1 rootTaskId=1 u0 StatusBar} Window{600f0a4 mode=1 rootTaskId=794 u0 Splash Screen com.digitalindeed.converter} com.digitalindeed.converter/com.digitalindeed.converter.NewMainActivity#0 LauncherMinusOneScreen#0 com.miui.home/com.miui.home.launcher.Launcher#0 Window{6bf4cd3 mode=1 rootTaskId=1 u0 com.miui.miwallpaper.wallpaperservice.MiuiKeyguardPictorialWallpaper} Window{3bf6bc9 mode=1 rootTaskId=1 u0 com.miui.miwallpaper.wallpaperservice.ImageWallpaper}
04-25 23:33:22.878   683  2407 I BufferQueueProducer: [com.digitalindeed.converter/com.digitalindeed.converter.NewMainActivity#0](id:2ab00000127,api:1,p:11229,c:683) connect(): api=1 producerControlledByApp=false
04-25 23:33:22.880 11561 11561 W dex2oat64: /apex/com.android.art/bin/dex2oat64 --zip-fd=7 --zip-location=pcam.jar --input-vdex-fd=-1 --output-vdex-fd=11 --oat-fd=10 --oat-location=/data/user/0/com.digitalindeed.converter/app_pccache/5/F74702BF34192D1A3F4EA4AD3CF80A7123FA1C44/oat/arm64/pcam.odex --instruction-set=arm64 --instruction-set-variant=cortex-a53 --instruction-set-features=default --runtime-arg -Xbootclasspath:/apex/com.android.art/javalib/core-oj.jar:/apex/com.android.art/javalib/core-libart.jar:/apex/com.android.art/javalib/core-icu4j.jar:/apex/com.android.art/javalib/okhttp.jar:/apex/com.android.art/javalib/bouncycastle.jar:/apex/com.android.art/javalib/apache-xml.jar:/system/framework/framework.jar:/system/framework/miuisdk@boot.jar:/system/framework/miuisystemsdk@boot.jar:/system/framework/ext.jar:/system/framework/telephony-common.jar:/system/framework/voip-common.jar:/system/framework/ims-common.jar:/system/framework/framework-atb-backward-compatibility.jar:/system/framework/mediatek-telephony-base.jar:/system/framework/mediatek-telephony-common.jar:/system/framework/mediatek-common.jar:/system/framework/mediatek-framework.jar:/system/framework/OPCommonTelephony.jar:/system/framework/mediatek-ims-common.jar:/system/framework/mediatek-ims-base.jar:/system/framework/mediatek-telecom-common.jar --runtime-arg -Xms64m --runtime-arg -Xmx512m --updatable-bcp-packages-file=/system/etc/updatable-bcp-packages.txt --resolve-startup-const-strings=true --max-image-block-size=524288 --compiler-filter=verify -j6 --swap-fd=12 --classpath-dir=/data/user/0/com.digitalindeed.converter/app_pccache/5/F74702BF34192D1A3F4EA4AD3CF80A7123FA1C44 --class-loader-context=PCL[];PCL[/data/app/~~z3TZREnj9StUtm0625iilQ==/com.digitalindeed.converter-cyFLEUUuzXG1Knr8fLu7wA==/base.apk]{PCL[/system/framework/org.apache.http.legacy.jar]} --class-loader-context-fds=8:9 --generate-mini-debug-info --runtime-arg -Xtarget-sdk-version:30 --runtime-arg -Xhidden-api-policy:enabled --compilation-reason=bg-dexopt
04-25 23:33:22.881 11561 11561 I dex2oat64: /apex/com.android.art/bin/dex2oat64 --input-vdex-fd=-1 --output-vdex-fd=11 --updatable-bcp-packages-file=/system/etc/updatable-bcp-packages.txt --resolve-startup-const-strings=true --max-image-block-size=524288 --compiler-filter=verify -j6 --classpath-dir=/data/user/0/com.digitalindeed.converter/app_pccache/5/F74702BF34192D1A3F4EA4AD3CF80A7123FA1C44 --class-loader-context=PCL[];PCL[/data/app/~~z3TZREnj9StUtm0625iilQ==/com.digitalindeed.converter-cyFLEUUuzXG1Knr8fLu7wA==/base.apk]{PCL[/system/framework/org.apache.http.legacy.jar]} --class-loader-context-fds=8:9 --generate-mini-debug-info --compilation-reason=bg-dexopt
04-25 23:33:22.892  1018  4332 I InputDispatcher: setInputWindows displayId=0 Window{696f6f2 mode=1 rootTaskId=1 u0 RoundCorner} Window{31c7cb7 mode=1 rootTaskId=1 u0 RoundCorner} Window{2be8613 mode=1 rootTaskId=1 u0 NavigationBar0} Window{71864b6 mode=1 rootTaskId=1 u0 control_center} Window{4d87a44 mode=1 rootTaskId=1 u0 StatusBar} Window{600f0a4 mode=1 rootTaskId=794 u0 Splash Screen com.digitalindeed.converter} Window{2ccba25 mode=1 rootTaskId=794 u0 com.digitalindeed.converter/com.digitalindeed.converter.NewMainActivity} LauncherMinusOneScreen#0 com.miui.home/com.miui.home.launcher.Launcher#0 Window{6bf4cd3 mode=1 rootTaskId=1 u0 com.miui.miwallpaper.wallpaperservice.MiuiKeyguardPictorialWallpaper} Window{3bf6bc9 mode=1 rootTaskId=1 u0 com.miui.miwallpaper.wallpaperservice.ImageWallpaper}
04-25 23:33:22.893  1018  4332 I InputDispatcher: Window went away: com.digitalindeed.converter/com.digitalindeed.converter.NewMainActivity#0
04-25 23:33:22.973  1018  4332 I InputDispatcher: setInputWindows displayId=0 Window{696f6f2 mode=1 rootTaskId=1 u0 RoundCorner} Window{31c7cb7 mode=1 rootTaskId=1 u0 RoundCorner} Window{2be8613 mode=1 rootTaskId=1 u0 NavigationBar0} Window{71864b6 mode=1 rootTaskId=1 u0 control_center} Window{4d87a44 mode=1 rootTaskId=1 u0 StatusBar} Window{600f0a4 mode=1 rootTaskId=794 u0 Splash Screen com.digitalindeed.converter} Window{2ccba25 mode=1 rootTaskId=794 u0 com.digitalindeed.converter/com.digitalindeed.converter.NewMainActivity} LauncherMinusOneScreen#0 com.miui.home/com.miui.home.launcher.Launcher#0 Window{6bf4cd3 mode=1 rootTaskId=1 u0 com.miui.miwallpaper.wallpaperservice.MiuiKeyguardPictorialWallpaper} Window{3bf6bc9 mode=1 rootTaskId=1 u0 com.miui.miwallpaper.wallpaperservice.ImageWallpaper}
04-25 23:33:22.984  1018  1230 I Timeline: Timeline: Activity_windows_visible id: ActivityRecord{58a0e6f u0 com.digitalindeed.converter/.NewMainActivity t794} time:4821226
04-25 23:33:22.987   683  2407 I BufferQueueProducer: [Splash Screen com.digitalindeed.converter#0](id:2ab00000126,api:2,p:1018,c:683) disconnect(): api=2
04-25 23:33:22.990  1018  4336 I InputDispatcher: setInputWindows displayId=0 Window{696f6f2 mode=1 rootTaskId=1 u0 RoundCorner} Window{31c7cb7 mode=1 rootTaskId=1 u0 RoundCorner} Window{2be8613 mode=1 rootTaskId=1 u0 NavigationBar0} Window{71864b6 mode=1 rootTaskId=1 u0 control_center} Window{4d87a44 mode=1 rootTaskId=1 u0 StatusBar} Window{600f0a4 mode=1 rootTaskId=794 u0 Splash Screen com.digitalindeed.converter} Window{2ccba25 mode=1 rootTaskId=794 u0 com.digitalindeed.converter/com.digitalindeed.converter.NewMainActivity} LauncherMinusOneScreen#0 com.miui.home/com.miui.home.launcher.Launcher#0 Window{6bf4cd3 mode=1 rootTaskId=1 u0 com.miui.miwallpaper.wallpaperservice.MiuiKeyguardPictorialWallpaper} Window{3bf6bc9 mode=1 rootTaskId=1 u0 com.miui.miwallpaper.wallpaperservice.ImageWallpaper}
04-25 23:33:22.991  1018  4336 I InputDispatcher: Focus entered window: Window{2ccba25 mode=1 rootTaskId=794 u0 com.digitalindeed.converter/com.digitalindeed.converter.NewMainActivity} in display 0
04-25 23:33:22.996  1018  1031 I InputDispatcher: setInputWindows displayId=0 Window{696f6f2 mode=1 rootTaskId=1 u0 RoundCorner} Window{31c7cb7 mode=1 rootTaskId=1 u0 RoundCorner} Window{2be8613 mode=1 rootTaskId=1 u0 NavigationBar0} Window{71864b6 mode=1 rootTaskId=1 u0 control_center} Window{4d87a44 mode=1 rootTaskId=1 u0 StatusBar} Window{600f0a4 mode=1 rootTaskId=794 u0 Splash Screen com.digitalindeed.converter} Window{2ccba25 mode=1 rootTaskId=794 u0 com.digitalindeed.converter/com.digitalindeed.converter.NewMainActivity} LauncherMinusOneScreen#0 com.miui.home/com.miui.home.launcher.Launcher#0 Window{6bf4cd3 mode=1 rootTaskId=1 u0 com.miui.miwallpaper.wallpaperservice.MiuiKeyguardPictorialWallpaper} Window{3bf6bc9 mode=1 rootTaskId=1 u0 com.miui.miwallpaper.wallpaperservice.ImageWallpaper}
04-25 23:33:22.998  1018  1304 D ArtManagerInternalImpl: /data/misc/iorapd/com.digitalindeed.converter/18/com.digitalindeed.converter.NewMainActivity/compiled_traces/compiled_trace.pb doesn't exist
04-25 23:33:23.001  1018  1304 I ActivityTaskManager: Displayed com.digitalindeed.converter/.NewMainActivity: +1s377ms
04-25 23:33:23.013  1018  3130 I InputDispatcher: setInputWindows displayId=0 Window{696f6f2 mode=1 rootTaskId=1 u0 RoundCorner} Window{31c7cb7 mode=1 rootTaskId=1 u0 RoundCorner} Window{2be8613 mode=1 rootTaskId=1 u0 NavigationBar0} Window{71864b6 mode=1 rootTaskId=1 u0 control_center} Window{4d87a44 mode=1 rootTaskId=1 u0 StatusBar} Splash Screen com.digitalindeed.converter#0 Window{2ccba25 mode=1 rootTaskId=794 u0 com.digitalindeed.converter/com.digitalindeed.converter.NewMainActivity} LauncherMinusOneScreen#0 com.miui.home/com.miui.home.launcher.Launcher#0 Window{6bf4cd3 mode=1 rootTaskId=1 u0 com.miui.miwallpaper.wallpaperservice.MiuiKeyguardPictorialWallpaper} Window{3bf6bc9 mode=1 rootTaskId=1 u0 com.miui.miwallpaper.wallpaperservice.ImageWallpaper}
04-25 23:33:23.013  1018  3130 I InputDispatcher: Window went away: Window{600f0a4 mode=1 rootTaskId=794 u0 Splash Screen com.digitalindeed.converter}
04-25 23:33:23.030  1018  3130 I InputDispatcher: setInputWindows displayId=0 Window{696f6f2 mode=1 rootTaskId=1 u0 RoundCorner} Window{31c7cb7 mode=1 rootTaskId=1 u0 RoundCorner} Window{2be8613 mode=1 rootTaskId=1 u0 NavigationBar0} Window{71864b6 mode=1 rootTaskId=1 u0 control_center} Window{4d87a44 mode=1 rootTaskId=1 u0 StatusBar} Splash Screen com.digitalindeed.converter#0 Window{2ccba25 mode=1 rootTaskId=794 u0 com.digitalindeed.converter/com.digitalindeed.converter.NewMainActivity} LauncherMinusOneScreen#0 com.miui.home/com.miui.home.launcher.Launcher#0 Window{6bf4cd3 mode=1 rootTaskId=1 u0 com.miui.miwallpaper.wallpaperservice.MiuiKeyguardPictorialWallpaper} Window{3bf6bc9 mode=1 rootTaskId=1 u0 com.miui.miwallpaper.wallpaperservice.ImageWallpaper}
04-25 23:33:23.041  1018  3130 I InputDispatcher: setInputWindows displayId=0 Window{696f6f2 mode=1 rootTaskId=1 u0 RoundCorner} Window{31c7cb7 mode=1 rootTaskId=1 u0 RoundCorner} Window{2be8613 mode=1 rootTaskId=1 u0 NavigationBar0} Window{71864b6 mode=1 rootTaskId=1 u0 control_center} Window{4d87a44 mode=1 rootTaskId=1 u0 StatusBar} Splash Screen com.digitalindeed.converter#0 Window{2ccba25 mode=1 rootTaskId=794 u0 com.digitalindeed.converter/com.digitalindeed.converter.NewMainActivity} LauncherMinusOneScreen#0 com.miui.home/com.miui.home.launcher.Launcher#0 Window{6bf4cd3 mode=1 rootTaskId=1 u0 com.miui.miwallpaper.wallpaperservice.MiuiKeyguardPictorialWallpaper} Window{3bf6bc9 mode=1 rootTaskId=1 u0 com.miui.miwallpaper.wallpaperservice.ImageWallpaper}
04-25 23:33:23.057  1018  4325 I InputDispatcher: setInputWindows displayId=0 Window{696f6f2 mode=1 rootTaskId=1 u0 RoundCorner} Window{31c7cb7 mode=1 rootTaskId=1 u0 RoundCorner} Window{2be8613 mode=1 rootTaskId=1 u0 NavigationBar0} Window{71864b6 mode=1 rootTaskId=1 u0 control_center} Window{4d87a44 mode=1 rootTaskId=1 u0 StatusBar} Splash Screen com.digitalindeed.converter#0 Window{2ccba25 mode=1 rootTaskId=794 u0 com.digitalindeed.converter/com.digitalindeed.converter.NewMainActivity} LauncherMinusOneScreen#0 com.miui.home/com.miui.home.launcher.Launcher#0 Window{6bf4cd3 mode=1 rootTaskId=1 u0 com.miui.miwallpaper.wallpaperservice.MiuiKeyguardPictorialWallpaper} Window{3bf6bc9 mode=1 rootTaskId=1 u0 com.miui.miwallpaper.wallpaperservice.ImageWallpaper}
04-25 23:33:23.057   683  2160 I BufferQueueProducer: [com.digitalindeed.converter/com.digitalindeed.converter.NewMainActivity#0](id:2ab00000127,api:1,p:11229,c:683) disconnect(): api=1
04-25 23:33:23.058   683  2160 I BufferQueueProducer: [com.digitalindeed.converter/com.digitalindeed.converter.NewMainActivity#0](id:2ab00000127,api:1,p:11229,c:683) connect(): api=1 producerControlledByApp=false
04-25 23:33:23.073  1018  1876 I InputDispatcher: setInputWindows displayId=0 Window{696f6f2 mode=1 rootTaskId=1 u0 RoundCorner} Window{31c7cb7 mode=1 rootTaskId=1 u0 RoundCorner} Window{2be8613 mode=1 rootTaskId=1 u0 NavigationBar0} Window{71864b6 mode=1 rootTaskId=1 u0 control_center} Window{4d87a44 mode=1 rootTaskId=1 u0 StatusBar} Splash Screen com.digitalindeed.converter#0 Window{2ccba25 mode=1 rootTaskId=794 u0 com.digitalindeed.converter/com.digitalindeed.converter.NewMainActivity} LauncherMinusOneScreen#0 com.miui.home/com.miui.home.launcher.Launcher#0 Window{6bf4cd3 mode=1 rootTaskId=1 u0 com.miui.miwallpaper.wallpaperservice.MiuiKeyguardPictorialWallpaper} Window{3bf6bc9 mode=1 rootTaskId=1 u0 com.miui.miwallpaper.wallpaperservice.ImageWallpaper}
04-25 23:33:23.089  1018  4336 I InputDispatcher: setInputWindows displayId=0 Window{696f6f2 mode=1 rootTaskId=1 u0 RoundCorner} Window{31c7cb7 mode=1 rootTaskId=1 u0 RoundCorner} Window{2be8613 mode=1 rootTaskId=1 u0 NavigationBar0} Window{71864b6 mode=1 rootTaskId=1 u0 control_center} Window{4d87a44 mode=1 rootTaskId=1 u0 StatusBar} Splash Screen com.digitalindeed.converter#0 Window{2ccba25 mode=1 rootTaskId=794 u0 com.digitalindeed.converter/com.digitalindeed.converter.NewMainActivity} LauncherMinusOneScreen#0 com.miui.home/com.miui.home.launcher.Launcher#0 Window{6bf4cd3 mode=1 rootTaskId=1 u0 com.miui.miwallpaper.wallpaperservice.MiuiKeyguardPictorialWallpaper} Window{3bf6bc9 mode=1 rootTaskId=1 u0 com.miui.miwallpaper.wallpaperservice.ImageWallpaper}
04-25 23:33:23.095  8383  8383 I GoogleInputMethodService: GoogleInputMethodService.onStartInput():1898 onStartInput(EditorInfo{inputType=0x0(NULL) imeOptions=0x0 privateImeOptions=null actionName=UNSPECIFIED actionLabel=null actionId=0 initialSelStart=-1 initialSelEnd=-1 initialCapsMode=0x0 hintText=null label=null packageName=com.digitalindeed.converter fieldId=-1 fieldName=null extras=null hintLocales=[]}, false)
04-25 23:33:23.107  1018  1807 I InputDispatcher: setInputWindows displayId=0 Window{696f6f2 mode=1 rootTaskId=1 u0 RoundCorner} Window{31c7cb7 mode=1 rootTaskId=1 u0 RoundCorner} Window{2be8613 mode=1 rootTaskId=1 u0 NavigationBar0} Window{71864b6 mode=1 rootTaskId=1 u0 control_center} Window{4d87a44 mode=1 rootTaskId=1 u0 StatusBar} Splash Screen com.digitalindeed.converter#0 Window{2ccba25 mode=1 rootTaskId=794 u0 com.digitalindeed.converter/com.digitalindeed.converter.NewMainActivity} LauncherMinusOneScreen#0 com.miui.home/com.miui.home.launcher.Launcher#0 Window{6bf4cd3 mode=1 rootTaskId=1 u0 com.miui.miwallpaper.wallpaperservice.MiuiKeyguardPictorialWallpaper} Window{3bf6bc9 mode=1 rootTaskId=1 u0 com.miui.miwallpaper.wallpaperservice.ImageWallpaper}
04-25 23:33:23.125  1018  1876 I InputDispatcher: setInputWindows displayId=0 Window{696f6f2 mode=1 rootTaskId=1 u0 RoundCorner} Window{31c7cb7 mode=1 rootTaskId=1 u0 RoundCorner} Window{2be8613 mode=1 rootTaskId=1 u0 NavigationBar0} Window{71864b6 mode=1 rootTaskId=1 u0 control_center} Window{4d87a44 mode=1 rootTaskId=1 u0 StatusBar} Splash Screen com.digitalindeed.converter#0 Window{2ccba25 mode=1 rootTaskId=794 u0 com.digitalindeed.converter/com.digitalindeed.converter.NewMainActivity} LauncherMinusOneScreen#0 com.miui.home/com.miui.home.launcher.Launcher#0 Window{6bf4cd3 mode=1 rootTaskId=1 u0 com.miui.miwallpaper.wallpaperservice.MiuiKeyguardPictorialWallpaper} Window{3bf6bc9 mode=1 rootTaskId=1 u0 com.miui.miwallpaper.wallpaperservice.ImageWallpaper}
04-25 23:33:23.141  1018  4332 I InputDispatcher: setInputWindows displayId=0 Window{696f6f2 mode=1 rootTaskId=1 u0 RoundCorner} Window{31c7cb7 mode=1 rootTaskId=1 u0 RoundCorner} Window{2be8613 mode=1 rootTaskId=1 u0 NavigationBar0} Window{71864b6 mode=1 rootTaskId=1 u0 control_center} Window{4d87a44 mode=1 rootTaskId=1 u0 StatusBar} Splash Screen com.digitalindeed.converter#0 Window{2ccba25 mode=1 rootTaskId=794 u0 com.digitalindeed.converter/com.digitalindeed.converter.NewMainActivity} Window{6bf4cd3 mode=1 rootTaskId=1 u0 com.miui.miwallpaper.wallpaperservice.MiuiKeyguardPictorialWallpaper} Window{3bf6bc9 mode=1 rootTaskId=1 u0 com.miui.miwallpaper.wallpaperservice.ImageWallpaper}
04-25 23:33:23.152  1018  3130 I InputDispatcher: setInputWindows displayId=0 Window{696f6f2 mode=1 rootTaskId=1 u0 RoundCorner} Window{31c7cb7 mode=1 rootTaskId=1 u0 RoundCorner} Window{2be8613 mode=1 rootTaskId=1 u0 NavigationBar0} Window{71864b6 mode=1 rootTaskId=1 u0 control_center} Window{4d87a44 mode=1 rootTaskId=1 u0 StatusBar} Splash Screen com.digitalindeed.converter#0 Window{2ccba25 mode=1 rootTaskId=794 u0 com.digitalindeed.converter/com.digitalindeed.converter.NewMainActivity} Window{6bf4cd3 mode=1 rootTaskId=1 u0 com.miui.miwallpaper.wallpaperservice.MiuiKeyguardPictorialWallpaper} Window{3bf6bc9 mode=1 rootTaskId=1 u0 com.miui.miwallpaper.wallpaperservice.ImageWallpaper}
04-25 23:33:23.156  1018  3130 I InputDispatcher: setInputWindows displayId=0 Window{696f6f2 mode=1 rootTaskId=1 u0 RoundCorner} Window{31c7cb7 mode=1 rootTaskId=1 u0 RoundCorner} Window{2be8613 mode=1 rootTaskId=1 u0 NavigationBar0} Window{71864b6 mode=1 rootTaskId=1 u0 control_center} Window{4d87a44 mode=1 rootTaskId=1 u0 StatusBar} Splash Screen com.digitalindeed.converter#0 Window{2ccba25 mode=1 rootTaskId=794 u0 com.digitalindeed.converter/com.digitalindeed.converter.NewMainActivity} Window{6bf4cd3 mode=1 rootTaskId=1 u0 com.miui.miwallpaper.wallpaperservice.MiuiKeyguardPictorialWallpaper} Window{3bf6bc9 mode=1 rootTaskId=1 u0 com.miui.miwallpaper.wallpaperservice.ImageWallpaper}
04-25 23:33:23.172   683   683 I BufferQueueConsumer: [Splash Screen com.digitalindeed.converter#0](id:2ab00000126,api:0,p:-1,c:683) disconnect()
04-25 23:33:23.172   683   683 I BufferQueue: [Splash Screen com.digitalindeed.converter#0](this:0xb400007035d80458,id:294,api:2,p:-1,c:-1) onDestructor()
04-25 23:33:23.173  1018  4336 I InputDispatcher: setInputWindows displayId=0 Window{696f6f2 mode=1 rootTaskId=1 u0 RoundCorner} Window{31c7cb7 mode=1 rootTaskId=1 u0 RoundCorner} Window{2be8613 mode=1 rootTaskId=1 u0 NavigationBar0} Window{71864b6 mode=1 rootTaskId=1 u0 control_center} Window{4d87a44 mode=1 rootTaskId=1 u0 StatusBar} Window{2ccba25 mode=1 rootTaskId=794 u0 com.digitalindeed.converter/com.digitalindeed.converter.NewMainActivity} Window{6bf4cd3 mode=1 rootTaskId=1 u0 com.miui.miwallpaper.wallpaperservice.MiuiKeyguardPictorialWallpaper} Window{3bf6bc9 mode=1 rootTaskId=1 u0 com.miui.miwallpaper.wallpaperservice.ImageWallpaper}
04-25 23:33:23.174  1018  4336 I InputDispatcher: Window went away: Splash Screen com.digitalindeed.converter#0
04-25 23:33:23.190  1018  4332 I InputDispatcher: setInputWindows displayId=0 Window{696f6f2 mode=1 rootTaskId=1 u0 RoundCorner} Window{31c7cb7 mode=1 rootTaskId=1 u0 RoundCorner} Window{2be8613 mode=1 rootTaskId=1 u0 NavigationBar0} Window{71864b6 mode=1 rootTaskId=1 u0 control_center} Window{4d87a44 mode=1 rootTaskId=1 u0 StatusBar} Window{2ccba25 mode=1 rootTaskId=794 u0 com.digitalindeed.converter/com.digitalindeed.converter.NewMainActivity} Window{6bf4cd3 mode=1 rootTaskId=1 u0 com.miui.miwallpaper.wallpaperservice.MiuiKeyguardPictorialWallpaper} Window{3bf6bc9 mode=1 rootTaskId=1 u0 com.miui.miwallpaper.wallpaperservice.ImageWallpaper}
