04-25 23:28:35.073  1018  4334 I InputDispatcher: setInputWindows displayId=0 Window{696f6f2 mode=1 rootTaskId=1 u0 RoundCorner} Window{31c7cb7 mode=1 rootTaskId=1 u0 RoundCorner} Window{2be8613 mode=1 rootTaskId=1 u0 NavigationBar0} Window{71864b6 mode=1 rootTaskId=1 u0 control_center} Window{4d87a44 mode=1 rootTaskId=1 u0 StatusBar} Window{58eb11b mode=1 rootTaskId=783 u0 com.digitalindeed.converter/com.digitalindeed.converter.NewMainActivity} Window{6bf4cd3 mode=1 rootTaskId=1 u0 com.miui.miwallpaper.wallpaperservice.MiuiKeyguardPictorialWallpaper} Window{3bf6bc9 mode=1 rootTaskId=1 u0 com.miui.miwallpaper.wallpaperservice.ImageWallpaper}
04-25 23:28:35.106  1018  4334 I InputDispatcher: setInputWindows displayId=0 Window{696f6f2 mode=1 rootTaskId=1 u0 RoundCorner} Window{31c7cb7 mode=1 rootTaskId=1 u0 RoundCorner} Window{2be8613 mode=1 rootTaskId=1 u0 NavigationBar0} Window{71864b6 mode=1 rootTaskId=1 u0 control_center} Window{4d87a44 mode=1 rootTaskId=1 u0 StatusBar} Window{58eb11b mode=1 rootTaskId=783 u0 com.digitalindeed.converter/com.digitalindeed.converter.NewMainActivity} Window{6bf4cd3 mode=1 rootTaskId=1 u0 com.miui.miwallpaper.wallpaperservice.MiuiKeyguardPictorialWallpaper} Window{3bf6bc9 mode=1 rootTaskId=1 u0 com.miui.miwallpaper.wallpaperservice.ImageWallpaper}
04-25 23:28:35.114  1018  3779 W WindowManager: Changing focus fromWindow{58eb11b mode=1 rootTaskId=783 u0 com.digitalindeed.converter/com.digitalindeed.converter.NewMainActivity} to null displayId=0 Callers=com.android.server.wm.RootWindowContainer.updateFocusedWindowLocked:470 com.android.server.wm.WindowManagerService.updateFocusedWindowLocked:6045 com.android.server.wm.DisplayContent.setFocusedApp:5769 com.android.server.wm.ActivityTaskManagerService.setResumedActivityUncheckLocked:5743
04-25 23:28:35.115   656   688 I mtkpower@impl: [notifyAppState] act com.digitalindeed.converter.NewMainActivity => com.digitalindeed.converter.activities.CurrencyActivity
04-25 23:28:35.123  1018  4334 I InputDispatcher: setInputWindows displayId=0 Window{696f6f2 mode=1 rootTaskId=1 u0 RoundCorner} Window{31c7cb7 mode=1 rootTaskId=1 u0 RoundCorner} Window{2be8613 mode=1 rootTaskId=1 u0 NavigationBar0} Window{71864b6 mode=1 rootTaskId=1 u0 control_center} Window{4d87a44 mode=1 rootTaskId=1 u0 StatusBar} Window{58eb11b mode=1 rootTaskId=783 u0 com.digitalindeed.converter/com.digitalindeed.converter.NewMainActivity} Window{6bf4cd3 mode=1 rootTaskId=1 u0 com.miui.miwallpaper.wallpaperservice.MiuiKeyguardPictorialWallpaper} Window{3bf6bc9 mode=1 rootTaskId=1 u0 com.miui.miwallpaper.wallpaperservice.ImageWallpaper}
04-25 23:28:35.140  1018  3097 I InputDispatcher: setInputWindows displayId=0 Window{696f6f2 mode=1 rootTaskId=1 u0 RoundCorner} Window{31c7cb7 mode=1 rootTaskId=1 u0 RoundCorner} Window{2be8613 mode=1 rootTaskId=1 u0 NavigationBar0} Window{71864b6 mode=1 rootTaskId=1 u0 control_center} Window{4d87a44 mode=1 rootTaskId=1 u0 StatusBar} com.digitalindeed.converter/com.digitalindeed.converter.NewMainActivity#0 Window{6bf4cd3 mode=1 rootTaskId=1 u0 com.miui.miwallpaper.wallpaperservice.MiuiKeyguardPictorialWallpaper} Window{3bf6bc9 mode=1 rootTaskId=1 u0 com.miui.miwallpaper.wallpaperservice.ImageWallpaper}
04-25 23:28:35.140  1018  3097 I InputDispatcher: Focus left window: Window{58eb11b mode=1 rootTaskId=783 u0 com.digitalindeed.converter/com.digitalindeed.converter.NewMainActivity} in display 0
04-25 23:28:35.140  1018  3097 I InputDispatcher: Window went away: Window{58eb11b mode=1 rootTaskId=783 u0 com.digitalindeed.converter/com.digitalindeed.converter.NewMainActivity}
04-25 23:28:35.317  9105  9105 E AndroidRuntime: Process: com.digitalindeed.converter, PID: 9105
04-25 23:28:35.317  9105  9105 E AndroidRuntime: java.lang.NullPointerException: Attempt to invoke virtual method 'java.util.List com.digitalindeed.converter.models.Conversion.getUnits()' on a null object reference
04-25 23:28:35.317  9105  9105 E AndroidRuntime:        at com.digitalindeed.converter.util.Conversions.hasCurrency(Conversions.java:710)
04-25 23:28:35.317  9105  9105 E AndroidRuntime:        at com.digitalindeed.converter.presenters.ConversionPresenter.onGetUnitsToDisplay(ConversionPresenter.java:180)
04-25 23:28:35.317  9105  9105 E AndroidRuntime:        at com.digitalindeed.converter.fragments.ConversionFragment.onViewStateRestored(ConversionFragment.java:217)
04-25 23:28:35.317  9105  9105 E AndroidRuntime:        at com.digitalindeed.converter.activities.CurrencyActivity.onStart(CurrencyActivity.java:70)
04-25 23:28:35.550   656   738 I libPowerHal: [perfNotifyAppState] pack:com.digitalindeed.converter, pid:9105, STATE_DEAD
04-25 23:28:35.551  1018  3779 W ActivityTaskManager:   Force finishing activity com.digitalindeed.converter/.activities.CurrencyActivity
04-25 23:28:35.552  2066  2086 D LauncherFsGestureCompat: componentName is com.digitalindeed.converter/.activities.CurrencyActivity
04-25 23:28:35.556  1018  3779 W ActivityTaskManager:   Force finishing activity com.digitalindeed.converter/.NewMainActivity
04-25 23:28:35.563  2066  2086 D LauncherFsGestureCompat: componentName is com.digitalindeed.converter/.NewMainActivity
04-25 23:28:35.570  1018  1747 W PreloadController: notify...pkgName=com.digitalindeed.converter, userId=0, processName=com.digitalindeed.converter, pid=9105, reason=killself
04-25 23:28:35.573  1018  3779 I InputDispatcher: setInputWindows displayId=0 Window{696f6f2 mode=1 rootTaskId=1 u0 RoundCorner} Window{31c7cb7 mode=1 rootTaskId=1 u0 RoundCorner} Window{2be8613 mode=1 rootTaskId=1 u0 NavigationBar0} Window{71864b6 mode=1 rootTaskId=1 u0 control_center} Window{4d87a44 mode=1 rootTaskId=1 u0 StatusBar} com.digitalindeed.converter/com.digitalindeed.converter.NewMainActivity#0 Window{6bf4cd3 mode=1 rootTaskId=1 u0 com.miui.miwallpaper.wallpaperservice.MiuiKeyguardPictorialWallpaper} Window{3bf6bc9 mode=1 rootTaskId=1 u0 com.miui.miwallpaper.wallpaperservice.ImageWallpaper}
04-25 23:28:35.590  1018  3097 I InputDispatcher: setInputWindows displayId=0 Window{696f6f2 mode=1 rootTaskId=1 u0 RoundCorner} Window{31c7cb7 mode=1 rootTaskId=1 u0 RoundCorner} Window{2be8613 mode=1 rootTaskId=1 u0 NavigationBar0} Window{71864b6 mode=1 rootTaskId=1 u0 control_center} Window{4d87a44 mode=1 rootTaskId=1 u0 StatusBar} com.digitalindeed.converter/com.digitalindeed.converter.NewMainActivity#0 Window{6bf4cd3 mode=1 rootTaskId=1 u0 com.miui.miwallpaper.wallpaperservice.MiuiKeyguardPictorialWallpaper} Window{3bf6bc9 mode=1 rootTaskId=1 u0 com.miui.miwallpaper.wallpaperservice.ImageWallpaper}
04-25 23:28:35.676   683  2160 I BufferQueueProducer: [com.digitalindeed.converter/com.digitalindeed.converter.NewMainActivity#0](id:2ab000000d7,api:1,p:9105,c:683) disconnect(): api=1
04-25 23:28:35.676  1018  2299 I WindowManager: WIN DEATH: Window{58eb11b mode=1 rootTaskId=783 u0 com.digitalindeed.converter/com.digitalindeed.converter.NewMainActivity}
04-25 23:28:35.676  1018  2299 W InputDispatcher: Attempted to unregister already unregistered input channel '58eb11b com.digitalindeed.converter/com.digitalindeed.converter.NewMainActivity (server)'
04-25 23:28:35.676  1018  4333 D MtkConnectivityService: ConnectivityService NetworkRequestInfo binderDied(NetworkRequest [ TRACK_DEFAULT id=343, [ Capabilities: INTERNET&NOT_RESTRICTED&TRUSTED Uid: 10280 AdministratorUids: [] RequestorUid: 10280 RequestorPackageName: com.digitalindeed.converter] ], android.os.BinderProxy@6422305)
04-25 23:28:35.677  1018  2296 D MtkConnectivityService: ConnectivityService NetworkRequestInfo binderDied(NetworkRequest [ TRACK_DEFAULT id=339, [ Capabilities: INTERNET&NOT_RESTRICTED&TRUSTED Uid: 10280 AdministratorUids: [] RequestorUid: 10280 RequestorPackageName: com.digitalindeed.converter] ], android.os.BinderProxy@137758b)
04-25 23:28:35.677  1018  3785 D MtkConnectivityService: ConnectivityService NetworkRequestInfo binderDied(NetworkRequest [ LISTEN id=340, [ Capabilities: INTERNET&NOT_RESTRICTED&TRUSTED&FOREGROUND Uid: 10280 AdministratorUids: [] RequestorUid: 10280 RequestorPackageName: com.digitalindeed.converter] ], android.os.BinderProxy@eef9668)
04-25 23:28:35.677  1018  2296 D MtkConnectivityService: ConnectivityService NetworkRequestInfo binderDied(NetworkRequest [ TRACK_DEFAULT id=338, [ Capabilities: INTERNET&NOT_RESTRICTED&TRUSTED Uid: 10280 AdministratorUids: [] RequestorUid: 10280 RequestorPackageName: com.digitalindeed.converter] ], android.os.BinderProxy@846ea81)
04-25 23:28:35.680  1018  1747 I ActivityManager: Process com.digitalindeed.converter (pid 9105) has died: prcp TOP
04-25 23:28:35.690  1018  2299 I InputDispatcher: Window went away: com.digitalindeed.converter/com.digitalindeed.converter.NewMainActivity#0
04-25 23:28:35.692   683   683 I BufferQueueConsumer: [com.digitalindeed.converter/com.digitalindeed.converter.NewMainActivity#0](id:2ab000000d7,api:0,p:-1,c:683) disconnect()
04-25 23:28:35.692   683   683 I BufferQueue: [com.digitalindeed.converter/com.digitalindeed.converter.NewMainActivity#0](this:0xb40000700e779458,id:215,api:1,p:-1,c:-1) onDestructor()
04-25 23:28:35.695   656   738 I libPowerHal: [perfNotifyAppState] pack:com.digitalindeed.converter, pid:9105, STATE_DEAD
04-25 23:28:35.698  1018  1747 D WindowManager: removeChild,stack:Task{bbe5b45 #783 visible=true type=standard mode=fullscreen translucent=true A=10280:com.digitalindeed.converter U=0 StackId=783 sz=0}
04-25 23:28:35.706  6171  7780 D PerfEngineController: ForegroundInfo{mForegroundPackageName='com.miui.home', mForegroundUid=10108, mForegroundPid=2066, mLastForegroundPackageName='com.digitalindeed.converter', mLastForegroundUid=10280, mLastForegroundPid=9105, mMultiWindowForegroundPackageName='null', mMultiWindowForegroundUid=-1, mFlags=0}
04-25 23:28:35.707  3535  5149 I ProcessMonitor: onForegroundInfoChanged: ForegroundInfo{mForegroundPackageName='com.miui.home', mForegroundUid=10108, mForegroundPid=2066, mLastForegroundPackageName='com.digitalindeed.converter', mLastForegroundUid=10280, mLastForegroundPid=9105, mMultiWindowForegroundPackageName='null', mMultiWindowForegroundUid=-1, mFlags=0}
04-25 23:28:35.749   656   738 I libPowerHal: [perfNotifyAppState] pack:com.digitalindeed.converter, pid:9241, STATE_DEAD
04-25 23:28:36.052  1018  1229 W ActivityTaskManager: Activity top resumed state loss timeout for ActivityRecord{7bcd0f2 u0 com.digitalindeed.converter/.activities.CurrencyActivity t-1 f}}
04-25 23:28:36.055   656   688 I mtkpower@impl: [notifyAppState] pc:0, com.digitalindeed.converter => com.miui.home
